Archive member included because of file (symbol)

/home/formica/toolchains/arm-cs-tools/bin/../lib/gcc/arm-none-eabi/4.6.3/../../../../arm-none-eabi/lib/thumb2/libc.a(lib_a-memset.o)
                              build/obj/syscalls.o (memset)

Discarded input sections

 .text          0x0000000000000000        0x0 build/obj/crt0.o
 .data          0x0000000000000000        0x0 build/obj/crt0.o
 .bss           0x0000000000000000        0x0 build/obj/crt0.o
 .text.__early_init
                0x0000000000000000       0x10 build/obj/crt0.o
 .text          0x0000000000000000        0x0 build/obj/vectors.o
 .data          0x0000000000000000        0x0 build/obj/vectors.o
 .bss           0x0000000000000000        0x0 build/obj/vectors.o
 .text          0x0000000000000000        0x0 build/obj/chcore.o
 .data          0x0000000000000000        0x0 build/obj/chcore.o
 .bss           0x0000000000000000        0x0 build/obj/chcore.o
 .text          0x0000000000000000        0x0 build/obj/chcore_v7m.o
 .data          0x0000000000000000        0x0 build/obj/chcore_v7m.o
 .bss           0x0000000000000000        0x0 build/obj/chcore_v7m.o
 .text          0x0000000000000000        0x0 build/obj/nvic.o
 .data          0x0000000000000000        0x0 build/obj/nvic.o
 .bss           0x0000000000000000        0x0 build/obj/nvic.o
 .text.nvicDisableVector
                0x0000000000000000       0x40 build/obj/nvic.o
 .text          0x0000000000000000        0x0 build/obj/chsys.o
 .data          0x0000000000000000        0x0 build/obj/chsys.o
 .bss           0x0000000000000000        0x0 build/obj/chsys.o
 .text          0x0000000000000000        0x0 build/obj/chdebug.o
 .data          0x0000000000000000        0x0 build/obj/chdebug.o
 .bss           0x0000000000000000        0x0 build/obj/chdebug.o
 .text.dbg_check_disable
                0x0000000000000000       0x40 build/obj/chdebug.o
 .text.dbg_check_suspend
                0x0000000000000000       0x40 build/obj/chdebug.o
 .text          0x0000000000000000        0x0 build/obj/chlists.o
 .data          0x0000000000000000        0x0 build/obj/chlists.o
 .bss           0x0000000000000000        0x0 build/obj/chlists.o
 .debug_info    0x0000000000000000       0x73 build/obj/chlists.o
 .debug_abbrev  0x0000000000000000       0x2a build/obj/chlists.o
 .debug_line    0x0000000000000000       0x1d build/obj/chlists.o
 .debug_str     0x0000000000000000       0xea build/obj/chlists.o
 .comment       0x0000000000000000       0x4f build/obj/chlists.o
 .ARM.attributes
                0x0000000000000000       0x33 build/obj/chlists.o
 .text          0x0000000000000000        0x0 build/obj/chvt.o
 .data          0x0000000000000000        0x0 build/obj/chvt.o
 .bss           0x0000000000000000        0x0 build/obj/chvt.o
 .text.chTimeIsWithin
                0x0000000000000000       0x40 build/obj/chvt.o
 .text          0x0000000000000000        0x0 build/obj/chschd.o
 .data          0x0000000000000000        0x0 build/obj/chschd.o
 .bss           0x0000000000000000        0x0 build/obj/chschd.o
 .text.chSchRescheduleS
                0x0000000000000000       0x30 build/obj/chschd.o
 .text          0x0000000000000000        0x0 build/obj/chthreads.o
 .data          0x0000000000000000        0x0 build/obj/chthreads.o
 .bss           0x0000000000000000        0x0 build/obj/chthreads.o
 .text._thread_memfill
                0x0000000000000000       0x40 build/obj/chthreads.o
 .text.chThdSetPriority
                0x0000000000000000       0x50 build/obj/chthreads.o
 .text.chThdResume
                0x0000000000000000       0x40 build/obj/chthreads.o
 .text.chThdTerminate
                0x0000000000000000       0x30 build/obj/chthreads.o
 .text.chThdSleepUntil
                0x0000000000000000       0x30 build/obj/chthreads.o
 .text.chThdYield
                0x0000000000000000       0x40 build/obj/chthreads.o
 .text.chThdWait
                0x0000000000000000       0x80 build/obj/chthreads.o
 .text          0x0000000000000000        0x0 build/obj/chdynamic.o
 .data          0x0000000000000000        0x0 build/obj/chdynamic.o
 .bss           0x0000000000000000        0x0 build/obj/chdynamic.o
 .text.chThdAddRef
                0x0000000000000000       0x50 build/obj/chdynamic.o
 .text.chThdRelease
                0x0000000000000000       0x80 build/obj/chdynamic.o
 .text.chThdCreateFromHeap
                0x0000000000000000       0x70 build/obj/chdynamic.o
 .text.chThdCreateFromMemoryPool
                0x0000000000000000       0x80 build/obj/chdynamic.o
 .rodata.str1.4
                0x0000000000000000       0x48 build/obj/chdynamic.o
 .debug_info    0x0000000000000000      0x782 build/obj/chdynamic.o
 .debug_abbrev  0x0000000000000000      0x196 build/obj/chdynamic.o
 .debug_loc     0x0000000000000000      0x324 build/obj/chdynamic.o
 .debug_aranges
                0x0000000000000000       0x38 build/obj/chdynamic.o
[...]
Memory Configuration

Name             Origin             Length             Attributes
flash            0x0000000008000000 0x0000000000020000
ram              0x0000000020000000 0x0000000000005000
*default*        0x0000000000000000 0xffffffffffffffff

Linker script and memory map

LOAD build/obj/crt0.o
LOAD build/obj/vectors.o
LOAD build/obj/chcore.o
LOAD build/obj/chcore_v7m.o
LOAD build/obj/nvic.o
LOAD build/obj/chsys.o
LOAD build/obj/chdebug.o
LOAD build/obj/chlists.o
LOAD build/obj/chvt.o
LOAD build/obj/chschd.o
LOAD build/obj/chthreads.o
LOAD build/obj/chdynamic.o
LOAD build/obj/chregistry.o
LOAD build/obj/chsem.o
LOAD build/obj/chmtx.o
LOAD build/obj/chcond.o
LOAD build/obj/chevents.o
LOAD build/obj/chmsg.o
LOAD build/obj/chmboxes.o
LOAD build/obj/chqueues.o
LOAD build/obj/chmemcore.o
LOAD build/obj/chheap.o
LOAD build/obj/chmempools.o
LOAD build/obj/hal.o
LOAD build/obj/adc.o
LOAD build/obj/can.o
LOAD build/obj/ext.o
LOAD build/obj/gpt.o
LOAD build/obj/i2c.o
LOAD build/obj/icu.o
LOAD build/obj/mac.o
LOAD build/obj/mmc_spi.o
LOAD build/obj/mmcsd.o
LOAD build/obj/pal.o
LOAD build/obj/pwm.o
LOAD build/obj/rtc.o
LOAD build/obj/sdc.o
LOAD build/obj/serial.o
LOAD build/obj/serial_usb.o
LOAD build/obj/spi.o
LOAD build/obj/tm.o
LOAD build/obj/uart.o
LOAD build/obj/usb.o
LOAD build/obj/stm32_dma.o
LOAD build/obj/hal_lld.o
LOAD build/obj/adc_lld.o
LOAD build/obj/ext_lld_isr.o
LOAD build/obj/can_lld.o
LOAD build/obj/ext_lld.o
LOAD build/obj/gpt_lld.o
LOAD build/obj/icu_lld.o
LOAD build/obj/mac_lld.o
LOAD build/obj/pwm_lld.o
LOAD build/obj/serial_lld.o
LOAD build/obj/sdc_lld.o
LOAD build/obj/spi_lld.o
LOAD build/obj/pal_lld.o
LOAD build/obj/i2c_lld.o
LOAD build/obj/rtc_lld.o
LOAD build/obj/uart_lld.o
LOAD build/obj/usb_lld.o
LOAD build/obj/board.o
LOAD build/obj/evtimer.o
LOAD build/obj/syscalls.o
LOAD build/obj/main.o
START GROUP
LOAD /home/formica/toolchains/arm-cs-tools/bin/../lib/gcc/arm-none-eabi/4.6.3/thumb2/libgcc.a
LOAD /home/formica/toolchains/arm-cs-tools/bin/../lib/gcc/arm-none-eabi/4.6.3/../../../../arm-none-eabi/lib/thumb2/libc.a
END GROUP
                0x0000000000000400                __main_stack_size__ = 0x400
                0x0000000000000400                __process_stack_size__ = 0x400
                0x0000000020000000                __ram_start__ = ORIGIN (ram)
                0x0000000000005000                __ram_size__ = 0x5000
                0x0000000020005000                __ram_end__ = (__ram_start__ + __ram_size__)
                0x0000000000000000                . = 0x0
                0x0000000000000000                _text = .

startup         0x0000000008000000       0xec
 *(vectors)
 vectors        0x0000000008000000       0xec build/obj/vectors.o
                0x0000000008000000                _vectors

constructors    0x00000000080000ec        0x0
                0x00000000080000ec                PROVIDE (__init_array_start, .)
 *(SORT(.init_array.*))
 *(.init_array)
                0x00000000080000ec                PROVIDE (__init_array_end, .)

destructors     0x00000000080000ec        0x0
                0x00000000080000ec                PROVIDE (__fini_array_start, .)
 *(.fini_array)
 *(SORT(.fini_array.*))
                0x00000000080000ec                PROVIDE (__fini_array_end, .)

.text           0x00000000080000f0     0x2450
 *(.text.startup.*)
 .text.startup.main
                0x00000000080000f0       0xa0 build/obj/main.o
                0x00000000080000f0                main
 *(.text)
 *(.text.*)
 .text.__late_init
                0x0000000008000190       0x10 build/obj/crt0.o
                0x0000000008000190                __late_init
 .text._default_exit
                0x00000000080001a0       0x10 build/obj/crt0.o
                0x00000000080001a0                _default_exit
 .text.ResetHandler
                0x00000000080001b0      0x1e0 build/obj/crt0.o
                0x00000000080001b0                ResetHandler
 .text._unhandled_exception
                0x0000000008000390       0x10 build/obj/vectors.o
                0x0000000008000390                Vector58
                0x0000000008000390                VectorE8
                0x0000000008000390                Vector9C
                0x0000000008000390                VectorAC
                0x0000000008000390                Vector5C
                0x0000000008000390                NMIVector
                0x0000000008000390                Vector8C
                0x0000000008000390                VectorDC
                0x0000000008000390                VectorC8
                0x0000000008000390                Vector94
                0x0000000008000390                VectorA8
                0x0000000008000390                VectorB4
                0x0000000008000390                UsageFaultVector
                0x0000000008000390                DebugMonitorVector
                0x0000000008000390                Vector40
                0x0000000008000390                VectorBC
                0x0000000008000390                PendSVVector
                0x0000000008000390                Vector64
                0x0000000008000390                VectorCC
                0x0000000008000390                Vector54
                0x0000000008000390                Vector98
                0x0000000008000390                VectorD8
                0x0000000008000390                Vector24
                0x0000000008000390                BusFaultVector
                0x0000000008000390                VectorD0
                0x0000000008000390                VectorE4
                0x0000000008000390                VectorC0
                0x0000000008000390                HardFaultVector
                0x0000000008000390                VectorE0
                0x0000000008000390                MemManageVector
                0x0000000008000390                VectorA0
                0x0000000008000390                VectorC4
                0x0000000008000390                VectorB0
                0x0000000008000390                Vector90
                0x0000000008000390                Vector60
                0x0000000008000390                Vector1C
                0x0000000008000390                Vector48
                0x0000000008000390                VectorD4
                0x0000000008000390                Vector4C
                0x0000000008000390                Vector68
                0x0000000008000390                _unhandled_exception
                0x0000000008000390                Vector88
                0x0000000008000390                Vector50
                0x0000000008000390                Vector44
                0x0000000008000390                Vector28
                0x0000000008000390                VectorB8
                0x0000000008000390                Vector34
                0x0000000008000390                VectorA4
                0x0000000008000390                Vector20
 .text.port_halt
                0x00000000080003a0       0x10 build/obj/chcore.o
                0x00000000080003a0                port_halt
 .text._port_switch_from_isr
                0x00000000080003b0       0x10 build/obj/chcore_v7m.o
                0x00000000080003b0                _port_switch_from_isr
 .text.SVCallVector
                0x00000000080003c0       0x20 build/obj/chcore_v7m.o
                0x00000000080003c0                SVCallVector
 .text._port_init
                0x00000000080003e0       0x40 build/obj/chcore_v7m.o
                0x00000000080003e0                _port_init
 .text._port_irq_epilogue
                0x0000000008000420       0x80 build/obj/chcore_v7m.o
                0x0000000008000420                _port_irq_epilogue
 .text.SysTickVector
                0x00000000080004a0       0x30 build/obj/chcore_v7m.o
                0x00000000080004a0                SysTickVector
 .text._port_switch
                0x00000000080004d0       0x10 build/obj/chcore_v7m.o
                0x00000000080004d0                _port_switch
 .text._port_thread_start
                0x00000000080004e0       0x20 build/obj/chcore_v7m.o
                0x00000000080004e0                _port_thread_start
 .text.nvicEnableVector
                0x0000000008000500       0x50 build/obj/nvic.o
                0x0000000008000500                nvicEnableVector
 .text.nvicSetSystemHandlerPriority
                0x0000000008000550       0x40 build/obj/nvic.o
                0x0000000008000550                nvicSetSystemHandlerPriority
 .text._idle_thread
                0x0000000008000590       0x20 build/obj/chsys.o
                0x0000000008000590                _idle_thread
 .text.chSysInit
                0x00000000080005b0       0x80 build/obj/chsys.o
                0x00000000080005b0                chSysInit
 .text.chSysTimerHandlerI
                0x0000000008000630       0x70 build/obj/chsys.o
                0x0000000008000630                chSysTimerHandlerI
 .text.dbg_check_enable
                0x00000000080006a0       0x40 build/obj/chdebug.o
                0x00000000080006a0                dbg_check_enable
 .text.dbg_check_lock
                0x00000000080006e0       0x40 build/obj/chdebug.o
                0x00000000080006e0                dbg_check_lock
 .text.dbg_check_unlock
                0x0000000008000720       0x40 build/obj/chdebug.o
                0x0000000008000720                dbg_check_unlock
 .text.dbg_check_lock_from_isr
                0x0000000008000760       0x40 build/obj/chdebug.o
                0x0000000008000760                dbg_check_lock_from_isr
 .text.dbg_check_unlock_from_isr
                0x00000000080007a0       0x50 build/obj/chdebug.o
                0x00000000080007a0                dbg_check_unlock_from_isr
 .text.dbg_check_enter_isr
                0x00000000080007f0       0x50 build/obj/chdebug.o
                0x00000000080007f0                dbg_check_enter_isr
 .text.dbg_check_leave_isr
                0x0000000008000840       0x50 build/obj/chdebug.o
                0x0000000008000840                dbg_check_leave_isr
 .text.chDbgCheckClassI
                0x0000000008000890       0x40 build/obj/chdebug.o
                0x0000000008000890                chDbgCheckClassI
 .text.chDbgCheckClassS
                0x00000000080008d0       0x40 build/obj/chdebug.o
                0x00000000080008d0                chDbgCheckClassS
 .text._trace_init
                0x0000000008000910       0x20 build/obj/chdebug.o
                0x0000000008000910                _trace_init
 .text.dbg_trace
                0x0000000008000930       0x50 build/obj/chdebug.o
                0x0000000008000930                dbg_trace
 .text.chDbgPanic
                0x0000000008000980       0x10 build/obj/chdebug.o
                0x0000000008000980                chDbgPanic
 .text._vt_init
                0x0000000008000990       0x20 build/obj/chvt.o
                0x0000000008000990                _vt_init
 .text.chVTSetI
                0x00000000080009b0       0x70 build/obj/chvt.o
                0x00000000080009b0                chVTSetI
 .text.chVTResetI
                0x0000000008000a20       0x50 build/obj/chvt.o
                0x0000000008000a20                chVTResetI
 .text._scheduler_init
                0x0000000008000a70       0x20 build/obj/chschd.o
                0x0000000008000a70                _scheduler_init
 .text.chSchReadyI
                0x0000000008000a90       0x60 build/obj/chschd.o
                0x0000000008000a90                chSchReadyI
 .text.wakeup   0x0000000008000af0       0x60 build/obj/chschd.o
 .text.chSchGoSleepS
                0x0000000008000b50       0x60 build/obj/chschd.o
                0x0000000008000b50                chSchGoSleepS
 .text.chSchGoSleepTimeoutS
                0x0000000008000bb0       0x60 build/obj/chschd.o
                0x0000000008000bb0                chSchGoSleepTimeoutS
 .text.chSchWakeupS
                0x0000000008000c10       0x60 build/obj/chschd.o
                0x0000000008000c10                chSchWakeupS
 .text.chSchDoRescheduleBehind
                0x0000000008000c70       0x50 build/obj/chschd.o
                0x0000000008000c70                chSchDoRescheduleBehind
 .text.chSchDoRescheduleAhead
                0x0000000008000cc0       0x60 build/obj/chschd.o
                0x0000000008000cc0                chSchDoRescheduleAhead
 .text.chSchDoReschedule
                0x0000000008000d20       0x20 build/obj/chschd.o
                0x0000000008000d20                chSchDoReschedule
 .text._thread_init
                0x0000000008000d40       0x60 build/obj/chthreads.o
                0x0000000008000d40                _thread_init
 .text.chThdCreateI
                0x0000000008000da0       0x70 build/obj/chthreads.o
                0x0000000008000da0                chThdCreateI
 .text.chThdCreateStatic
                0x0000000008000e10       0x90 build/obj/chthreads.o
                0x0000000008000e10                chThdCreateStatic
 .text.chThdSleep
                0x0000000008000ea0       0x30 build/obj/chthreads.o
                0x0000000008000ea0                chThdSleep
 .text.chThdExitS
                0x0000000008000ed0       0x60 build/obj/chthreads.o
                0x0000000008000ed0                chThdExitS
 .text.chThdExit
                0x0000000008000f30       0x20 build/obj/chthreads.o
                0x0000000008000f30                chThdExit
 .text.chMtxInit
                0x0000000008000f50       0x30 build/obj/chmtx.o
                0x0000000008000f50                chMtxInit
 .text.chMtxLockS
                0x0000000008000f80      0x110 build/obj/chmtx.o
                0x0000000008000f80                chMtxLockS
 .text.chMtxLock
                0x0000000008001090       0x20 build/obj/chmtx.o
                0x0000000008001090                chMtxLock
 .text.chMtxUnlock
                0x00000000080010b0       0xa0 build/obj/chmtx.o
                0x00000000080010b0                chMtxUnlock
 .text._core_init
                0x0000000008001150       0x30 build/obj/chmemcore.o
                0x0000000008001150                _core_init
 .text.chCoreAllocI
                0x0000000008001180       0x40 build/obj/chmemcore.o
                0x0000000008001180                chCoreAllocI
 .text.chCoreAlloc
                0x00000000080011c0       0x30 build/obj/chmemcore.o
                0x00000000080011c0                chCoreAlloc
 .text._heap_init
                0x00000000080011f0       0x20 build/obj/chheap.o
                0x00000000080011f0                _heap_init
 .text.halInit  0x0000000008001210       0x30 build/obj/hal.o
                0x0000000008001210                halInit
 .text.spiInit  0x0000000008001240       0x10 build/obj/spi.o
                0x0000000008001240                spiInit
 .text.spiObjectInit
                0x0000000008001250       0x10 build/obj/spi.o
                0x0000000008001250                spiObjectInit
 .text.spiStart
                0x0000000008001260       0x60 build/obj/spi.o
                0x0000000008001260                spiStart
 .text.spiSelect
                0x00000000080012c0       0x50 build/obj/spi.o
                0x00000000080012c0                spiSelect
 .text.spiUnselect
                0x0000000008001310       0x50 build/obj/spi.o
                0x0000000008001310                spiUnselect
 .text.spiExchange
                0x0000000008001360       0xb0 build/obj/spi.o
                0x0000000008001360                spiExchange
 .text.spiAcquireBus
                0x0000000008001410       0x20 build/obj/spi.o
                0x0000000008001410                spiAcquireBus
 .text.spiReleaseBus
                0x0000000008001430       0x20 build/obj/spi.o
                0x0000000008001430                spiReleaseBus
 .text.tm_start
                0x0000000008001450       0x10 build/obj/tm.o
 .text.tm_stop  0x0000000008001460       0x40 build/obj/tm.o
 .text.tmInit   0x00000000080014a0       0x50 build/obj/tm.o
                0x00000000080014a0                tmInit
 .text.Vector6C
                0x00000000080014f0       0x30 build/obj/stm32_dma.o
                0x00000000080014f0                Vector6C
 .text.Vector70
                0x0000000008001520       0x40 build/obj/stm32_dma.o
                0x0000000008001520                Vector70
 .text.Vector74
                0x0000000008001560       0x40 build/obj/stm32_dma.o
                0x0000000008001560                Vector74
 .text.Vector78
                0x00000000080015a0       0x40 build/obj/stm32_dma.o
                0x00000000080015a0                Vector78
 .text.Vector7C
                0x00000000080015e0       0x40 build/obj/stm32_dma.o
                0x00000000080015e0                Vector7C
 .text.Vector80
                0x0000000008001620       0x40 build/obj/stm32_dma.o
                0x0000000008001620                Vector80
 .text.Vector84
                0x0000000008001660       0x40 build/obj/stm32_dma.o
                0x0000000008001660                Vector84
 .text.dmaInit  0x00000000080016a0       0x80 build/obj/stm32_dma.o
                0x00000000080016a0                dmaInit
 .text.dmaStreamAllocate
                0x0000000008001720       0xb0 build/obj/stm32_dma.o
                0x0000000008001720                dmaStreamAllocate
 .text.hal_lld_init
                0x00000000080017d0       0xc0 build/obj/hal_lld.o
                0x00000000080017d0                hal_lld_init
 .text.stm32_clock_init
                0x0000000008001890       0xb0 build/obj/hal_lld.o
                0x0000000008001890                stm32_clock_init
 .text.spi_lld_serve_tx_interrupt
                0x0000000008001940       0x10 build/obj/spi_lld.o
 .text.spi_lld_serve_rx_interrupt
                0x0000000008001950       0x80 build/obj/spi_lld.o
 .text.spi_lld_init
                0x00000000080019d0       0x80 build/obj/spi_lld.o
                0x00000000080019d0                spi_lld_init
 .text.spi_lld_start
                0x0000000008001a50      0x150 build/obj/spi_lld.o
                0x0000000008001a50                spi_lld_start
 .text.spi_lld_select
                0x0000000008001ba0       0x10 build/obj/spi_lld.o
                0x0000000008001ba0                spi_lld_select
 .text.spi_lld_unselect
                0x0000000008001bb0       0x10 build/obj/spi_lld.o
                0x0000000008001bb0                spi_lld_unselect
 .text.spi_lld_exchange
                0x0000000008001bc0       0x40 build/obj/spi_lld.o
                0x0000000008001bc0                spi_lld_exchange
 .text._pal_lld_init
                0x0000000008001c00       0x90 build/obj/pal_lld.o
                0x0000000008001c00                _pal_lld_init
 .text._pal_lld_setgroupmode
                0x0000000008001c90      0x150 build/obj/pal_lld.o
                0x0000000008001c90                _pal_lld_setgroupmode
 .text.__early_init
                0x0000000008001de0       0x10 build/obj/board.o
                0x0000000008001de0                __early_init
 .text.boardInit
                0x0000000008001df0       0x10 build/obj/board.o
                0x0000000008001df0                boardInit
 .text.spi_thread_2
                0x0000000008001e00       0x90 build/obj/main.o
 .text.spi_thread_1
                0x0000000008001e90       0x90 build/obj/main.o
 *(.rodata)
 *(.rodata.*)
 .rodata.str1.4
                0x0000000008001f20        0x5 build/obj/chsys.o
                                          0x8 (size before relaxing)
 *fill*         0x0000000008001f25        0xb 00
 .rodata.str1.4
                0x0000000008001f30       0x56 build/obj/chdebug.o
                                         0x58 (size before relaxing)
 *fill*         0x0000000008001f86        0xa 00
 .rodata.str1.4
                0x0000000008001f90       0x31 build/obj/chvt.o
                                         0x34 (size before relaxing)
 *fill*         0x0000000008001fc1        0xf 00
 .rodata.str1.4
                0x0000000008001fd0       0x23 build/obj/chschd.o
                                         0x24 (size before relaxing)
 *fill*         0x0000000008001ff3        0xd 00
 .rodata.str1.4
                0x0000000008002000       0x94 build/obj/chthreads.o
 *fill*         0x0000000008002094        0xc 00
 .rodata.ch_debug
                0x00000000080020a0       0x18 build/obj/chregistry.o
                0x00000000080020a0                ch_debug
 *fill*         0x00000000080020b8        0x8 00
 .rodata.str1.4
                0x00000000080020c0       0xab build/obj/chmtx.o
                                         0xac (size before relaxing)
 *fill*         0x000000000800216b        0x5 00
 .rodata.str1.4
                0x0000000008002170      0x236 build/obj/spi.o
                                        0x238 (size before relaxing)
 *fill*         0x00000000080023a6        0xa 00
 .rodata.str1.4
                0x00000000080023b0       0x31 build/obj/stm32_dma.o
                                         0x34 (size before relaxing)
 *fill*         0x00000000080023e1        0xf 00
 .rodata._stm32_dma_streams
                0x00000000080023f0       0x54 build/obj/stm32_dma.o
                0x00000000080023f0                _stm32_dma_streams
 *fill*         0x0000000008002444        0xc 00
 .rodata.str1.4
                0x0000000008002450       0x50 build/obj/spi_lld.o
 .rodata.cfgtab.6022
                0x00000000080024a0       0x14 build/obj/pal_lld.o
 *fill*         0x00000000080024b4        0xc 00
 .rodata.pal_default_config
                0x00000000080024c0       0x3c build/obj/board.o
                0x00000000080024c0                pal_default_config
 *fill*         0x00000000080024fc        0x4 00
 .rodata.ls_spicfg
                0x0000000008002500        0xc build/obj/main.o
 *fill*         0x000000000800250c        0x4 00
 .rodata.hs_spicfg
                0x0000000008002510        0xc build/obj/main.o
 *fill*         0x000000000800251c        0x4 00
 .rodata.str1.4
                0x0000000008002520       0x20 build/obj/main.o
 *(.glue_7t)
 .glue_7t       0x0000000000000000        0x0 linker stubs
 *(.glue_7)
 .glue_7        0x0000000000000000        0x0 linker stubs
 *(.gcc*)

.vfp11_veneer   0x0000000008002540        0x0
 .vfp11_veneer  0x0000000000000000        0x0 linker stubs

.v4_bx          0x0000000008002540        0x0
 .v4_bx         0x0000000000000000        0x0 linker stubs

.iplt           0x0000000008002540        0x0
 .iplt          0x0000000000000000        0x0 build/obj/crt0.o

.rel.dyn        0x0000000008002540        0x0
 .rel.iplt      0x0000000000000000        0x0 build/obj/crt0.o

.ARM.extab
 *(.ARM.extab* .gnu.linkonce.armextab.*)

.ARM.exidx      0x0000000008002540        0x0
                0x0000000008002540                PROVIDE (__exidx_start, .)
 *(.ARM.exidx* .gnu.linkonce.armexidx.*)
                0x0000000008002540                PROVIDE (__exidx_end, .)

.eh_frame_hdr
 *(.eh_frame_hdr)

.eh_frame
 *(.eh_frame)

.textalign      0x0000000008002540        0x0
                0x0000000008002540                . = ALIGN (0x8)
                0x0000000008002540                _etext = .
                0x0000000008002540                _textdata = _etext

.stacks         0x0000000020000000      0x800
                0x0000000020000000                . = ALIGN (0x8)
                0x0000000020000000                __main_stack_base__ = .
                0x0000000020000400                . = (. + __main_stack_size__)
 *fill*         0x0000000020000000      0x400 00
                0x0000000020000400                . = ALIGN (0x8)
                0x0000000020000400                __main_stack_end__ = .
                0x0000000020000400                __process_stack_base__ = .
                0x0000000020000400                __main_thread_stack_base__ = .
                0x0000000020000800                . = (. + __process_stack_size__)
 *fill*         0x0000000020000400      0x400 00
                0x0000000020000800                . = ALIGN (0x8)
                0x0000000020000800                __process_stack_end__ = .
                0x0000000020000800                __main_thread_stack_end__ = .

.data           0x0000000020000800        0x0 load address 0x0000000008002540
                0x0000000020000800                . = ALIGN (0x4)
                0x0000000020000800                PROVIDE (_data, .)
 *(.data)
                0x0000000020000800                . = ALIGN (0x4)
 *(.data.*)
                0x0000000020000800                . = ALIGN (0x4)
 *(.ramtext)
                0x0000000020000800                . = ALIGN (0x4)
                0x0000000020000800                PROVIDE (_edata, .)

.igot.plt       0x0000000020000800        0x0 load address 0x0000000008002540
 .igot.plt      0x0000000000000000        0x0 build/obj/crt0.o

.bss            0x0000000020000800      0xd80 load address 0x0000000008002540
                0x0000000020000800                . = ALIGN (0x4)
                0x0000000020000800                PROVIDE (_bss_start, .)
 *(.bss)
                0x0000000020000800                . = ALIGN (0x4)
 *(.bss.*)
 .bss.mainthread.4697
                0x0000000020000800       0x4c build/obj/chsys.o
 *fill*         0x000000002000084c        0x4 00
 .bss._idle_thread_wa
                0x0000000020000850       0xc0 build/obj/chsys.o
                0x0000000020000850                _idle_thread_wa
 .bss.dbg_isr_cnt
                0x0000000020000910        0x4 build/obj/chdebug.o
                0x0000000020000910                dbg_isr_cnt
 .bss.dbg_trace_buffer
                0x0000000020000914      0x408 build/obj/chdebug.o
                0x0000000020000914                dbg_trace_buffer
 .bss.dbg_lock_cnt
                0x0000000020000d1c        0x4 build/obj/chdebug.o
                0x0000000020000d1c                dbg_lock_cnt
 .bss.dbg_panic_msg
                0x0000000020000d20        0x4 build/obj/chdebug.o
                0x0000000020000d20                dbg_panic_msg
 .bss.vtlist    0x0000000020000d24       0x10 build/obj/chvt.o
                0x0000000020000d24                vtlist
 .bss.rlist     0x0000000020000d34       0x1c build/obj/chschd.o
                0x0000000020000d34                rlist
 .bss.endmem    0x0000000020000d50        0x4 build/obj/chmemcore.o
 .bss.nextmem   0x0000000020000d54        0x4 build/obj/chmemcore.o
 .bss.default_heap
                0x0000000020000d58       0x20 build/obj/chheap.o
 .bss.measurement_offset
                0x0000000020000d78        0x4 build/obj/tm.o
 .bss.dma_isr_redir
                0x0000000020000d7c       0x38 build/obj/stm32_dma.o
 .bss.dma_streams_mask
                0x0000000020000db4        0x4 build/obj/stm32_dma.o
 .bss.dummytx   0x0000000020000db8        0x2 build/obj/spi_lld.o
 *fill*         0x0000000020000dba        0x2 00
 .bss.SPID1     0x0000000020000dbc       0x30 build/obj/spi_lld.o
                0x0000000020000dbc                SPID1
 .bss.SPID2     0x0000000020000dec       0x30 build/obj/spi_lld.o
                0x0000000020000dec                SPID2
 *fill*         0x0000000020000e1c        0x4 00
 .bss.spi_thread_2_wa
                0x0000000020000e20      0x1b0 build/obj/main.o
 .bss.spi_thread_1_wa
                0x0000000020000fd0      0x1b0 build/obj/main.o
 .bss.txbuf     0x0000000020001180      0x200 build/obj/main.o
 .bss.rxbuf     0x0000000020001380      0x200 build/obj/main.o
                0x0000000020001580                . = ALIGN (0x4)
 *(COMMON)
                0x0000000020001580                . = ALIGN (0x4)
                0x0000000020001580                PROVIDE (_bss_end, .)
                0x0000000020001580                PROVIDE (end, .)
                0x0000000020001580                _end = .
                0x0000000020001580                __heap_base__ = _end
                0x0000000020005000                __heap_end__ = __ram_end__
OUTPUT(build/ch.elf elf32-littlearm)

.debug_info     0x0000000000000000     0x89e0
 .debug_info    0x0000000000000000      0x29c build/obj/crt0.o
 .debug_info    0x000000000000029c      0x1e0 build/obj/vectors.o
 .debug_info    0x000000000000047c       0x8b build/obj/chcore.o
 .debug_info    0x0000000000000507      0x807 build/obj/chcore_v7m.o
 .debug_info    0x0000000000000d0e      0x439 build/obj/nvic.o
 .debug_info    0x0000000000001147      0x7c7 build/obj/chsys.o
 .debug_info    0x000000000000190e      0x95a build/obj/chdebug.o
 .debug_info    0x0000000000002268      0x273 build/obj/chvt.o
 .debug_info    0x00000000000024db      0x8c3 build/obj/chschd.o
 .debug_info    0x0000000000002d9e      0xb53 build/obj/chthreads.o
 .debug_info    0x00000000000038f1      0x688 build/obj/chregistry.o
 .debug_info    0x0000000000003f79      0x969 build/obj/chmtx.o
 .debug_info    0x00000000000048e2      0x1da build/obj/chmemcore.o
 .debug_info    0x0000000000004abc      0x667 build/obj/chheap.o
 .debug_info    0x0000000000005123      0x2d8 build/obj/hal.o
 .debug_info    0x00000000000053fb      0xe84 build/obj/spi.o
 .debug_info    0x000000000000627f      0x2cf build/obj/tm.o
 .debug_info    0x000000000000654e      0x626 build/obj/stm32_dma.o
 .debug_info    0x0000000000006b74      0x3a3 build/obj/hal_lld.o
 .debug_info    0x0000000000006f17      0xc4a build/obj/spi_lld.o
 .debug_info    0x0000000000007b61      0x38a build/obj/pal_lld.o
 .debug_info    0x0000000000007eeb      0x177 build/obj/board.o
 .debug_info    0x0000000000008062      0x97e build/obj/main.o

.debug_abbrev   0x0000000000000000     0x21f6
 .debug_abbrev  0x0000000000000000       0xd9 build/obj/crt0.o
 .debug_abbrev  0x00000000000000d9       0xae build/obj/vectors.o
 .debug_abbrev  0x0000000000000187       0x41 build/obj/chcore.o
 .debug_abbrev  0x00000000000001c8      0x18e build/obj/chcore_v7m.o
 .debug_abbrev  0x0000000000000356       0xec build/obj/nvic.o
 .debug_abbrev  0x0000000000000442      0x187 build/obj/chsys.o
 .debug_abbrev  0x00000000000005c9      0x210 build/obj/chdebug.o
 .debug_abbrev  0x00000000000007d9      0x12c build/obj/chvt.o
 .debug_abbrev  0x0000000000000905      0x28a build/obj/chschd.o
 .debug_abbrev  0x0000000000000b8f      0x2a5 build/obj/chthreads.o
 .debug_abbrev  0x0000000000000e34      0x148 build/obj/chregistry.o
 .debug_abbrev  0x0000000000000f7c      0x237 build/obj/chmtx.o
 .debug_abbrev  0x00000000000011b3       0xfd build/obj/chmemcore.o
 .debug_abbrev  0x00000000000012b0      0x1a3 build/obj/chheap.o
 .debug_abbrev  0x0000000000001453      0x16e build/obj/hal.o
 .debug_abbrev  0x00000000000015c1      0x207 build/obj/spi.o
 .debug_abbrev  0x00000000000017c8      0x1af build/obj/tm.o
 .debug_abbrev  0x0000000000001977      0x18a build/obj/stm32_dma.o
 .debug_abbrev  0x0000000000001b01       0xf6 build/obj/hal_lld.o
 .debug_abbrev  0x0000000000001bf7      0x26c build/obj/spi_lld.o
 .debug_abbrev  0x0000000000001e63      0x138 build/obj/pal_lld.o
 .debug_abbrev  0x0000000000001f9b       0xa9 build/obj/board.o
 .debug_abbrev  0x0000000000002044      0x1b2 build/obj/main.o

.debug_loc      0x0000000000000000     0x2d19
 .debug_loc     0x0000000000000000       0x96 build/obj/crt0.o
 .debug_loc     0x0000000000000096      0x114 build/obj/chcore_v7m.o
 .debug_loc     0x00000000000001aa      0x115 build/obj/nvic.o
 .debug_loc     0x00000000000002bf       0xed build/obj/chsys.o
 .debug_loc     0x00000000000003ac      0x1fa build/obj/chdebug.o
 .debug_loc     0x00000000000005a6      0x138 build/obj/chvt.o
 .debug_loc     0x00000000000006de      0x344 build/obj/chschd.o
 .debug_loc     0x0000000000000a22      0x657 build/obj/chthreads.o
 .debug_loc     0x0000000000001079       0xf4 build/obj/chregistry.o
 .debug_loc     0x000000000000116d      0x59d build/obj/chmtx.o
 .debug_loc     0x000000000000170a       0xcb build/obj/chmemcore.o
 .debug_loc     0x00000000000017d5      0x2c8 build/obj/chheap.o
 .debug_loc     0x0000000000001a9d       0x8f build/obj/hal.o
 .debug_loc     0x0000000000001b2c      0x760 build/obj/spi.o
 .debug_loc     0x000000000000228c       0x97 build/obj/tm.o
 .debug_loc     0x0000000000002323      0x302 build/obj/stm32_dma.o
 .debug_loc     0x0000000000002625       0x20 build/obj/hal_lld.o
 .debug_loc     0x0000000000002645      0x3d7 build/obj/spi_lld.o
 .debug_loc     0x0000000000002a1c      0x24c build/obj/pal_lld.o
 .debug_loc     0x0000000000002c68       0xb1 build/obj/main.o

.debug_aranges  0x0000000000000000      0x650
 .debug_aranges
                0x0000000000000000       0x38 build/obj/crt0.o
 .debug_aranges
                0x0000000000000038       0x20 build/obj/vectors.o
 .debug_aranges
                0x0000000000000058       0x20 build/obj/chcore.o
 .debug_aranges
                0x0000000000000078       0x50 build/obj/chcore_v7m.o
 .debug_aranges
                0x00000000000000c8       0x30 build/obj/nvic.o
 .debug_aranges
                0x00000000000000f8       0x30 build/obj/chsys.o
 .debug_aranges
                0x0000000000000128       0x88 build/obj/chdebug.o
 .debug_aranges
                0x00000000000001b0       0x38 build/obj/chvt.o
 .debug_aranges
                0x00000000000001e8       0x68 build/obj/chschd.o
 .debug_aranges
                0x0000000000000250       0x80 build/obj/chthreads.o
 .debug_aranges
                0x00000000000002d0       0x28 build/obj/chregistry.o
 .debug_aranges
                0x00000000000002f8       0x58 build/obj/chmtx.o
 .debug_aranges
                0x0000000000000350       0x38 build/obj/chmemcore.o
 .debug_aranges
                0x0000000000000388       0x40 build/obj/chheap.o
 .debug_aranges
                0x00000000000003c8       0x30 build/obj/hal.o
 .debug_aranges
                0x00000000000003f8       0x98 build/obj/spi.o
 .debug_aranges
                0x0000000000000490       0x38 build/obj/tm.o
 .debug_aranges
                0x00000000000004c8       0x68 build/obj/stm32_dma.o
 .debug_aranges
                0x0000000000000530       0x28 build/obj/hal_lld.o
 .debug_aranges
                0x0000000000000558       0x78 build/obj/spi_lld.o
 .debug_aranges
                0x00000000000005d0       0x28 build/obj/pal_lld.o
 .debug_aranges
                0x00000000000005f8       0x28 build/obj/board.o
 .debug_aranges
                0x0000000000000620       0x30 build/obj/main.o

.debug_ranges   0x0000000000000000      0xa80
 .debug_ranges  0x0000000000000000       0x58 build/obj/crt0.o
 .debug_ranges  0x0000000000000058       0x10 build/obj/vectors.o
 .debug_ranges  0x0000000000000068       0x10 build/obj/chcore.o
 .debug_ranges  0x0000000000000078       0x58 build/obj/chcore_v7m.o
 .debug_ranges  0x00000000000000d0       0x20 build/obj/nvic.o
 .debug_ranges  0x00000000000000f0       0x20 build/obj/chsys.o
 .debug_ranges  0x0000000000000110       0xf0 build/obj/chdebug.o
 .debug_ranges  0x0000000000000200       0x28 build/obj/chvt.o
 .debug_ranges  0x0000000000000228      0x1d8 build/obj/chschd.o
 .debug_ranges  0x0000000000000400      0x118 build/obj/chthreads.o
 .debug_ranges  0x0000000000000518       0x18 build/obj/chregistry.o
 .debug_ranges  0x0000000000000530      0x230 build/obj/chmtx.o
 .debug_ranges  0x0000000000000760       0x40 build/obj/chmemcore.o
 .debug_ranges  0x00000000000007a0       0x30 build/obj/chheap.o
 .debug_ranges  0x00000000000007d0       0x50 build/obj/hal.o
 .debug_ranges  0x0000000000000820       0x88 build/obj/spi.o
 .debug_ranges  0x00000000000008a8       0x60 build/obj/tm.o
 .debug_ranges  0x0000000000000908       0x58 build/obj/stm32_dma.o
 .debug_ranges  0x0000000000000960       0x38 build/obj/hal_lld.o
 .debug_ranges  0x0000000000000998       0x98 build/obj/spi_lld.o
 .debug_ranges  0x0000000000000a30       0x18 build/obj/pal_lld.o
 .debug_ranges  0x0000000000000a48       0x18 build/obj/board.o
 .debug_ranges  0x0000000000000a60       0x20 build/obj/main.o

.debug_line     0x0000000000000000     0x3515
 .debug_line    0x0000000000000000      0x155 build/obj/crt0.o
 .debug_line    0x0000000000000155       0xd8 build/obj/vectors.o
 .debug_line    0x000000000000022d       0x56 build/obj/chcore.o
 .debug_line    0x0000000000000283      0x209 build/obj/chcore_v7m.o
 .debug_line    0x000000000000048c      0x117 build/obj/nvic.o
 .debug_line    0x00000000000005a3      0x1b1 build/obj/chsys.o
 .debug_line    0x0000000000000754      0x32e build/obj/chdebug.o
 .debug_line    0x0000000000000a82      0x19c build/obj/chvt.o
 .debug_line    0x0000000000000c1e      0x35d build/obj/chschd.o
 .debug_line    0x0000000000000f7b      0x39d build/obj/chthreads.o
 .debug_line    0x0000000000001318      0x1e7 build/obj/chregistry.o
 .debug_line    0x00000000000014ff      0x3aa build/obj/chmtx.o
 .debug_line    0x00000000000018a9      0x16f build/obj/chmemcore.o
 .debug_line    0x0000000000001a18      0x2b0 build/obj/chheap.o
 .debug_line    0x0000000000001cc8      0x214 build/obj/hal.o
 .debug_line    0x0000000000001edc      0x558 build/obj/spi.o
 .debug_line    0x0000000000002434      0x1eb build/obj/tm.o
 .debug_line    0x000000000000261f      0x299 build/obj/stm32_dma.o
 .debug_line    0x00000000000028b8      0x1d0 build/obj/hal_lld.o
 .debug_line    0x0000000000002a88      0x44b build/obj/spi_lld.o
 .debug_line    0x0000000000002ed3      0x209 build/obj/pal_lld.o
 .debug_line    0x00000000000030dc      0x153 build/obj/board.o
 .debug_line    0x000000000000322f      0x2e6 build/obj/main.o

.debug_str      0x0000000000000000     0x198e
 .debug_str     0x0000000000000000      0x1d1 build/obj/crt0.o
                                        0x20a (size before relaxing)
 .debug_str     0x00000000000001d1      0x139 build/obj/vectors.o
                                        0x226 (size before relaxing)
 .debug_str     0x000000000000030a       0x30 build/obj/chcore.o
                                         0xf9 (size before relaxing)
 .debug_str     0x000000000000033a      0x2b3 build/obj/chcore_v7m.o
                                        0x3a3 (size before relaxing)
 .debug_str     0x00000000000005ed       0xbe build/obj/nvic.o
                                        0x1f0 (size before relaxing)
 .debug_str     0x00000000000006ab      0x1cd build/obj/chsys.o
                                        0x46c (size before relaxing)
 .debug_str     0x0000000000000878      0x1a6 build/obj/chdebug.o
                                        0x499 (size before relaxing)
 .debug_str     0x0000000000000a1e       0x58 build/obj/chvt.o
                                        0x19d (size before relaxing)
 .debug_str     0x0000000000000a76       0xfa build/obj/chschd.o
                                        0x3d9 (size before relaxing)
 .debug_str     0x0000000000000b70      0x10b build/obj/chthreads.o
                                        0x40f (size before relaxing)
 .debug_str     0x0000000000000c7b       0x45 build/obj/chregistry.o
                                        0x3db (size before relaxing)
 .debug_str     0x0000000000000cc0       0x8d build/obj/chmtx.o
                                        0x347 (size before relaxing)
 .debug_str     0x0000000000000d4d       0x7e build/obj/chmemcore.o
                                        0x164 (size before relaxing)
 .debug_str     0x0000000000000dcb       0xc1 build/obj/chheap.o
                                        0x32f (size before relaxing)
 .debug_str     0x0000000000000e8c       0xfc build/obj/hal.o
                                        0x1e3 (size before relaxing)
 .debug_str     0x0000000000000f88      0x286 build/obj/spi.o
                                        0x555 (size before relaxing)
 .debug_str     0x000000000000120e       0x71 build/obj/tm.o
                                        0x1ad (size before relaxing)
 .debug_str     0x000000000000127f      0x421 build/obj/stm32_dma.o
                                        0x597 (size before relaxing)
 .debug_str     0x00000000000016a0       0xcf build/obj/hal_lld.o
                                        0x242 (size before relaxing)
 .debug_str     0x000000000000176f      0x12c build/obj/spi_lld.o
                                        0x5d7 (size before relaxing)
 .debug_str     0x000000000000189b       0x65 build/obj/pal_lld.o
                                        0x218 (size before relaxing)
 .debug_str     0x0000000000001900       0x34 build/obj/board.o
                                        0x17b (size before relaxing)
 .debug_str     0x0000000000001934       0x5a build/obj/main.o
                                        0x4dd (size before relaxing)

.comment        0x0000000000000000       0x4e
 .comment       0x0000000000000000       0x4e build/obj/crt0.o
                                         0x4f (size before relaxing)
 .comment       0x0000000000000000       0x4f build/obj/vectors.o
 .comment       0x0000000000000000       0x4f build/obj/chcore.o
 .comment       0x0000000000000000       0x4f build/obj/chcore_v7m.o
 .comment       0x0000000000000000       0x4f build/obj/nvic.o
 .comment       0x0000000000000000       0x4f build/obj/chsys.o
 .comment       0x0000000000000000       0x4f build/obj/chdebug.o
 .comment       0x0000000000000000       0x4f build/obj/chvt.o
 .comment       0x0000000000000000       0x4f build/obj/chschd.o
 .comment       0x0000000000000000       0x4f build/obj/chthreads.o
 .comment       0x0000000000000000       0x4f build/obj/chregistry.o
 .comment       0x0000000000000000       0x4f build/obj/chmtx.o
 .comment       0x0000000000000000       0x4f build/obj/chmemcore.o
 .comment       0x0000000000000000       0x4f build/obj/chheap.o
 .comment       0x0000000000000000       0x4f build/obj/hal.o
 .comment       0x0000000000000000       0x4f build/obj/spi.o
 .comment       0x0000000000000000       0x4f build/obj/tm.o
 .comment       0x0000000000000000       0x4f build/obj/stm32_dma.o
 .comment       0x0000000000000000       0x4f build/obj/hal_lld.o
 .comment       0x0000000000000000       0x4f build/obj/spi_lld.o
 .comment       0x0000000000000000       0x4f build/obj/pal_lld.o
 .comment       0x0000000000000000       0x4f build/obj/board.o
 .comment       0x0000000000000000       0x4f build/obj/main.o

.ARM.attributes
                0x0000000000000000       0x33
 .ARM.attributes
                0x0000000000000000       0x33 build/obj/crt0.o
 .ARM.attributes
                0x0000000000000033       0x33 build/obj/vectors.o
 .ARM.attributes
                0x0000000000000066       0x33 build/obj/chcore.o
 .ARM.attributes
                0x0000000000000099       0x33 build/obj/chcore_v7m.o
 .ARM.attributes
                0x00000000000000cc       0x33 build/obj/nvic.o
 .ARM.attributes
                0x00000000000000ff       0x33 build/obj/chsys.o
 .ARM.attributes
                0x0000000000000132       0x33 build/obj/chdebug.o
 .ARM.attributes
                0x0000000000000165       0x33 build/obj/chvt.o
 .ARM.attributes
                0x0000000000000198       0x33 build/obj/chschd.o
 .ARM.attributes
                0x00000000000001cb       0x33 build/obj/chthreads.o
 .ARM.attributes
                0x00000000000001fe       0x33 build/obj/chregistry.o
 .ARM.attributes
                0x0000000000000231       0x33 build/obj/chmtx.o
 .ARM.attributes
                0x0000000000000264       0x33 build/obj/chmemcore.o
 .ARM.attributes
                0x0000000000000297       0x33 build/obj/chheap.o
 .ARM.attributes
                0x00000000000002ca       0x33 build/obj/hal.o
 .ARM.attributes
                0x00000000000002fd       0x33 build/obj/spi.o
 .ARM.attributes
                0x0000000000000330       0x33 build/obj/tm.o
 .ARM.attributes
                0x0000000000000363       0x33 build/obj/stm32_dma.o
 .ARM.attributes
                0x0000000000000396       0x33 build/obj/hal_lld.o
 .ARM.attributes
                0x00000000000003c9       0x33 build/obj/spi_lld.o
 .ARM.attributes
                0x00000000000003fc       0x33 build/obj/pal_lld.o
 .ARM.attributes
                0x000000000000042f       0x33 build/obj/board.o
 .ARM.attributes
                0x0000000000000462       0x33 build/obj/main.o

.debug_frame    0x0000000000000000      0xf30
 .debug_frame   0x0000000000000000       0x50 build/obj/crt0.o
 .debug_frame   0x0000000000000050       0x20 build/obj/vectors.o
 .debug_frame   0x0000000000000070       0x20 build/obj/chcore.o
 .debug_frame   0x0000000000000090       0xa4 build/obj/chcore_v7m.o
 .debug_frame   0x0000000000000134       0x60 build/obj/nvic.o
 .debug_frame   0x0000000000000194       0x68 build/obj/chsys.o
 .debug_frame   0x00000000000001fc      0x140 build/obj/chdebug.o
 .debug_frame   0x000000000000033c       0x74 build/obj/chvt.o
 .debug_frame   0x00000000000003b0      0x128 build/obj/chschd.o
 .debug_frame   0x00000000000004d8      0x19c build/obj/chthreads.o
 .debug_frame   0x0000000000000674       0x4c build/obj/chregistry.o
 .debug_frame   0x00000000000006c0      0x108 build/obj/chmtx.o
 .debug_frame   0x00000000000007c8       0x68 build/obj/chmemcore.o
 .debug_frame   0x0000000000000830       0xb0 build/obj/chheap.o
 .debug_frame   0x00000000000008e0       0x54 build/obj/hal.o
 .debug_frame   0x0000000000000934      0x1ec build/obj/spi.o
 .debug_frame   0x0000000000000b20       0x64 build/obj/tm.o
 .debug_frame   0x0000000000000b84      0x144 build/obj/stm32_dma.o
 .debug_frame   0x0000000000000cc8       0x3c build/obj/hal_lld.o
 .debug_frame   0x0000000000000d04      0x148 build/obj/spi_lld.o
 .debug_frame   0x0000000000000e4c       0x48 build/obj/pal_lld.o
 .debug_frame   0x0000000000000e94       0x30 build/obj/board.o
 .debug_frame   0x0000000000000ec4       0x6c build/obj/main.o

Cross Reference Table

Symbol                                            File
BusFaultVector                                    build/obj/vectors.o
DebugMonitorVector                                build/obj/vectors.o
HardFaultVector                                   build/obj/vectors.o
MemManageVector                                   build/obj/vectors.o
NMIVector                                         build/obj/vectors.o
PendSVVector                                      build/obj/vectors.o
ResetHandler                                      build/obj/crt0.o
                                                  build/obj/vectors.o
SPID1                                             build/obj/spi_lld.o
                                                  build/obj/main.o
SPID2                                             build/obj/spi_lld.o
SVCallVector                                      build/obj/chcore_v7m.o
                                                  build/obj/vectors.o
SysTickVector                                     build/obj/chcore_v7m.o
                                                  build/obj/vectors.o
UsageFaultVector                                  build/obj/vectors.o
Vector1C                                          build/obj/vectors.o
Vector20                                          build/obj/vectors.o
Vector24                                          build/obj/vectors.o
Vector28                                          build/obj/vectors.o
Vector34                                          build/obj/vectors.o
Vector40                                          build/obj/vectors.o
Vector44                                          build/obj/vectors.o
Vector48                                          build/obj/vectors.o
Vector4C                                          build/obj/vectors.o
Vector50                                          build/obj/vectors.o
Vector54                                          build/obj/vectors.o
Vector58                                          build/obj/vectors.o
Vector5C                                          build/obj/vectors.o
Vector60                                          build/obj/vectors.o
Vector64                                          build/obj/vectors.o
Vector68                                          build/obj/vectors.o
Vector6C                                          build/obj/stm32_dma.o
                                                  build/obj/vectors.o
Vector70                                          build/obj/stm32_dma.o
                                                  build/obj/vectors.o
Vector74                                          build/obj/stm32_dma.o
                                                  build/obj/vectors.o
Vector78                                          build/obj/stm32_dma.o
                                                  build/obj/vectors.o
Vector7C                                          build/obj/stm32_dma.o
                                                  build/obj/vectors.o
Vector80                                          build/obj/stm32_dma.o
                                                  build/obj/vectors.o
Vector84                                          build/obj/stm32_dma.o
                                                  build/obj/vectors.o
Vector88                                          build/obj/vectors.o
Vector8C                                          build/obj/vectors.o
Vector90                                          build/obj/vectors.o
Vector94                                          build/obj/vectors.o
Vector98                                          build/obj/vectors.o
Vector9C                                          build/obj/vectors.o
VectorA0                                          build/obj/vectors.o
VectorA4                                          build/obj/vectors.o
VectorA8                                          build/obj/vectors.o
VectorAC                                          build/obj/vectors.o
VectorB0                                          build/obj/vectors.o
VectorB4                                          build/obj/vectors.o
VectorB8                                          build/obj/vectors.o
VectorBC                                          build/obj/vectors.o
VectorC0                                          build/obj/vectors.o
VectorC4                                          build/obj/vectors.o
VectorC8                                          build/obj/vectors.o
VectorCC                                          build/obj/vectors.o
VectorD0                                          build/obj/vectors.o
VectorD4                                          build/obj/vectors.o
VectorD8                                          build/obj/vectors.o
VectorDC                                          build/obj/vectors.o
VectorE0                                          build/obj/vectors.o
VectorE4                                          build/obj/vectors.o
VectorE8                                          build/obj/vectors.o
__early_init                                      build/obj/board.o
                                                  build/obj/crt0.o
__fini_array_end                                  build/obj/crt0.o
__fini_array_start                                build/obj/crt0.o
__heap_base__                                     build/obj/chmemcore.o
__heap_end__                                      build/obj/chmemcore.o
__init_array_end                                  build/obj/crt0.o
__init_array_start                                build/obj/crt0.o
__late_init                                       build/obj/crt0.o
__main_stack_base__                               build/obj/crt0.o
__main_stack_end__                                build/obj/vectors.o
                                                  build/obj/crt0.o
__main_thread_stack_base__                        build/obj/chsys.o
__process_stack_base__                            build/obj/crt0.o
__process_stack_end__                             build/obj/crt0.o
_bss_end                                          build/obj/crt0.o
_bss_start                                        build/obj/crt0.o
_close_r                                          build/obj/syscalls.o
_core_init                                        build/obj/chmemcore.o
                                                  build/obj/chsys.o
_data                                             build/obj/crt0.o
_default_exit                                     build/obj/crt0.o
_edata                                            build/obj/crt0.o
_fstat_r                                          build/obj/syscalls.o
_heap_init                                        build/obj/chheap.o
                                                  build/obj/chsys.o
_idle_thread                                      build/obj/chsys.o
_idle_thread_wa                                   build/obj/chsys.o
_isatty_r                                         build/obj/syscalls.o
_lseek_r                                          build/obj/syscalls.o
_pal_lld_init                                     build/obj/pal_lld.o
                                                  build/obj/hal.o
_pal_lld_setgroupmode                             build/obj/pal_lld.o
                                                  build/obj/main.o
                                                  build/obj/pal.o
_port_init                                        build/obj/chcore_v7m.o
                                                  build/obj/chsys.o
_port_irq_epilogue                                build/obj/chcore_v7m.o
                                                  build/obj/stm32_dma.o
_port_switch                                      build/obj/chcore_v7m.o
                                                  build/obj/chschd.o
_port_switch_from_isr                             build/obj/chcore_v7m.o
_port_thread_start                                build/obj/chcore_v7m.o
                                                  build/obj/chthreads.o
_read_r                                           build/obj/syscalls.o
_sbrk_r                                           build/obj/syscalls.o
_scheduler_init                                   build/obj/chschd.o
                                                  build/obj/chsys.o
_stm32_dma_streams                                build/obj/stm32_dma.o
                                                  build/obj/spi_lld.o
_textdata                                         build/obj/crt0.o
_thread_init                                      build/obj/chthreads.o
                                                  build/obj/chsys.o
_thread_memfill                                   build/obj/chthreads.o
                                                  build/obj/chdynamic.o
_trace_init                                       build/obj/chdebug.o
                                                  build/obj/chsys.o
_unhandled_exception                              build/obj/vectors.o
_vectors                                          build/obj/vectors.o
_vt_init                                          build/obj/chvt.o
                                                  build/obj/chsys.o
_write_r                                          build/obj/syscalls.o
boardInit                                         build/obj/board.o
                                                  build/obj/hal.o
chCondBroadcast                                   build/obj/chcond.o
chCondBroadcastI                                  build/obj/chcond.o
chCondInit                                        build/obj/chcond.o
chCondSignal                                      build/obj/chcond.o
chCondSignalI                                     build/obj/chcond.o
chCondWait                                        build/obj/chcond.o
chCondWaitS                                       build/obj/chcond.o
chCondWaitTimeout                                 build/obj/chcond.o
chCondWaitTimeoutS                                build/obj/chcond.o
chCoreAlloc                                       build/obj/chmemcore.o
                                                  build/obj/syscalls.o
                                                  build/obj/chheap.o
chCoreAllocI                                      build/obj/chmemcore.o
chCoreStatus                                      build/obj/chmemcore.o
chDbgCheckClassI                                  build/obj/chdebug.o
                                                  build/obj/chmempools.o
                                                  build/obj/chmemcore.o
                                                  build/obj/chqueues.o
                                                  build/obj/chmboxes.o
                                                  build/obj/chevents.o
                                                  build/obj/chcond.o
                                                  build/obj/chsem.o
                                                  build/obj/chthreads.o
                                                  build/obj/chschd.o
                                                  build/obj/chvt.o
                                                  build/obj/chsys.o
chDbgCheckClassS                                  build/obj/chdebug.o
                                                  build/obj/chmboxes.o
                                                  build/obj/chcond.o
                                                  build/obj/chmtx.o
                                                  build/obj/chsem.o
                                                  build/obj/chschd.o
chDbgPanic                                        build/obj/chdebug.o
                                                  build/obj/syscalls.o
                                                  build/obj/spi_lld.o
                                                  build/obj/stm32_dma.o
                                                  build/obj/spi.o
                                                  build/obj/pal.o
                                                  build/obj/chmempools.o
                                                  build/obj/chheap.o
                                                  build/obj/chqueues.o
                                                  build/obj/chmboxes.o
                                                  build/obj/chmsg.o
                                                  build/obj/chevents.o
                                                  build/obj/chcond.o
                                                  build/obj/chmtx.o
                                                  build/obj/chsem.o
                                                  build/obj/chregistry.o
                                                  build/obj/chdynamic.o
                                                  build/obj/chthreads.o
                                                  build/obj/chschd.o
                                                  build/obj/chvt.o
chEvtAddEvents                                    build/obj/chevents.o
chEvtBroadcastFlags                               build/obj/chevents.o
chEvtBroadcastFlagsI                              build/obj/chevents.o
                                                  build/obj/evtimer.o
chEvtDispatch                                     build/obj/chevents.o
chEvtGetAndClearEvents                            build/obj/chevents.o
chEvtGetAndClearFlags                             build/obj/chevents.o
chEvtGetAndClearFlagsI                            build/obj/chevents.o
chEvtRegisterMask                                 build/obj/chevents.o
chEvtSignal                                       build/obj/chevents.o
chEvtSignalI                                      build/obj/chevents.o
chEvtUnregister                                   build/obj/chevents.o
chEvtWaitAll                                      build/obj/chevents.o
chEvtWaitAllTimeout                               build/obj/chevents.o
chEvtWaitAny                                      build/obj/chevents.o
chEvtWaitAnyTimeout                               build/obj/chevents.o
chEvtWaitOne                                      build/obj/chevents.o
chEvtWaitOneTimeout                               build/obj/chevents.o
chHeapAlloc                                       build/obj/chheap.o
                                                  build/obj/chdynamic.o
chHeapFree                                        build/obj/chheap.o
                                                  build/obj/chdynamic.o
chHeapInit                                        build/obj/chheap.o
chHeapStatus                                      build/obj/chheap.o
chIQGetTimeout                                    build/obj/chqueues.o
chIQInit                                          build/obj/chqueues.o
chIQPutI                                          build/obj/chqueues.o
chIQReadTimeout                                   build/obj/chqueues.o
chIQResetI                                        build/obj/chqueues.o
chMBFetch                                         build/obj/chmboxes.o
chMBFetchI                                        build/obj/chmboxes.o
chMBFetchS                                        build/obj/chmboxes.o
chMBInit                                          build/obj/chmboxes.o
chMBPost                                          build/obj/chmboxes.o
chMBPostAhead                                     build/obj/chmboxes.o
chMBPostAheadI                                    build/obj/chmboxes.o
chMBPostAheadS                                    build/obj/chmboxes.o
chMBPostI                                         build/obj/chmboxes.o
chMBPostS                                         build/obj/chmboxes.o
chMBReset                                         build/obj/chmboxes.o
chMsgRelease                                      build/obj/chmsg.o
chMsgSend                                         build/obj/chmsg.o
chMsgWait                                         build/obj/chmsg.o
chMtxInit                                         build/obj/chmtx.o
                                                  build/obj/spi.o
                                                  build/obj/chheap.o
chMtxLock                                         build/obj/chmtx.o
                                                  build/obj/spi.o
                                                  build/obj/chheap.o
chMtxLockS                                        build/obj/chmtx.o
                                                  build/obj/chcond.o
chMtxTryLock                                      build/obj/chmtx.o
chMtxTryLockS                                     build/obj/chmtx.o
chMtxUnlock                                       build/obj/chmtx.o
                                                  build/obj/spi.o
                                                  build/obj/chheap.o
chMtxUnlockAll                                    build/obj/chmtx.o
chMtxUnlockS                                      build/obj/chmtx.o
                                                  build/obj/chcond.o
chOQGetI                                          build/obj/chqueues.o
chOQInit                                          build/obj/chqueues.o
chOQPutTimeout                                    build/obj/chqueues.o
chOQResetI                                        build/obj/chqueues.o
chOQWriteTimeout                                  build/obj/chqueues.o
chPoolAlloc                                       build/obj/chmempools.o
                                                  build/obj/chdynamic.o
chPoolAllocI                                      build/obj/chmempools.o
chPoolFree                                        build/obj/chmempools.o
                                                  build/obj/chdynamic.o
chPoolFreeI                                       build/obj/chmempools.o
chPoolInit                                        build/obj/chmempools.o
chPoolLoadArray                                   build/obj/chmempools.o
chRegFirstThread                                  build/obj/chregistry.o
chRegNextThread                                   build/obj/chregistry.o
chSchDoReschedule                                 build/obj/chschd.o
                                                  build/obj/chcore_v7m.o
chSchDoRescheduleAhead                            build/obj/chschd.o
chSchDoRescheduleBehind                           build/obj/chschd.o
                                                  build/obj/chthreads.o
chSchGoSleepS                                     build/obj/chschd.o
                                                  build/obj/spi.o
                                                  build/obj/chmsg.o
                                                  build/obj/chevents.o
                                                  build/obj/chcond.o
                                                  build/obj/chmtx.o
                                                  build/obj/chsem.o
                                                  build/obj/chthreads.o
chSchGoSleepTimeoutS                              build/obj/chschd.o
                                                  build/obj/chqueues.o
                                                  build/obj/chevents.o
                                                  build/obj/chcond.o
                                                  build/obj/chsem.o
                                                  build/obj/chthreads.o
chSchReadyI                                       build/obj/chschd.o
                                                  build/obj/spi_lld.o
                                                  build/obj/chqueues.o
                                                  build/obj/chmsg.o
                                                  build/obj/chevents.o
                                                  build/obj/chcond.o
                                                  build/obj/chmtx.o
                                                  build/obj/chsem.o
                                                  build/obj/chthreads.o
chSchRescheduleS                                  build/obj/chschd.o
                                                  build/obj/chmboxes.o
                                                  build/obj/chevents.o
                                                  build/obj/chcond.o
                                                  build/obj/chmtx.o
                                                  build/obj/chsem.o
                                                  build/obj/chthreads.o
chSchWakeupS                                      build/obj/chschd.o
                                                  build/obj/chmsg.o
                                                  build/obj/chcond.o
                                                  build/obj/chmtx.o
                                                  build/obj/chsem.o
                                                  build/obj/chdynamic.o
                                                  build/obj/chthreads.o
chSemAddCounterI                                  build/obj/chsem.o
chSemInit                                         build/obj/chsem.o
                                                  build/obj/chmboxes.o
chSemReset                                        build/obj/chsem.o
chSemResetI                                       build/obj/chsem.o
                                                  build/obj/chmboxes.o
chSemSignal                                       build/obj/chsem.o
chSemSignalI                                      build/obj/chsem.o
                                                  build/obj/chmboxes.o
chSemSignalWait                                   build/obj/chsem.o
chSemWait                                         build/obj/chsem.o
chSemWaitS                                        build/obj/chsem.o
chSemWaitTimeout                                  build/obj/chsem.o
chSemWaitTimeoutS                                 build/obj/chsem.o
                                                  build/obj/chmboxes.o
chSysInit                                         build/obj/chsys.o
                                                  build/obj/main.o
chSysTimerHandlerI                                build/obj/chsys.o
                                                  build/obj/chcore_v7m.o
chThdAddRef                                       build/obj/chdynamic.o
chThdCreateFromHeap                               build/obj/chdynamic.o
chThdCreateFromMemoryPool                         build/obj/chdynamic.o
chThdCreateI                                      build/obj/chthreads.o
                                                  build/obj/chdynamic.o
chThdCreateStatic                                 build/obj/chthreads.o
                                                  build/obj/main.o
                                                  build/obj/chsys.o
chThdExit                                         build/obj/chthreads.o
                                                  build/obj/chcore_v7m.o
chThdExitS                                        build/obj/chthreads.o
chThdRelease                                      build/obj/chdynamic.o
                                                  build/obj/chregistry.o
                                                  build/obj/chthreads.o
chThdResume                                       build/obj/chthreads.o
chThdSetPriority                                  build/obj/chthreads.o
chThdSleep                                        build/obj/chthreads.o
                                                  build/obj/main.o
chThdSleepUntil                                   build/obj/chthreads.o
chThdTerminate                                    build/obj/chthreads.o
chThdWait                                         build/obj/chthreads.o
chThdYield                                        build/obj/chthreads.o
chTimeIsWithin                                    build/obj/chvt.o
chVTResetI                                        build/obj/chvt.o
                                                  build/obj/evtimer.o
                                                  build/obj/chschd.o
chVTSetI                                          build/obj/chvt.o
                                                  build/obj/evtimer.o
                                                  build/obj/chschd.o
ch_debug                                          build/obj/chregistry.o
                                                  build/obj/chsys.o
dbg_check_disable                                 build/obj/chdebug.o
dbg_check_enable                                  build/obj/chdebug.o
                                                  build/obj/chsys.o
dbg_check_enter_isr                               build/obj/chdebug.o
                                                  build/obj/stm32_dma.o
                                                  build/obj/chcore_v7m.o
dbg_check_leave_isr                               build/obj/chdebug.o
                                                  build/obj/stm32_dma.o
                                                  build/obj/chcore_v7m.o
dbg_check_lock                                    build/obj/chdebug.o
                                                  build/obj/evtimer.o
                                                  build/obj/spi.o
                                                  build/obj/chmempools.o
                                                  build/obj/chmemcore.o
                                                  build/obj/chqueues.o
                                                  build/obj/chmboxes.o
                                                  build/obj/chmsg.o
                                                  build/obj/chevents.o
                                                  build/obj/chcond.o
                                                  build/obj/chmtx.o
                                                  build/obj/chsem.o
                                                  build/obj/chregistry.o
                                                  build/obj/chdynamic.o
                                                  build/obj/chthreads.o
                                                  build/obj/chcore_v7m.o
dbg_check_lock_from_isr                           build/obj/chdebug.o
                                                  build/obj/evtimer.o
                                                  build/obj/spi_lld.o
                                                  build/obj/chschd.o
                                                  build/obj/chsys.o
                                                  build/obj/chcore_v7m.o
dbg_check_suspend                                 build/obj/chdebug.o
dbg_check_unlock                                  build/obj/chdebug.o
                                                  build/obj/evtimer.o
                                                  build/obj/spi.o
                                                  build/obj/chmempools.o
                                                  build/obj/chmemcore.o
                                                  build/obj/chqueues.o
                                                  build/obj/chmboxes.o
                                                  build/obj/chmsg.o
                                                  build/obj/chevents.o
                                                  build/obj/chcond.o
                                                  build/obj/chmtx.o
                                                  build/obj/chsem.o
                                                  build/obj/chregistry.o
                                                  build/obj/chdynamic.o
                                                  build/obj/chthreads.o
                                                  build/obj/chcore_v7m.o
dbg_check_unlock_from_isr                         build/obj/chdebug.o
                                                  build/obj/evtimer.o
                                                  build/obj/spi_lld.o
                                                  build/obj/chschd.o
                                                  build/obj/chsys.o
                                                  build/obj/chcore_v7m.o
dbg_isr_cnt                                       build/obj/chdebug.o
dbg_lock_cnt                                      build/obj/chdebug.o
dbg_panic_msg                                     build/obj/chdebug.o
dbg_trace                                         build/obj/chdebug.o
                                                  build/obj/chschd.o
dbg_trace_buffer                                  build/obj/chdebug.o
dmaInit                                           build/obj/stm32_dma.o
                                                  build/obj/hal_lld.o
dmaStreamAllocate                                 build/obj/stm32_dma.o
                                                  build/obj/spi_lld.o
dmaStreamRelease                                  build/obj/stm32_dma.o
                                                  build/obj/spi_lld.o
evtStart                                          build/obj/evtimer.o
evtStop                                           build/obj/evtimer.o
halInit                                           build/obj/hal.o
                                                  build/obj/main.o
halIsCounterWithin                                build/obj/hal.o
halPolledDelay                                    build/obj/hal.o
hal_lld_init                                      build/obj/hal_lld.o
                                                  build/obj/hal.o
main                                              build/obj/main.o
                                                  build/obj/crt0.o
memset                                            /home/formica/toolchains/arm-cs-tools/bin/../lib/gcc/arm-none-eabi/4.6.3/../../../../arm-none-eabi/lib/thumb2/libc.a(lib_a-memset.o)
                                                  build/obj/syscalls.o
nvicDisableVector                                 build/obj/nvic.o
                                                  build/obj/stm32_dma.o
nvicEnableVector                                  build/obj/nvic.o
                                                  build/obj/stm32_dma.o
nvicSetSystemHandlerPriority                      build/obj/nvic.o
                                                  build/obj/chcore_v7m.o
palReadBus                                        build/obj/pal.o
palSetBusMode                                     build/obj/pal.o
palWriteBus                                       build/obj/pal.o
pal_default_config                                build/obj/board.o
                                                  build/obj/hal.o
port_halt                                         build/obj/chcore.o
                                                  build/obj/spi_lld.o
                                                  build/obj/chdebug.o
rlist                                             build/obj/chschd.o
                                                  build/obj/main.o
                                                  build/obj/spi.o
                                                  build/obj/chqueues.o
                                                  build/obj/chmsg.o
                                                  build/obj/chevents.o
                                                  build/obj/chcond.o
                                                  build/obj/chmtx.o
                                                  build/obj/chsem.o
                                                  build/obj/chregistry.o
                                                  build/obj/chthreads.o
                                                  build/obj/chdebug.o
                                                  build/obj/chsys.o
                                                  build/obj/chcore_v7m.o
spiAcquireBus                                     build/obj/spi.o
                                                  build/obj/main.o
spiExchange                                       build/obj/spi.o
                                                  build/obj/main.o
spiIgnore                                         build/obj/spi.o
spiInit                                           build/obj/spi.o
                                                  build/obj/hal.o
spiObjectInit                                     build/obj/spi.o
                                                  build/obj/spi_lld.o
spiReceive                                        build/obj/spi.o
spiReleaseBus                                     build/obj/spi.o
                                                  build/obj/main.o
spiSelect                                         build/obj/spi.o
                                                  build/obj/main.o
spiSend                                           build/obj/spi.o
spiStart                                          build/obj/spi.o
                                                  build/obj/main.o
spiStartExchange                                  build/obj/spi.o
spiStartIgnore                                    build/obj/spi.o
spiStartReceive                                   build/obj/spi.o
spiStartSend                                      build/obj/spi.o
spiStop                                           build/obj/spi.o
spiUnselect                                       build/obj/spi.o
                                                  build/obj/main.o
spi_lld_exchange                                  build/obj/spi_lld.o
                                                  build/obj/spi.o
spi_lld_ignore                                    build/obj/spi_lld.o
                                                  build/obj/spi.o
spi_lld_init                                      build/obj/spi_lld.o
                                                  build/obj/spi.o
spi_lld_polled_exchange                           build/obj/spi_lld.o
spi_lld_receive                                   build/obj/spi_lld.o
                                                  build/obj/spi.o
spi_lld_select                                    build/obj/spi_lld.o
                                                  build/obj/spi.o
spi_lld_send                                      build/obj/spi_lld.o
                                                  build/obj/spi.o
spi_lld_start                                     build/obj/spi_lld.o
                                                  build/obj/spi.o
spi_lld_stop                                      build/obj/spi_lld.o
                                                  build/obj/spi.o
spi_lld_unselect                                  build/obj/spi_lld.o
                                                  build/obj/spi.o
stm32_clock_init                                  build/obj/hal_lld.o
                                                  build/obj/board.o
tmInit                                            build/obj/tm.o
                                                  build/obj/hal.o
tmObjectInit                                      build/obj/tm.o
vtlist                                            build/obj/chvt.o
                                                  build/obj/chthreads.o
                                                  build/obj/chdebug.o
                                                  build/obj/chsys.o
