Archive member included because of file (symbol)

/home/formica/toolchains/arm-cs-tools/bin/../lib/gcc/arm-none-eabi/4.6.3/../../../../arm-none-eabi/lib/thumb2/libc.a(lib_a-memset.o)
                              build/obj/usb.o (memset)
/home/formica/toolchains/arm-cs-tools/bin/../lib/gcc/arm-none-eabi/4.6.3/../../../../arm-none-eabi/lib/thumb2/libc.a(lib_a-strcasecmp.o)
                              build/obj/shell.o (strcasecmp)
/home/formica/toolchains/arm-cs-tools/bin/../lib/gcc/arm-none-eabi/4.6.3/../../../../arm-none-eabi/lib/thumb2/libc.a(lib_a-strchr.o)
                              build/obj/shell.o (strchr)
/home/formica/toolchains/arm-cs-tools/bin/../lib/gcc/arm-none-eabi/4.6.3/../../../../arm-none-eabi/lib/thumb2/libc.a(lib_a-strspn.o)
                              build/obj/shell.o (strspn)
/home/formica/toolchains/arm-cs-tools/bin/../lib/gcc/arm-none-eabi/4.6.3/../../../../arm-none-eabi/lib/thumb2/libc.a(lib_a-ctype_.o)
                              /home/formica/toolchains/arm-cs-tools/bin/../lib/gcc/arm-none-eabi/4.6.3/../../../../arm-none-eabi/lib/thumb2/libc.a(lib_a-strcasecmp.o) (__ctype_ptr__)

Discarded input sections

 .text          0x0000000000000000        0x0 build/obj/crt0.o
 .data          0x0000000000000000        0x0 build/obj/crt0.o
 .bss           0x0000000000000000        0x0 build/obj/crt0.o
 .text.__early_init
                0x0000000000000000       0x10 build/obj/crt0.o
 .text          0x0000000000000000        0x0 build/obj/vectors.o
 .data          0x0000000000000000        0x0 build/obj/vectors.o
 .bss           0x0000000000000000        0x0 build/obj/vectors.o
 .text          0x0000000000000000        0x0 build/obj/chcore.o
 .data          0x0000000000000000        0x0 build/obj/chcore.o
 .bss           0x0000000000000000        0x0 build/obj/chcore.o
 .text          0x0000000000000000        0x0 build/obj/chcore_v7m.o
 .data          0x0000000000000000        0x0 build/obj/chcore_v7m.o
 .bss           0x0000000000000000        0x0 build/obj/chcore_v7m.o
 .text          0x0000000000000000        0x0 build/obj/nvic.o
 .data          0x0000000000000000        0x0 build/obj/nvic.o
 .bss           0x0000000000000000        0x0 build/obj/nvic.o
 .text.nvicDisableVector
                0x0000000000000000       0x40 build/obj/nvic.o
 .text          0x0000000000000000        0x0 build/obj/chsys.o
 .data          0x0000000000000000        0x0 build/obj/chsys.o
 .bss           0x0000000000000000        0x0 build/obj/chsys.o
 .text          0x0000000000000000        0x0 build/obj/chdebug.o
 .data          0x0000000000000000        0x0 build/obj/chdebug.o
 .bss           0x0000000000000000        0x0 build/obj/chdebug.o
 .text.dbg_check_disable
                0x0000000000000000       0x40 build/obj/chdebug.o
 .text.dbg_check_suspend
                0x0000000000000000       0x40 build/obj/chdebug.o
 .text          0x0000000000000000        0x0 build/obj/chlists.o
 .data          0x0000000000000000        0x0 build/obj/chlists.o
 .bss           0x0000000000000000        0x0 build/obj/chlists.o
 .debug_info    0x0000000000000000       0x73 build/obj/chlists.o
 .debug_abbrev  0x0000000000000000       0x2a build/obj/chlists.o
 .debug_line    0x0000000000000000       0x1d build/obj/chlists.o
 .debug_str     0x0000000000000000       0xf3 build/obj/chlists.o
 .comment       0x0000000000000000       0x4f build/obj/chlists.o
 .ARM.attributes
                0x0000000000000000       0x33 build/obj/chlists.o
 .text          0x0000000000000000        0x0 build/obj/chvt.o
 .data          0x0000000000000000        0x0 build/obj/chvt.o
 .bss           0x0000000000000000        0x0 build/obj/chvt.o
 .text          0x0000000000000000        0x0 build/obj/chschd.o
 .data          0x0000000000000000        0x0 build/obj/chschd.o
 .bss           0x0000000000000000        0x0 build/obj/chschd.o
 .text          0x0000000000000000        0x0 build/obj/chthreads.o
 .data          0x0000000000000000        0x0 build/obj/chthreads.o
 .bss           0x0000000000000000        0x0 build/obj/chthreads.o
 .text          0x0000000000000000        0x0 build/obj/chdynamic.o
 .data          0x0000000000000000        0x0 build/obj/chdynamic.o
 .bss           0x0000000000000000        0x0 build/obj/chdynamic.o
 .text          0x0000000000000000        0x0 build/obj/chregistry.o
 .data          0x0000000000000000        0x0 build/obj/chregistry.o
 .bss           0x0000000000000000        0x0 build/obj/chregistry.o
 .text          0x0000000000000000        0x0 build/obj/chsem.o
 .data          0x0000000000000000        0x0 build/obj/chsem.o
 .bss           0x0000000000000000        0x0 build/obj/chsem.o
 .text          0x0000000000000000        0x0 build/obj/chmtx.o
 .data          0x0000000000000000        0x0 build/obj/chmtx.o
 .bss           0x0000000000000000        0x0 build/obj/chmtx.o
 .text          0x0000000000000000        0x0 build/obj/chcond.o
[...]
Memory Configuration

Name             Origin             Length             Attributes
flash            0x0000000008000000 0x0000000000040000
ram              0x0000000020000000 0x0000000000010000
*default*        0x0000000000000000 0xffffffffffffffff

Linker script and memory map

LOAD build/obj/crt0.o
LOAD build/obj/vectors.o
LOAD build/obj/chcore.o
LOAD build/obj/chcore_v7m.o
LOAD build/obj/nvic.o
LOAD build/obj/chsys.o
LOAD build/obj/chdebug.o
LOAD build/obj/chlists.o
LOAD build/obj/chvt.o
LOAD build/obj/chschd.o
LOAD build/obj/chthreads.o
LOAD build/obj/chdynamic.o
LOAD build/obj/chregistry.o
LOAD build/obj/chsem.o
LOAD build/obj/chmtx.o
LOAD build/obj/chcond.o
LOAD build/obj/chevents.o
LOAD build/obj/chmsg.o
LOAD build/obj/chmboxes.o
LOAD build/obj/chqueues.o
LOAD build/obj/chmemcore.o
LOAD build/obj/chheap.o
LOAD build/obj/chmempools.o
LOAD build/obj/test.o
LOAD build/obj/testthd.o
LOAD build/obj/testsem.o
LOAD build/obj/testmtx.o
LOAD build/obj/testmsg.o
LOAD build/obj/testmbox.o
LOAD build/obj/testevt.o
LOAD build/obj/testheap.o
LOAD build/obj/testpools.o
LOAD build/obj/testdyn.o
LOAD build/obj/testqueues.o
LOAD build/obj/testbmk.o
LOAD build/obj/hal.o
LOAD build/obj/adc.o
LOAD build/obj/can.o
LOAD build/obj/ext.o
LOAD build/obj/gpt.o
LOAD build/obj/i2c.o
LOAD build/obj/icu.o
LOAD build/obj/mac.o
LOAD build/obj/mmc_spi.o
LOAD build/obj/mmcsd.o
LOAD build/obj/pal.o
LOAD build/obj/pwm.o
LOAD build/obj/rtc.o
LOAD build/obj/sdc.o
LOAD build/obj/serial.o
LOAD build/obj/serial_usb.o
LOAD build/obj/spi.o
LOAD build/obj/tm.o
LOAD build/obj/uart.o
LOAD build/obj/usb.o
LOAD build/obj/stm32_dma.o
LOAD build/obj/hal_lld.o
LOAD build/obj/adc_lld.o
LOAD build/obj/ext_lld_isr.o
LOAD build/obj/can_lld.o
LOAD build/obj/ext_lld.o
LOAD build/obj/gpt_lld.o
LOAD build/obj/icu_lld.o
LOAD build/obj/mac_lld.o
LOAD build/obj/pwm_lld.o
LOAD build/obj/serial_lld.o
LOAD build/obj/sdc_lld.o
LOAD build/obj/spi_lld.o
LOAD build/obj/pal_lld.o
LOAD build/obj/i2c_lld.o
LOAD build/obj/rtc_lld.o
LOAD build/obj/uart_lld.o
LOAD build/obj/usb_lld.o
LOAD build/obj/board.o
LOAD build/obj/shell.o
LOAD build/obj/chprintf.o
LOAD build/obj/main.o
START GROUP
LOAD /home/formica/toolchains/arm-cs-tools/bin/../lib/gcc/arm-none-eabi/4.6.3/thumb2/libgcc.a
LOAD /home/formica/toolchains/arm-cs-tools/bin/../lib/gcc/arm-none-eabi/4.6.3/../../../../arm-none-eabi/lib/thumb2/libc.a
END GROUP
                0x0000000000000400                __main_stack_size__ = 0x400
                0x0000000000000400                __process_stack_size__ = 0x400
                0x0000000020000000                __ram_start__ = ORIGIN (ram)
                0x0000000000010000                __ram_size__ = 0x10000
                0x0000000020010000                __ram_end__ = (__ram_start__ + __ram_size__)
                0x0000000000000000                . = 0x0
                0x0000000000000000                _text = .

startup         0x0000000008000000      0x150
 *(vectors)
 vectors        0x0000000008000000      0x150 build/obj/vectors.o
                0x0000000008000000                _vectors

constructors    0x0000000008000150        0x0
                0x0000000008000150                PROVIDE (__init_array_start, .)
 *(SORT(.init_array.*))
 *(.init_array)
                0x0000000008000150                PROVIDE (__init_array_end, .)

destructors     0x0000000008000150        0x0
                0x0000000008000150                PROVIDE (__fini_array_start, .)
 *(.fini_array)
 *(SORT(.fini_array.*))
                0x0000000008000150                PROVIDE (__fini_array_end, .)

.text           0x0000000008000150     0xbb01
 *(.text.startup.*)
 .text.startup.main
                0x0000000008000150       0xd0 build/obj/main.o
                0x0000000008000150                main
 *(.text)
 *(.text.*)
 .text.__late_init
                0x0000000008000220       0x10 build/obj/crt0.o
                0x0000000008000220                __late_init
 .text._default_exit
                0x0000000008000230       0x10 build/obj/crt0.o
                0x0000000008000230                _default_exit
 .text.ResetHandler
                0x0000000008000240      0x1e0 build/obj/crt0.o
                0x0000000008000240                ResetHandler
 .text._unhandled_exception
                0x0000000008000420       0x10 build/obj/vectors.o
                0x0000000008000420                Vector58
                0x0000000008000420                VectorE8
                0x0000000008000420                Vector9C
                0x0000000008000420                VectorAC
                0x0000000008000420                Vector5C
                0x0000000008000420                NMIVector
                0x0000000008000420                Vector11C
                0x0000000008000420                Vector8C
                0x0000000008000420                VectorDC
                0x0000000008000420                Vector110
                0x0000000008000420                Vector120
                0x0000000008000420                VectorC8
                0x0000000008000420                Vector94
                0x0000000008000420                VectorA8
                0x0000000008000420                VectorB4
                0x0000000008000420                Vector74
                0x0000000008000420                VectorEC
                0x0000000008000420                UsageFaultVector
                0x0000000008000420                DebugMonitorVector
                0x0000000008000420                Vector40
                0x0000000008000420                VectorF8
                0x0000000008000420                Vector108
                0x0000000008000420                VectorBC
                0x0000000008000420                Vector124
                0x0000000008000420                Vector148
                0x0000000008000420                PendSVVector
                0x0000000008000420                Vector118
                0x0000000008000420                Vector64
                0x0000000008000420                VectorCC
                0x0000000008000420                Vector54
                0x0000000008000420                Vector98
                0x0000000008000420                VectorD8
                0x0000000008000420                Vector138
                0x0000000008000420                Vector24
                0x0000000008000420                Vector84
                0x0000000008000420                BusFaultVector
                0x0000000008000420                VectorD0
                0x0000000008000420                Vector140
                0x0000000008000420                VectorE4
                0x0000000008000420                VectorC0
                0x0000000008000420                Vector130
                0x0000000008000420                HardFaultVector
                0x0000000008000420                Vector134
                0x0000000008000420                VectorF0
                0x0000000008000420                Vector12C
                0x0000000008000420                Vector13C
                0x0000000008000420                Vector100
                0x0000000008000420                VectorE0
                0x0000000008000420                VectorF4
                0x0000000008000420                MemManageVector
                0x0000000008000420                Vector6C
                0x0000000008000420                VectorA0
                0x0000000008000420                VectorC4
                0x0000000008000420                Vector7C
                0x0000000008000420                VectorB0
                0x0000000008000420                Vector90
                0x0000000008000420                Vector114
                0x0000000008000420                Vector60
                0x0000000008000420                Vector1C
                0x0000000008000420                Vector48
                0x0000000008000420                Vector70
                0x0000000008000420                VectorD4
                0x0000000008000420                Vector4C
                0x0000000008000420                Vector144
                0x0000000008000420                Vector80
                0x0000000008000420                Vector68
                0x0000000008000420                Vector78
                0x0000000008000420                _unhandled_exception
                0x0000000008000420                Vector88
                0x0000000008000420                Vector104
                0x0000000008000420                Vector10C
                0x0000000008000420                Vector50
                0x0000000008000420                Vector44
                0x0000000008000420                Vector28
                0x0000000008000420                VectorB8
                0x0000000008000420                VectorFC
                0x0000000008000420                Vector34
                0x0000000008000420                Vector128
                0x0000000008000420                VectorA4
                0x0000000008000420                Vector20
 .text.port_halt
                0x0000000008000430       0x10 build/obj/chcore.o
                0x0000000008000430                port_halt
 .text._port_switch_from_isr
                0x0000000008000440       0x10 build/obj/chcore_v7m.o
                0x0000000008000440                _port_switch_from_isr
 .text.SVCallVector
                0x0000000008000450       0x20 build/obj/chcore_v7m.o
                0x0000000008000450                SVCallVector
 .text._port_init
                0x0000000008000470       0x40 build/obj/chcore_v7m.o
                0x0000000008000470                _port_init
 .text._port_irq_epilogue
                0x00000000080004b0       0x80 build/obj/chcore_v7m.o
                0x00000000080004b0                _port_irq_epilogue
 .text.SysTickVector
                0x0000000008000530       0x30 build/obj/chcore_v7m.o
                0x0000000008000530                SysTickVector
 .text._port_switch
                0x0000000008000560       0x10 build/obj/chcore_v7m.o
                0x0000000008000560                _port_switch
 .text._port_thread_start
                0x0000000008000570       0x20 build/obj/chcore_v7m.o
                0x0000000008000570                _port_thread_start
 .text.nvicEnableVector
                0x0000000008000590       0x50 build/obj/nvic.o
                0x0000000008000590                nvicEnableVector
 .text.nvicSetSystemHandlerPriority
                0x00000000080005e0       0x40 build/obj/nvic.o
                0x00000000080005e0                nvicSetSystemHandlerPriority
 .text._idle_thread
                0x0000000008000620       0x20 build/obj/chsys.o
                0x0000000008000620                _idle_thread
 .text.chSysInit
                0x0000000008000640       0x80 build/obj/chsys.o
                0x0000000008000640                chSysInit
 .text.chSysTimerHandlerI
                0x00000000080006c0       0x70 build/obj/chsys.o
                0x00000000080006c0                chSysTimerHandlerI
 .text.dbg_check_enable
                0x0000000008000730       0x40 build/obj/chdebug.o
                0x0000000008000730                dbg_check_enable
 .text.dbg_check_lock
                0x0000000008000770       0x40 build/obj/chdebug.o
                0x0000000008000770                dbg_check_lock
 .text.dbg_check_unlock
                0x00000000080007b0       0x40 build/obj/chdebug.o
                0x00000000080007b0                dbg_check_unlock
 .text.dbg_check_lock_from_isr
                0x00000000080007f0       0x40 build/obj/chdebug.o
                0x00000000080007f0                dbg_check_lock_from_isr
 .text.dbg_check_unlock_from_isr
                0x0000000008000830       0x50 build/obj/chdebug.o
                0x0000000008000830                dbg_check_unlock_from_isr
 .text.dbg_check_enter_isr
                0x0000000008000880       0x50 build/obj/chdebug.o
                0x0000000008000880                dbg_check_enter_isr
 .text.dbg_check_leave_isr
                0x00000000080008d0       0x50 build/obj/chdebug.o
                0x00000000080008d0                dbg_check_leave_isr
 .text.chDbgCheckClassI
                0x0000000008000920       0x40 build/obj/chdebug.o
                0x0000000008000920                chDbgCheckClassI
 .text.chDbgCheckClassS
                0x0000000008000960       0x40 build/obj/chdebug.o
                0x0000000008000960                chDbgCheckClassS
 .text._trace_init
                0x00000000080009a0       0x20 build/obj/chdebug.o
                0x00000000080009a0                _trace_init
 .text.dbg_trace
                0x00000000080009c0       0x50 build/obj/chdebug.o
                0x00000000080009c0                dbg_trace
 .text.chDbgPanic
                0x0000000008000a10       0x10 build/obj/chdebug.o
                0x0000000008000a10                chDbgPanic
 .text._vt_init
                0x0000000008000a20       0x20 build/obj/chvt.o
                0x0000000008000a20                _vt_init
 .text.chVTSetI
                0x0000000008000a40       0x70 build/obj/chvt.o
                0x0000000008000a40                chVTSetI
 .text.chVTResetI
                0x0000000008000ab0       0x50 build/obj/chvt.o
                0x0000000008000ab0                chVTResetI
 .text.chTimeIsWithin
                0x0000000008000b00       0x40 build/obj/chvt.o
                0x0000000008000b00                chTimeIsWithin
 .text._scheduler_init
                0x0000000008000b40       0x20 build/obj/chschd.o
                0x0000000008000b40                _scheduler_init
 .text.chSchReadyI
                0x0000000008000b60       0x60 build/obj/chschd.o
                0x0000000008000b60                chSchReadyI
 .text.wakeup   0x0000000008000bc0       0x60 build/obj/chschd.o
 .text.chSchGoSleepS
                0x0000000008000c20       0x60 build/obj/chschd.o
                0x0000000008000c20                chSchGoSleepS
 .text.chSchGoSleepTimeoutS
                0x0000000008000c80       0x60 build/obj/chschd.o
                0x0000000008000c80                chSchGoSleepTimeoutS
 .text.chSchWakeupS
                0x0000000008000ce0       0x60 build/obj/chschd.o
                0x0000000008000ce0                chSchWakeupS
 .text.chSchDoRescheduleBehind
                0x0000000008000d40       0x50 build/obj/chschd.o
                0x0000000008000d40                chSchDoRescheduleBehind
 .text.chSchDoRescheduleAhead
                0x0000000008000d90       0x60 build/obj/chschd.o
                0x0000000008000d90                chSchDoRescheduleAhead
 .text.chSchRescheduleS
                0x0000000008000df0       0x30 build/obj/chschd.o
                0x0000000008000df0                chSchRescheduleS
 .text.chSchDoReschedule
                0x0000000008000e20       0x20 build/obj/chschd.o
                0x0000000008000e20                chSchDoReschedule
 .text._thread_init
                0x0000000008000e40       0x60 build/obj/chthreads.o
                0x0000000008000e40                _thread_init
 .text._thread_memfill
                0x0000000008000ea0       0x40 build/obj/chthreads.o
                0x0000000008000ea0                _thread_memfill
 .text.chThdCreateI
                0x0000000008000ee0       0x70 build/obj/chthreads.o
                0x0000000008000ee0                chThdCreateI
 .text.chThdCreateStatic
                0x0000000008000f50       0x90 build/obj/chthreads.o
                0x0000000008000f50                chThdCreateStatic
 .text.chThdSetPriority
                0x0000000008000fe0       0x50 build/obj/chthreads.o
                0x0000000008000fe0                chThdSetPriority
 .text.chThdResume
                0x0000000008001030       0x40 build/obj/chthreads.o
                0x0000000008001030                chThdResume
 .text.chThdTerminate
                0x0000000008001070       0x30 build/obj/chthreads.o
                0x0000000008001070                chThdTerminate
 .text.chThdSleep
                0x00000000080010a0       0x30 build/obj/chthreads.o
                0x00000000080010a0                chThdSleep
 .text.chThdSleepUntil
                0x00000000080010d0       0x30 build/obj/chthreads.o
                0x00000000080010d0                chThdSleepUntil
 .text.chThdYield
                0x0000000008001100       0x40 build/obj/chthreads.o
                0x0000000008001100                chThdYield
 .text.chThdExitS
                0x0000000008001140       0x60 build/obj/chthreads.o
                0x0000000008001140                chThdExitS
 .text.chThdExit
                0x00000000080011a0       0x20 build/obj/chthreads.o
                0x00000000080011a0                chThdExit
 .text.chThdWait
                0x00000000080011c0       0x80 build/obj/chthreads.o
                0x00000000080011c0                chThdWait
 .text.chThdAddRef
                0x0000000008001240       0x50 build/obj/chdynamic.o
                0x0000000008001240                chThdAddRef
 .text.chThdRelease
                0x0000000008001290       0x80 build/obj/chdynamic.o
                0x0000000008001290                chThdRelease
 .text.chThdCreateFromHeap
                0x0000000008001310       0x70 build/obj/chdynamic.o
                0x0000000008001310                chThdCreateFromHeap
 .text.chThdCreateFromMemoryPool
                0x0000000008001380       0x80 build/obj/chdynamic.o
                0x0000000008001380                chThdCreateFromMemoryPool
 .text.chRegFirstThread
                0x0000000008001400       0x30 build/obj/chregistry.o
                0x0000000008001400                chRegFirstThread
 .text.chRegNextThread
                0x0000000008001430       0x60 build/obj/chregistry.o
                0x0000000008001430                chRegNextThread
 .text.chSemInit
                0x0000000008001490       0x30 build/obj/chsem.o
                0x0000000008001490                chSemInit
 .text.chSemResetI
                0x00000000080014c0       0xb0 build/obj/chsem.o
                0x00000000080014c0                chSemResetI
 .text.chSemReset
                0x0000000008001570       0x30 build/obj/chsem.o
                0x0000000008001570                chSemReset
 .text.chSemWaitS
                0x00000000080015a0       0x70 build/obj/chsem.o
                0x00000000080015a0                chSemWaitS
 .text.chSemWait
                0x0000000008001610       0x30 build/obj/chsem.o
                0x0000000008001610                chSemWait
 .text.chSemWaitTimeoutS
                0x0000000008001640       0x80 build/obj/chsem.o
                0x0000000008001640                chSemWaitTimeoutS
 .text.chSemWaitTimeout
                0x00000000080016c0       0x30 build/obj/chsem.o
                0x00000000080016c0                chSemWaitTimeout
 .text.chSemSignal
                0x00000000080016f0       0x80 build/obj/chsem.o
                0x00000000080016f0                chSemSignal
 .text.chSemSignalI
                0x0000000008001770       0x60 build/obj/chsem.o
                0x0000000008001770                chSemSignalI
 .text.chSemAddCounterI
                0x00000000080017d0       0xe0 build/obj/chsem.o
                0x00000000080017d0                chSemAddCounterI
 .text.chSemSignalWait
                0x00000000080018b0      0x100 build/obj/chsem.o
                0x00000000080018b0                chSemSignalWait
 .text.chMtxInit
                0x00000000080019b0       0x30 build/obj/chmtx.o
                0x00000000080019b0                chMtxInit
 .text.chMtxLockS
                0x00000000080019e0      0x110 build/obj/chmtx.o
                0x00000000080019e0                chMtxLockS
 .text.chMtxLock
                0x0000000008001af0       0x20 build/obj/chmtx.o
                0x0000000008001af0                chMtxLock
 .text.chMtxTryLockS
                0x0000000008001b10       0x40 build/obj/chmtx.o
                0x0000000008001b10                chMtxTryLockS
 .text.chMtxTryLock
                0x0000000008001b50       0x30 build/obj/chmtx.o
                0x0000000008001b50                chMtxTryLock
 .text.chMtxUnlock
                0x0000000008001b80       0xa0 build/obj/chmtx.o
                0x0000000008001b80                chMtxUnlock
 .text.chMtxUnlockS
                0x0000000008001c20       0x80 build/obj/chmtx.o
                0x0000000008001c20                chMtxUnlockS
 .text.chMtxUnlockAll
                0x0000000008001ca0       0x60 build/obj/chmtx.o
                0x0000000008001ca0                chMtxUnlockAll
 .text.chCondInit
                0x0000000008001d00       0x20 build/obj/chcond.o
                0x0000000008001d00                chCondInit
 .text.chCondSignal
                0x0000000008001d20       0x40 build/obj/chcond.o
                0x0000000008001d20                chCondSignal
 .text.chCondSignalI
                0x0000000008001d60       0x30 build/obj/chcond.o
                0x0000000008001d60                chCondSignalI
 .text.chCondBroadcastI
                0x0000000008001d90       0x40 build/obj/chcond.o
                0x0000000008001d90                chCondBroadcastI
 .text.chCondBroadcast
                0x0000000008001dd0       0x30 build/obj/chcond.o
                0x0000000008001dd0                chCondBroadcast
 .text.chCondWaitS
                0x0000000008001e00       0x80 build/obj/chcond.o
                0x0000000008001e00                chCondWaitS
 .text.chCondWait
                0x0000000008001e80       0x30 build/obj/chcond.o
                0x0000000008001e80                chCondWait
 .text.chCondWaitTimeoutS
                0x0000000008001eb0       0x90 build/obj/chcond.o
                0x0000000008001eb0                chCondWaitTimeoutS
 .text.chCondWaitTimeout
                0x0000000008001f40       0x30 build/obj/chcond.o
                0x0000000008001f40                chCondWaitTimeout
 .text.chEvtRegisterMask
                0x0000000008001f70       0x60 build/obj/chevents.o
                0x0000000008001f70                chEvtRegisterMask
 .text.chEvtUnregister
                0x0000000008001fd0       0x60 build/obj/chevents.o
                0x0000000008001fd0                chEvtUnregister
 .text.chEvtGetAndClearEvents
                0x0000000008002030       0x30 build/obj/chevents.o
                0x0000000008002030                chEvtGetAndClearEvents
 .text.chEvtAddEvents
                0x0000000008002060       0x30 build/obj/chevents.o
                0x0000000008002060                chEvtAddEvents
 .text.chEvtSignalI
                0x0000000008002090       0x50 build/obj/chevents.o
                0x0000000008002090                chEvtSignalI
 .text.chEvtSignal
                0x00000000080020e0       0x40 build/obj/chevents.o
                0x00000000080020e0                chEvtSignal
 .text.chEvtBroadcastFlagsI
                0x0000000008002120       0x40 build/obj/chevents.o
                0x0000000008002120                chEvtBroadcastFlagsI
 .text.chEvtBroadcastFlags
                0x0000000008002160       0x30 build/obj/chevents.o
                0x0000000008002160                chEvtBroadcastFlags
 .text.chEvtDispatch
                0x0000000008002190       0x60 build/obj/chevents.o
                0x0000000008002190                chEvtDispatch
 .text.chEvtWaitOne
                0x00000000080021f0       0x50 build/obj/chevents.o
                0x00000000080021f0                chEvtWaitOne
 .text.chEvtWaitAny
                0x0000000008002240       0x50 build/obj/chevents.o
                0x0000000008002240                chEvtWaitAny
 .text.chEvtWaitAll
                0x0000000008002290       0x40 build/obj/chevents.o
                0x0000000008002290                chEvtWaitAll
 .text.chEvtWaitOneTimeout
                0x00000000080022d0       0x60 build/obj/chevents.o
                0x00000000080022d0                chEvtWaitOneTimeout
 .text.chEvtWaitAnyTimeout
                0x0000000008002330       0x60 build/obj/chevents.o
                0x0000000008002330                chEvtWaitAnyTimeout
 .text.chEvtWaitAllTimeout
                0x0000000008002390       0x70 build/obj/chevents.o
                0x0000000008002390                chEvtWaitAllTimeout
 .text.chMsgSend
                0x0000000008002400       0x70 build/obj/chmsg.o
                0x0000000008002400                chMsgSend
 .text.chMsgWait
                0x0000000008002470       0x50 build/obj/chmsg.o
                0x0000000008002470                chMsgWait
 .text.chMsgRelease
                0x00000000080024c0       0x40 build/obj/chmsg.o
                0x00000000080024c0                chMsgRelease
 .text.chMBInit
                0x0000000008002500       0x50 build/obj/chmboxes.o
                0x0000000008002500                chMBInit
 .text.chMBReset
                0x0000000008002550       0x50 build/obj/chmboxes.o
                0x0000000008002550                chMBReset
 .text.chMBPostS
                0x00000000080025a0       0x50 build/obj/chmboxes.o
                0x00000000080025a0                chMBPostS
 .text.chMBPost
                0x00000000080025f0       0x30 build/obj/chmboxes.o
                0x00000000080025f0                chMBPost
 .text.chMBPostI
                0x0000000008002620       0x50 build/obj/chmboxes.o
                0x0000000008002620                chMBPostI
 .text.chMBPostAheadS
                0x0000000008002670       0x50 build/obj/chmboxes.o
                0x0000000008002670                chMBPostAheadS
 .text.chMBPostAhead
                0x00000000080026c0       0x30 build/obj/chmboxes.o
                0x00000000080026c0                chMBPostAhead
 .text.chMBPostAheadI
                0x00000000080026f0       0x50 build/obj/chmboxes.o
                0x00000000080026f0                chMBPostAheadI
 .text.chMBFetchS
                0x0000000008002740       0x60 build/obj/chmboxes.o
                0x0000000008002740                chMBFetchS
 .text.chMBFetch
                0x00000000080027a0       0x30 build/obj/chmboxes.o
                0x00000000080027a0                chMBFetch
 .text.chMBFetchI
                0x00000000080027d0       0x60 build/obj/chmboxes.o
                0x00000000080027d0                chMBFetchI
 .text.qwait    0x0000000008002830       0x30 build/obj/chqueues.o
 .text.chIQInit
                0x0000000008002860       0x20 build/obj/chqueues.o
                0x0000000008002860                chIQInit
 .text.chIQResetI
                0x0000000008002880       0x30 build/obj/chqueues.o
                0x0000000008002880                chIQResetI
 .text.chIQPutI
                0x00000000080028b0       0x50 build/obj/chqueues.o
                0x00000000080028b0                chIQPutI
 .text.chIQGetTimeout
                0x0000000008002900       0x60 build/obj/chqueues.o
                0x0000000008002900                chIQGetTimeout
 .text.chIQReadTimeout
                0x0000000008002960       0x90 build/obj/chqueues.o
                0x0000000008002960                chIQReadTimeout
 .text.chOQInit
                0x00000000080029f0       0x20 build/obj/chqueues.o
                0x00000000080029f0                chOQInit
 .text.chOQResetI
                0x0000000008002a10       0x40 build/obj/chqueues.o
                0x0000000008002a10                chOQResetI
 .text.chOQPutTimeout
                0x0000000008002a50       0x70 build/obj/chqueues.o
                0x0000000008002a50                chOQPutTimeout
 .text.chOQGetI
                0x0000000008002ac0       0x50 build/obj/chqueues.o
                0x0000000008002ac0                chOQGetI
 .text.chOQWriteTimeout
                0x0000000008002b10       0xb0 build/obj/chqueues.o
                0x0000000008002b10                chOQWriteTimeout
 .text._core_init
                0x0000000008002bc0       0x30 build/obj/chmemcore.o
                0x0000000008002bc0                _core_init
 .text.chCoreAllocI
                0x0000000008002bf0       0x40 build/obj/chmemcore.o
                0x0000000008002bf0                chCoreAllocI
 .text.chCoreAlloc
                0x0000000008002c30       0x30 build/obj/chmemcore.o
                0x0000000008002c30                chCoreAlloc
 .text.chCoreStatus
                0x0000000008002c60       0x20 build/obj/chmemcore.o
                0x0000000008002c60                chCoreStatus
 .text._heap_init
                0x0000000008002c80       0x20 build/obj/chheap.o
                0x0000000008002c80                _heap_init
 .text.chHeapInit
                0x0000000008002ca0       0x40 build/obj/chheap.o
                0x0000000008002ca0                chHeapInit
 .text.chHeapAlloc
                0x0000000008002ce0       0x90 build/obj/chheap.o
                0x0000000008002ce0                chHeapAlloc
 .text.chHeapFree
                0x0000000008002d70       0xf0 build/obj/chheap.o
                0x0000000008002d70                chHeapFree
 .text.chHeapStatus
                0x0000000008002e60       0x40 build/obj/chheap.o
                0x0000000008002e60                chHeapStatus
 .text.chPoolInit
                0x0000000008002ea0       0x30 build/obj/chmempools.o
                0x0000000008002ea0                chPoolInit
 .text.chPoolAllocI
                0x0000000008002ed0       0x30 build/obj/chmempools.o
                0x0000000008002ed0                chPoolAllocI
 .text.chPoolAlloc
                0x0000000008002f00       0x30 build/obj/chmempools.o
                0x0000000008002f00                chPoolAlloc
 .text.chPoolFreeI
                0x0000000008002f30       0x30 build/obj/chmempools.o
                0x0000000008002f30                chPoolFreeI
 .text.chPoolFree
                0x0000000008002f60       0x30 build/obj/chmempools.o
                0x0000000008002f60                chPoolFree
 .text.chPoolLoadArray
                0x0000000008002f90       0x80 build/obj/chmempools.o
                0x0000000008002f90                chPoolLoadArray
 .text.tmr      0x0000000008003010       0x10 build/obj/test.o
 .text.print_line
                0x0000000008003020       0x50 build/obj/test.o
 .text.test_printn
                0x0000000008003070       0xa0 build/obj/test.o
                0x0000000008003070                test_printn
 .text.test_print
                0x0000000008003110       0x30 build/obj/test.o
                0x0000000008003110                test_print
 .text.test_println
                0x0000000008003140       0x30 build/obj/test.o
                0x0000000008003140                test_println
 .text.test_emit_token
                0x0000000008003170       0x30 build/obj/test.o
                0x0000000008003170                test_emit_token
 .text._test_assert
                0x00000000080031a0       0x30 build/obj/test.o
                0x00000000080031a0                _test_assert
 .text._test_assert_sequence
                0x00000000080031d0       0x90 build/obj/test.o
                0x00000000080031d0                _test_assert_sequence
 .text._test_assert_time_window
                0x0000000008003260       0x40 build/obj/test.o
                0x0000000008003260                _test_assert_time_window
 .text.test_terminate_threads
                0x00000000080032a0       0x40 build/obj/test.o
                0x00000000080032a0                test_terminate_threads
 .text.test_wait_threads
                0x00000000080032e0       0x70 build/obj/test.o
                0x00000000080032e0                test_wait_threads
 .text.test_cpu_pulse
                0x0000000008003350       0x60 build/obj/test.o
                0x0000000008003350                test_cpu_pulse
 .text.test_wait_tick
                0x00000000080033b0       0x20 build/obj/test.o
                0x00000000080033b0                test_wait_tick
 .text.test_start_timer
                0x00000000080033d0       0x60 build/obj/test.o
                0x00000000080033d0                test_start_timer
 .text.TestThread
                0x0000000008003430      0x2b0 build/obj/test.o
                0x0000000008003430                TestThread
 .text.thd3_execute
                0x00000000080036e0      0x160 build/obj/testthd.o
 .text.thd2_execute
                0x0000000008003840      0x100 build/obj/testthd.o
 .text.thd1_execute
                0x0000000008003940       0xf0 build/obj/testthd.o
 .text.thread   0x0000000008003a30       0x10 build/obj/testthd.o
 .text.thd4_execute
                0x0000000008003a40       0x80 build/obj/testthd.o
 .text.sem3_setup
                0x0000000008003ac0       0x10 build/obj/testsem.o
 .text.sem2_setup
                0x0000000008003ad0       0x10 build/obj/testsem.o
 .text.sem1_setup
                0x0000000008003ae0       0x10 build/obj/testsem.o
 .text.sem4_execute
                0x0000000008003af0      0x120 build/obj/testsem.o
 .text.thread4  0x0000000008003c10       0x40 build/obj/testsem.o
 .text.thread3  0x0000000008003c50       0x20 build/obj/testsem.o
 .text.thread1  0x0000000008003c70       0x20 build/obj/testsem.o
 .text.thread2  0x0000000008003c90       0x30 build/obj/testsem.o
 .text.sem1_execute
                0x0000000008003cc0      0x190 build/obj/testsem.o
 .text.sem3_execute
                0x0000000008003e50       0xb0 build/obj/testsem.o
 .text.sem2_execute
                0x0000000008003f00      0x2b0 build/obj/testsem.o
 .text.mtx8_execute
                0x00000000080041b0       0xc0 build/obj/testmtx.o
 .text.thread12
                0x0000000008004270       0x20 build/obj/testmtx.o
 .text.thread1  0x0000000008004290       0x20 build/obj/testmtx.o
 .text.thread10
                0x00000000080042b0       0x30 build/obj/testmtx.o
 .text.thread11
                0x00000000080042e0       0x40 build/obj/testmtx.o
 .text.mtx8_setup
                0x0000000008004320       0x30 build/obj/testmtx.o
 .text.mtx7_setup
                0x0000000008004350       0x20 build/obj/testmtx.o
 .text.mtx6_setup
                0x0000000008004370       0x20 build/obj/testmtx.o
 .text.mtx5_setup
                0x0000000008004390       0x10 build/obj/testmtx.o
 .text.mtx4_setup
                0x00000000080043a0       0x20 build/obj/testmtx.o
 .text.mtx3_setup
                0x00000000080043c0       0x20 build/obj/testmtx.o
 .text.mtx2_setup
                0x00000000080043e0       0x10 build/obj/testmtx.o
 .text.mtx1_setup
                0x00000000080043f0       0x10 build/obj/testmtx.o
 .text.mtx7_execute
                0x0000000008004400       0xf0 build/obj/testmtx.o
 .text.mtx6_execute
                0x00000000080044f0      0x110 build/obj/testmtx.o
 .text.mtx1_execute
                0x0000000008004600      0x120 build/obj/testmtx.o
 .text.mtx5_execute
                0x0000000008004720       0xd0 build/obj/testmtx.o
 .text.mtx4_execute
                0x00000000080047f0      0x2b0 build/obj/testmtx.o
 .text.thread4b
                0x0000000008004aa0       0x20 build/obj/testmtx.o
 .text.thread4a
                0x0000000008004ac0       0x20 build/obj/testmtx.o
 .text.mtx3_execute
                0x0000000008004ae0      0x100 build/obj/testmtx.o
 .text.mtx2_execute
                0x0000000008004be0       0xc0 build/obj/testmtx.o
 .text.thread3HH
                0x0000000008004ca0       0x30 build/obj/testmtx.o
 .text.thread3H
                0x0000000008004cd0       0x20 build/obj/testmtx.o
 .text.thread3M
                0x0000000008004cf0       0x30 build/obj/testmtx.o
 .text.thread3L
                0x0000000008004d20       0x50 build/obj/testmtx.o
 .text.thread3LL
                0x0000000008004d70       0x30 build/obj/testmtx.o
 .text.thread2L
                0x0000000008004da0       0x30 build/obj/testmtx.o
 .text.thread2M
                0x0000000008004dd0       0x20 build/obj/testmtx.o
 .text.thread2H
                0x0000000008004df0       0x30 build/obj/testmtx.o
 .text.msg1_execute
                0x0000000008004e20       0x90 build/obj/testmsg.o
 .text.thread   0x0000000008004eb0       0x20 build/obj/testmsg.o
 .text.mbox1_setup
                0x0000000008004ed0       0x20 build/obj/testmbox.o
 .text.mbox1_execute
                0x0000000008004ef0      0x810 build/obj/testmbox.o
 .text.evt3_setup
                0x0000000008005700       0x10 build/obj/testevt.o
 .text.evt2_setup
                0x0000000008005710       0x10 build/obj/testevt.o
 .text.evt1_setup
                0x0000000008005720       0x10 build/obj/testevt.o
 .text.thread2  0x0000000008005730       0x30 build/obj/testevt.o
 .text.thread1  0x0000000008005760       0x20 build/obj/testevt.o
 .text.evt1_execute
                0x0000000008005780       0x90 build/obj/testevt.o
 .text.h3       0x0000000008005810       0x10 build/obj/testevt.o
 .text.h2       0x0000000008005820       0x10 build/obj/testevt.o
 .text.h1       0x0000000008005830       0x10 build/obj/testevt.o
 .text.evt3_execute
                0x0000000008005840       0xb0 build/obj/testevt.o
 .text.evt2_execute
                0x00000000080058f0      0x280 build/obj/testevt.o
 .text.heap1_execute
                0x0000000008005b70      0x300 build/obj/testheap.o
 .text.heap1_setup
                0x0000000008005e70       0x20 build/obj/testheap.o
 .text.null_provider
                0x0000000008005e90       0x10 build/obj/testpools.o
 .text.pools1_setup
                0x0000000008005ea0       0x20 build/obj/testpools.o
 .text.pools1_execute
                0x0000000008005ec0      0x1f0 build/obj/testpools.o
 .text.regfind  0x00000000080060b0       0x30 build/obj/testdyn.o
 .text.dyn3_execute
                0x00000000080060e0      0x160 build/obj/testdyn.o
 .text.thread   0x0000000008006240       0x10 build/obj/testdyn.o
 .text.dyn3_setup
                0x0000000008006250       0x20 build/obj/testdyn.o
 .text.dyn1_setup
                0x0000000008006270       0x20 build/obj/testdyn.o
 .text.dyn2_execute
                0x0000000008006290      0x1c0 build/obj/testdyn.o
 .text.dyn2_setup
                0x0000000008006450       0x20 build/obj/testdyn.o
 .text.dyn1_execute
                0x0000000008006470      0x140 build/obj/testdyn.o
 .text.notify   0x00000000080065b0       0x10 build/obj/testqueues.o
 .text.thread2  0x00000000080065c0       0x20 build/obj/testqueues.o
 .text.queues2_setup
                0x00000000080065e0       0x30 build/obj/testqueues.o
 .text.thread1  0x0000000008006610       0x20 build/obj/testqueues.o
 .text.queues1_setup
                0x0000000008006630       0x30 build/obj/testqueues.o
 .text.queues2_execute
                0x0000000008006660      0x390 build/obj/testqueues.o
 .text.queues1_execute
                0x00000000080069f0      0x3b0 build/obj/testqueues.o
 .text.thread2  0x0000000008006da0       0x10 build/obj/testbmk.o
 .text.tmo      0x0000000008006db0       0x10 build/obj/testbmk.o
 .text.bmk13_execute
                0x0000000008006dc0      0x100 build/obj/testbmk.o
 .text.bmk12_execute
                0x0000000008006ec0       0x90 build/obj/testbmk.o
 .text.bmk12_setup
                0x0000000008006f50       0x10 build/obj/testbmk.o
 .text.thread3  0x0000000008006f60       0x30 build/obj/testbmk.o
 .text.bmk11_execute
                0x0000000008006f90       0xb0 build/obj/testbmk.o
 .text.bmk11_setup
                0x0000000008007040       0x10 build/obj/testbmk.o
 .text.bmk7_setup
                0x0000000008007050       0x10 build/obj/testbmk.o
 .text.bmk10_execute
                0x0000000008007060       0xa0 build/obj/testbmk.o
 .text.bmk9_execute
                0x0000000008007100       0xf0 build/obj/testbmk.o
 .text.bmk6_execute
                0x00000000080071f0       0x80 build/obj/testbmk.o
 .text.bmk8_execute
                0x0000000008007270       0xf0 build/obj/testbmk.o
 .text.thread8  0x0000000008007360       0x30 build/obj/testbmk.o
 .text.bmk7_execute
                0x0000000008007390      0x140 build/obj/testbmk.o
 .text.bmk5_execute
                0x00000000080074d0       0x80 build/obj/testbmk.o
 .text.bmk4_execute
                0x0000000008007550       0xe0 build/obj/testbmk.o
 .text.msg_loop_test
                0x0000000008007630       0x40 build/obj/testbmk.o
 .text.bmk3_execute
                0x0000000008007670      0x100 build/obj/testbmk.o
 .text.bmk2_execute
                0x0000000008007770       0x80 build/obj/testbmk.o
 .text.bmk1_execute
                0x00000000080077f0       0x80 build/obj/testbmk.o
 .text.thread1  0x0000000008007870       0x20 build/obj/testbmk.o
 .text.thread4  0x0000000008007890       0x30 build/obj/testbmk.o
                0x0000000008007890                thread4
 .text.halInit  0x00000000080078c0       0x30 build/obj/hal.o
                0x00000000080078c0                halInit
 .text.halPolledDelay
                0x00000000080078f0       0x40 build/obj/hal.o
                0x00000000080078f0                halPolledDelay
 .text.onotify  0x0000000008007930       0x60 build/obj/serial_usb.o
 .text.inotify  0x0000000008007990       0x70 build/obj/serial_usb.o
 .text.readt    0x0000000008007a00       0x10 build/obj/serial_usb.o
 .text.read     0x0000000008007a10       0x10 build/obj/serial_usb.o
 .text.writet   0x0000000008007a20       0x10 build/obj/serial_usb.o
 .text.write    0x0000000008007a30       0x10 build/obj/serial_usb.o
 .text.gett     0x0000000008007a40       0x10 build/obj/serial_usb.o
 .text.get      0x0000000008007a50       0x10 build/obj/serial_usb.o
 .text.putt     0x0000000008007a60       0x10 build/obj/serial_usb.o
 .text.put      0x0000000008007a70       0x10 build/obj/serial_usb.o
 .text.sduInit  0x0000000008007a80       0x10 build/obj/serial_usb.o
                0x0000000008007a80                sduInit
 .text.sduObjectInit
                0x0000000008007a90       0x50 build/obj/serial_usb.o
                0x0000000008007a90                sduObjectInit
 .text.sduStart
                0x0000000008007ae0       0x50 build/obj/serial_usb.o
                0x0000000008007ae0                sduStart
 .text.sduConfigureHookI
                0x0000000008007b30       0x40 build/obj/serial_usb.o
                0x0000000008007b30                sduConfigureHookI
 .text.sduRequestsHook
                0x0000000008007b70       0x50 build/obj/serial_usb.o
                0x0000000008007b70                sduRequestsHook
 .text.sduDataTransmitted
                0x0000000008007bc0       0x90 build/obj/serial_usb.o
                0x0000000008007bc0                sduDataTransmitted
 .text.sduDataReceived
                0x0000000008007c50       0x70 build/obj/serial_usb.o
                0x0000000008007c50                sduDataReceived
 .text.sduInterruptTransmitted
                0x0000000008007cc0       0x10 build/obj/serial_usb.o
                0x0000000008007cc0                sduInterruptTransmitted
 .text.tm_start
                0x0000000008007cd0       0x10 build/obj/tm.o
 .text.tm_stop  0x0000000008007ce0       0x40 build/obj/tm.o
 .text.tmInit   0x0000000008007d20       0x50 build/obj/tm.o
                0x0000000008007d20                tmInit
 .text.usbInit  0x0000000008007d70       0x10 build/obj/usb.o
                0x0000000008007d70                usbInit
 .text.usbObjectInit
                0x0000000008007d80       0x10 build/obj/usb.o
                0x0000000008007d80                usbObjectInit
 .text.usbStart
                0x0000000008007d90       0x70 build/obj/usb.o
                0x0000000008007d90                usbStart
 .text.usbInitEndpointI
                0x0000000008007e00       0x80 build/obj/usb.o
                0x0000000008007e00                usbInitEndpointI
 .text.usbPrepareReceive
                0x0000000008007e80       0x20 build/obj/usb.o
                0x0000000008007e80                usbPrepareReceive
 .text.usbPrepareTransmit
                0x0000000008007ea0       0x20 build/obj/usb.o
                0x0000000008007ea0                usbPrepareTransmit
 .text.usbPrepareQueuedReceive
                0x0000000008007ec0       0x20 build/obj/usb.o
                0x0000000008007ec0                usbPrepareQueuedReceive
 .text.usbPrepareQueuedTransmit
                0x0000000008007ee0       0x20 build/obj/usb.o
                0x0000000008007ee0                usbPrepareQueuedTransmit
 .text.usbStartReceiveI
                0x0000000008007f00       0x40 build/obj/usb.o
                0x0000000008007f00                usbStartReceiveI
 .text.usbStartTransmitI
                0x0000000008007f40       0x40 build/obj/usb.o
                0x0000000008007f40                usbStartTransmitI
 .text._usb_reset
                0x0000000008007f80       0x30 build/obj/usb.o
                0x0000000008007f80                _usb_reset
 .text._usb_ep0setup
                0x0000000008007fb0      0x350 build/obj/usb.o
                0x0000000008007fb0                _usb_ep0setup
 .text._usb_ep0in
                0x0000000008008300       0xc0 build/obj/usb.o
                0x0000000008008300                _usb_ep0in
 .text._usb_ep0out
                0x00000000080083c0       0x80 build/obj/usb.o
                0x00000000080083c0                _usb_ep0out
 .text.hal_lld_init
                0x0000000008008440       0xc0 build/obj/hal_lld.o
                0x0000000008008440                hal_lld_init
 .text.stm32_clock_init
                0x0000000008008500       0xe0 build/obj/hal_lld.o
                0x0000000008008500                stm32_clock_init
 .text._pal_lld_init
                0x00000000080085e0       0x90 build/obj/pal_lld.o
                0x00000000080085e0                _pal_lld_init
 .text.otg_disable_ep
                0x0000000008008670       0xa0 build/obj/usb_lld.o
 .text.otg_txfifo_flush
                0x0000000008008710       0x20 build/obj/usb_lld.o
 .text.usb_lld_pump
                0x0000000008008730      0x4c0 build/obj/usb_lld.o
 .text.otg_epin_handler
                0x0000000008008bf0       0x90 build/obj/usb_lld.o
 .text.otg_epout_handler
                0x0000000008008c80       0x60 build/obj/usb_lld.o
 .text.Vector14C
                0x0000000008008ce0      0x150 build/obj/usb_lld.o
                0x0000000008008ce0                Vector14C
 .text.usb_lld_init
                0x0000000008008e30       0x50 build/obj/usb_lld.o
                0x0000000008008e30                usb_lld_init
 .text.usb_lld_start
                0x0000000008008e80       0xe0 build/obj/usb_lld.o
                0x0000000008008e80                usb_lld_start
 .text.usb_lld_reset
                0x0000000008008f60      0x150 build/obj/usb_lld.o
                0x0000000008008f60                usb_lld_reset
 .text.usb_lld_set_address
                0x00000000080090b0       0x20 build/obj/usb_lld.o
                0x00000000080090b0                usb_lld_set_address
 .text.usb_lld_init_endpoint
                0x00000000080090d0      0x170 build/obj/usb_lld.o
                0x00000000080090d0                usb_lld_init_endpoint
 .text.usb_lld_get_status_out
                0x0000000008009240       0x20 build/obj/usb_lld.o
                0x0000000008009240                usb_lld_get_status_out
 .text.usb_lld_get_status_in
                0x0000000008009260       0x20 build/obj/usb_lld.o
                0x0000000008009260                usb_lld_get_status_in
 .text.usb_lld_read_setup
                0x0000000008009280       0x20 build/obj/usb_lld.o
                0x0000000008009280                usb_lld_read_setup
 .text.usb_lld_prepare_receive
                0x00000000080092a0       0x30 build/obj/usb_lld.o
                0x00000000080092a0                usb_lld_prepare_receive
 .text.usb_lld_prepare_transmit
                0x00000000080092d0       0x40 build/obj/usb_lld.o
                0x00000000080092d0                usb_lld_prepare_transmit
 .text.usb_lld_start_out
                0x0000000008009310       0x10 build/obj/usb_lld.o
                0x0000000008009310                usb_lld_start_out
 .text.usb_lld_start_in
                0x0000000008009320       0x30 build/obj/usb_lld.o
                0x0000000008009320                usb_lld_start_in
 .text.usb_lld_stall_out
                0x0000000008009350       0x10 build/obj/usb_lld.o
                0x0000000008009350                usb_lld_stall_out
 .text.usb_lld_stall_in
                0x0000000008009360       0x10 build/obj/usb_lld.o
                0x0000000008009360                usb_lld_stall_in
 .text.usb_lld_clear_out
                0x0000000008009370       0x10 build/obj/usb_lld.o
                0x0000000008009370                usb_lld_clear_out
 .text.usb_lld_clear_in
                0x0000000008009380       0x10 build/obj/usb_lld.o
                0x0000000008009380                usb_lld_clear_in
 .text.__early_init
                0x0000000008009390       0x10 build/obj/board.o
                0x0000000008009390                __early_init
 .text.boardInit
                0x00000000080093a0       0x20 build/obj/board.o
                0x00000000080093a0                boardInit
 .text.cmd_systime
                0x00000000080093c0       0x30 build/obj/shell.o
 .text.cmd_info
                0x00000000080093f0       0xf0 build/obj/shell.o
 .text._strtok.constprop.2
                0x00000000080094e0       0x50 build/obj/shell.o
 .text.shellInit
                0x0000000008009530       0x10 build/obj/shell.o
                0x0000000008009530                shellInit
 .text.shellCreate
                0x0000000008009540       0x20 build/obj/shell.o
                0x0000000008009540                shellCreate
 .text.shellGetLine
                0x0000000008009560       0xb0 build/obj/shell.o
                0x0000000008009560                shellGetLine
 .text.shell_thread
                0x0000000008009610      0x290 build/obj/shell.o
 .text.chprintf
                0x00000000080098a0      0x4b0 build/obj/chprintf.o
                0x00000000080098a0                chprintf
 .text.get_descriptor
                0x0000000008009d50       0x40 build/obj/main.o
 .text.Thread1  0x0000000008009d90       0x50 build/obj/main.o
 .text.cmd_write
                0x0000000008009de0       0x60 build/obj/main.o
 .text.cmd_test
                0x0000000008009e40       0x60 build/obj/main.o
 .text.cmd_threads
                0x0000000008009ea0       0x80 build/obj/main.o
 .text.cmd_mem  0x0000000008009f20       0x60 build/obj/main.o
 .text.usb_event
                0x0000000008009f80       0x50 build/obj/main.o
 .text.memset   0x0000000008009fd0       0x10 /home/formica/toolchains/arm-cs-tools/bin/../lib/gcc/arm-none-eabi/4.6.3/../../../../arm-none-eabi/lib/thumb2/libc.a(lib_a-memset.o)
                0x0000000008009fd0                memset
 .text.strcasecmp
                0x0000000008009fe0       0x3c /home/formica/toolchains/arm-cs-tools/bin/../lib/gcc/arm-none-eabi/4.6.3/../../../../arm-none-eabi/lib/thumb2/libc.a(lib_a-strcasecmp.o)
                0x0000000008009fe0                strcasecmp
 *fill*         0x000000000800a01c        0x4 00
 .text.strchr   0x000000000800a020       0x1a /home/formica/toolchains/arm-cs-tools/bin/../lib/gcc/arm-none-eabi/4.6.3/../../../../arm-none-eabi/lib/thumb2/libc.a(lib_a-strchr.o)
                0x000000000800a020                strchr
 *fill*         0x000000000800a03a        0x6 00
 .text.strspn   0x000000000800a040       0x24 /home/formica/toolchains/arm-cs-tools/bin/../lib/gcc/arm-none-eabi/4.6.3/../../../../arm-none-eabi/lib/thumb2/libc.a(lib_a-strspn.o)
                0x000000000800a040                strspn
 *(.rodata)
 *fill*         0x000000000800a064        0xc 00
 .rodata        0x000000000800a070        0x4 build/obj/shell.o
 *(.rodata.*)
 *fill*         0x000000000800a074        0xc 00
 .rodata.str1.4
                0x000000000800a080        0x5 build/obj/chsys.o
                                          0x8 (size before relaxing)
 *fill*         0x000000000800a085        0xb 00
 .rodata.str1.4
                0x000000000800a090       0x56 build/obj/chdebug.o
                                         0x58 (size before relaxing)
 *fill*         0x000000000800a0e6        0xa 00
 .rodata.str1.4
                0x000000000800a0f0       0x31 build/obj/chvt.o
                                         0x34 (size before relaxing)
 *fill*         0x000000000800a121        0xf 00
 .rodata.str1.4
                0x000000000800a130       0x23 build/obj/chschd.o
                                         0x24 (size before relaxing)
 *fill*         0x000000000800a153        0xd 00
 .rodata.str1.4
                0x000000000800a160       0x94 build/obj/chthreads.o
 *fill*         0x000000000800a1f4        0xc 00
 .rodata.str1.4
                0x000000000800a200       0x46 build/obj/chdynamic.o
                                         0x48 (size before relaxing)
 *fill*         0x000000000800a246        0xa 00
 .rodata.ch_debug
                0x000000000800a250       0x18 build/obj/chregistry.o
                0x000000000800a250                ch_debug
 *fill*         0x000000000800a268        0x8 00
 .rodata.str1.4
                0x000000000800a270       0x16 build/obj/chregistry.o
                                         0x18 (size before relaxing)
 *fill*         0x000000000800a286        0xa 00
 .rodata.str1.4
                0x000000000800a290      0x146 build/obj/chsem.o
                                        0x148 (size before relaxing)
 *fill*         0x000000000800a3d6        0xa 00
 .rodata.str1.4
                0x000000000800a3e0       0xab build/obj/chmtx.o
                                         0xac (size before relaxing)
 *fill*         0x000000000800a48b        0x5 00
 .rodata.str1.4
                0x000000000800a490       0xa5 build/obj/chcond.o
                                         0xa8 (size before relaxing)
 *fill*         0x000000000800a535        0xb 00
 .rodata.str1.4
                0x000000000800a540       0x90 build/obj/chevents.o
 .rodata.str1.4
                0x000000000800a5d0       0x23 build/obj/chmsg.o
                                         0x24 (size before relaxing)
 *fill*         0x000000000800a5f3        0xd 00
 .rodata.str1.4
                0x000000000800a600       0x87 build/obj/chmboxes.o
                                         0x88 (size before relaxing)
 *fill*         0x000000000800a687        0x9 00
 .rodata.str1.4
                0x000000000800a690       0x29 build/obj/chqueues.o
                                         0x2c (size before relaxing)
 *fill*         0x000000000800a6b9        0x7 00
 .rodata.str1.4
                0x000000000800a6c0       0x31 build/obj/chheap.o
                                         0x34 (size before relaxing)
 *fill*         0x000000000800a6f1        0xf 00
 .rodata.str1.4
                0x000000000800a700       0x48 build/obj/chmempools.o
 *fill*         0x000000000800a748        0x8 00
 .rodata.wa     0x000000000800a750       0x14 build/obj/test.o
                0x000000000800a750                wa
 *fill*         0x000000000800a764        0xc 00
 .rodata.str1.4
                0x000000000800a770      0x1b8 build/obj/test.o
                                        0x1cc (size before relaxing)
 *fill*         0x000000000800a928        0x8 00
 .rodata.patterns
                0x000000000800a930       0x30 build/obj/test.o
 .rodata.testthd1
                0x000000000800a960       0x10 build/obj/testthd.o
                0x000000000800a960                testthd1
 .rodata.testthd2
                0x000000000800a970       0x10 build/obj/testthd.o
                0x000000000800a970                testthd2
 .rodata.testthd3
                0x000000000800a980       0x10 build/obj/testthd.o
                0x000000000800a980                testthd3
 .rodata.testthd4
                0x000000000800a990       0x10 build/obj/testthd.o
                0x000000000800a990                testthd4
 .rodata.patternthd
                0x000000000800a9a0       0x14 build/obj/testthd.o
                0x000000000800a9a0                patternthd
 *fill*         0x000000000800a9b4        0xc 00
 .rodata.str1.4
                0x000000000800a9c0       0x77 build/obj/testthd.o
                                         0x80 (size before relaxing)
 *fill*         0x000000000800aa37        0x9 00
 .rodata.testsem1
                0x000000000800aa40       0x10 build/obj/testsem.o
                0x000000000800aa40                testsem1
 .rodata.testsem2
                0x000000000800aa50       0x10 build/obj/testsem.o
                0x000000000800aa50                testsem2
 .rodata.testsem3
                0x000000000800aa60       0x10 build/obj/testsem.o
                0x000000000800aa60                testsem3
 .rodata.testsem4
                0x000000000800aa70       0x10 build/obj/testsem.o
                0x000000000800aa70                testsem4
 .rodata.patternsem
                0x000000000800aa80       0x14 build/obj/testsem.o
                0x000000000800aa80                patternsem
 *fill*         0x000000000800aa94        0xc 00
 .rodata.str1.4
                0x000000000800aaa0       0x6e build/obj/testsem.o
                                         0x8c (size before relaxing)
 *fill*         0x000000000800ab0e        0x2 00
 .rodata.testmtx5
                0x000000000800ab10       0x10 build/obj/testmtx.o
                0x000000000800ab10                testmtx5
 .rodata.testmtx6
                0x000000000800ab20       0x10 build/obj/testmtx.o
                0x000000000800ab20                testmtx6
 .rodata.testmtx7
                0x000000000800ab30       0x10 build/obj/testmtx.o
                0x000000000800ab30                testmtx7
 .rodata.testmtx8
                0x000000000800ab40       0x10 build/obj/testmtx.o
                0x000000000800ab40                testmtx8
 .rodata.str1.4
                0x000000000800ab50       0xed build/obj/testmtx.o
                                        0x10c (size before relaxing)
 *fill*         0x000000000800ac3d        0x3 00
 .rodata.patternmtx
                0x000000000800ac40       0x24 build/obj/testmtx.o
                0x000000000800ac40                patternmtx
 *fill*         0x000000000800ac64        0xc 00
 .rodata.testmtx1
                0x000000000800ac70       0x10 build/obj/testmtx.o
                0x000000000800ac70                testmtx1
 .rodata.testmtx2
                0x000000000800ac80       0x10 build/obj/testmtx.o
                0x000000000800ac80                testmtx2
 .rodata.testmtx3
                0x000000000800ac90       0x10 build/obj/testmtx.o
                0x000000000800ac90                testmtx3
 .rodata.testmtx4
                0x000000000800aca0       0x10 build/obj/testmtx.o
                0x000000000800aca0                testmtx4
 .rodata.testmsg1
                0x000000000800acb0       0x10 build/obj/testmsg.o
                0x000000000800acb0                testmsg1
 .rodata.str1.4
                0x000000000800acc0        0xf build/obj/testmsg.o
                                         0x14 (size before relaxing)
 *fill*         0x000000000800accf        0x1 00
 .rodata.patternmsg
                0x000000000800acd0        0x8 build/obj/testmsg.o
                0x000000000800acd0                patternmsg
 *fill*         0x000000000800acd8        0x8 00
 .rodata.patternmbox
                0x000000000800ace0        0x8 build/obj/testmbox.o
                0x000000000800ace0                patternmbox
 *fill*         0x000000000800ace8        0x8 00
 .rodata.str1.4
                0x000000000800acf0       0x20 build/obj/testmbox.o
                                         0x28 (size before relaxing)
 .rodata.testmbox1
                0x000000000800ad10       0x10 build/obj/testmbox.o
                0x000000000800ad10                testmbox1
 .rodata.patternevt
                0x000000000800ad20       0x10 build/obj/testevt.o
                0x000000000800ad20                patternevt
 .rodata.testevt2
                0x000000000800ad30       0x10 build/obj/testevt.o
                0x000000000800ad30                testevt2
 .rodata.str1.4
                0x000000000800ad40       0x52 build/obj/testevt.o
                                         0x5c (size before relaxing)
 *fill*         0x000000000800ad92        0xe 00
 .rodata.testevt1
                0x000000000800ada0       0x10 build/obj/testevt.o
                0x000000000800ada0                testevt1
 .rodata.evhndl
                0x000000000800adb0        0xc build/obj/testevt.o
 *fill*         0x000000000800adbc        0x4 00
 .rodata.testevt3
                0x000000000800adc0       0x10 build/obj/testevt.o
                0x000000000800adc0                testevt3
 .rodata.patternheap
                0x000000000800add0        0x8 build/obj/testheap.o
                0x000000000800add0                patternheap
 *fill*         0x000000000800add8        0x8 00
 .rodata.str1.4
                0x000000000800ade0       0x28 build/obj/testheap.o
 *fill*         0x000000000800ae08        0x8 00
 .rodata.testheap1
                0x000000000800ae10       0x10 build/obj/testheap.o
                0x000000000800ae10                testheap1
 .rodata.str1.4
                0x000000000800ae20       0x1c build/obj/testpools.o
 *fill*         0x000000000800ae3c        0x4 00
 .rodata.patternpools
                0x000000000800ae40        0x8 build/obj/testpools.o
                0x000000000800ae40                patternpools
 *fill*         0x000000000800ae48        0x8 00
 .rodata.testpools1
                0x000000000800ae50       0x10 build/obj/testpools.o
                0x000000000800ae50                testpools1
 .rodata.testdyn1
                0x000000000800ae60       0x10 build/obj/testdyn.o
                0x000000000800ae60                testdyn1
 .rodata.testdyn2
                0x000000000800ae70       0x10 build/obj/testdyn.o
                0x000000000800ae70                testdyn2
 .rodata.testdyn3
                0x000000000800ae80       0x10 build/obj/testdyn.o
                0x000000000800ae80                testdyn3
 .rodata.str1.4
                0x000000000800ae90       0x8d build/obj/testdyn.o
                                         0xa4 (size before relaxing)
 *fill*         0x000000000800af1d        0x3 00
 .rodata.patterndyn
                0x000000000800af20       0x10 build/obj/testdyn.o
                0x000000000800af20                patterndyn
 .rodata.testqueues1
                0x000000000800af30       0x10 build/obj/testqueues.o
                0x000000000800af30                testqueues1
 .rodata.testqueues2
                0x000000000800af40       0x10 build/obj/testqueues.o
                0x000000000800af40                testqueues2
 .rodata.str1.4
                0x000000000800af50       0x2d build/obj/testqueues.o
                                         0x38 (size before relaxing)
 *fill*         0x000000000800af7d        0x3 00
 .rodata.patternqueues
                0x000000000800af80        0xc build/obj/testqueues.o
                0x000000000800af80                patternqueues
 *fill*         0x000000000800af8c        0x4 00
 .rodata.testbmk8
                0x000000000800af90       0x10 build/obj/testbmk.o
                0x000000000800af90                testbmk8
 .rodata.patternbmk
                0x000000000800afa0       0x38 build/obj/testbmk.o
                0x000000000800afa0                patternbmk
 *fill*         0x000000000800afd8        0x8 00
 .rodata.testbmk3
                0x000000000800afe0       0x10 build/obj/testbmk.o
                0x000000000800afe0                testbmk3
 .rodata.testbmk10
                0x000000000800aff0       0x10 build/obj/testbmk.o
                0x000000000800aff0                testbmk10
 .rodata.testbmk11
                0x000000000800b000       0x10 build/obj/testbmk.o
                0x000000000800b000                testbmk11
 .rodata.testbmk2
                0x000000000800b010       0x10 build/obj/testbmk.o
                0x000000000800b010                testbmk2
 .rodata.str1.4
                0x000000000800b020      0x2c7 build/obj/testbmk.o
                                        0x2c8 (size before relaxing)
 *fill*         0x000000000800b2e7        0x9 00
 .rodata.testbmk9
                0x000000000800b2f0       0x10 build/obj/testbmk.o
                0x000000000800b2f0                testbmk9
 .rodata.testbmk4
                0x000000000800b300       0x10 build/obj/testbmk.o
                0x000000000800b300                testbmk4
 .rodata.testbmk1
                0x000000000800b310       0x10 build/obj/testbmk.o
                0x000000000800b310                testbmk1
 .rodata.testbmk12
                0x000000000800b320       0x10 build/obj/testbmk.o
                0x000000000800b320                testbmk12
 .rodata.testbmk13
                0x000000000800b330       0x10 build/obj/testbmk.o
                0x000000000800b330                testbmk13
 .rodata.testbmk5
                0x000000000800b340       0x10 build/obj/testbmk.o
                0x000000000800b340                testbmk5
 .rodata.testbmk6
                0x000000000800b350       0x10 build/obj/testbmk.o
                0x000000000800b350                testbmk6
 .rodata.testbmk7
                0x000000000800b360       0x10 build/obj/testbmk.o
                0x000000000800b360                testbmk7
 .rodata.str1.4
                0x000000000800b370       0x3a build/obj/serial_usb.o
                                         0x3c (size before relaxing)
 *fill*         0x000000000800b3aa        0x6 00
 .rodata.vmt    0x000000000800b3b0       0x20 build/obj/serial_usb.o
 .rodata.zero_status
                0x000000000800b3d0        0x4 build/obj/usb.o
 *fill*         0x000000000800b3d4        0xc 00
 .rodata.active_status
                0x000000000800b3e0        0x4 build/obj/usb.o
 *fill*         0x000000000800b3e4        0xc 00
 .rodata.str1.4
                0x000000000800b3f0      0x122 build/obj/usb.o
                                        0x124 (size before relaxing)
 *fill*         0x000000000800b512        0xe 00
 .rodata.halted_status
                0x000000000800b520        0x4 build/obj/usb.o
 *fill*         0x000000000800b524        0xc 00
 .rodata.fsparams
                0x000000000800b530        0xc build/obj/usb_lld.o
 *fill*         0x000000000800b53c        0x4 00
 .rodata.str1.4
                0x000000000800b540       0x25 build/obj/usb_lld.o
                                         0x28 (size before relaxing)
 *fill*         0x000000000800b565        0xb 00
 .rodata.ep0config
                0x000000000800b570       0x24 build/obj/usb_lld.o
 *fill*         0x000000000800b594        0xc 00
 .rodata.pal_default_config
                0x000000000800b5a0       0x3c build/obj/board.o
                0x000000000800b5a0                pal_default_config
 *fill*         0x000000000800b5dc        0x4 00
 .rodata.str1.4
                0x000000000800b5e0      0x169 build/obj/shell.o
                                        0x1ec (size before relaxing)
 *fill*         0x000000000800b749        0x7 00
 .rodata.str1.4
                0x000000000800b750        0x7 build/obj/chprintf.o
                                          0x8 (size before relaxing)
 *fill*         0x000000000800b757        0x9 00
 .rodata.ep1config
                0x000000000800b760       0x24 build/obj/main.o
 *fill*         0x000000000800b784        0xc 00
 .rodata.vcom_configuration_descriptor_data
                0x000000000800b790       0x44 build/obj/main.o
 *fill*         0x000000000800b7d4        0xc 00
 .rodata.shell_cfg1
                0x000000000800b7e0        0x8 build/obj/main.o
 *fill*         0x000000000800b7e8        0x8 00
 .rodata.vcom_configuration_descriptor
                0x000000000800b7f0        0x8 build/obj/main.o
 *fill*         0x000000000800b7f8        0x8 00
 .rodata.ep2config
                0x000000000800b800       0x24 build/obj/main.o
 *fill*         0x000000000800b824        0xc 00
 .rodata.commands
                0x000000000800b830       0x28 build/obj/main.o
 *fill*         0x000000000800b858        0x8 00
 .rodata.usbcfg
                0x000000000800b860       0x10 build/obj/main.o
 .rodata.str1.4
                0x000000000800b870      0x1ac build/obj/main.o
                                        0x1b4 (size before relaxing)
 *fill*         0x000000000800ba1c        0x4 00
 .rodata.vcom_device_descriptor_data
                0x000000000800ba20       0x14 build/obj/main.o
 *fill*         0x000000000800ba34        0xc 00
 .rodata.states.7519
                0x000000000800ba40       0x3c build/obj/main.o
 *fill*         0x000000000800ba7c        0x4 00
 .rodata.vcom_string0
                0x000000000800ba80        0x4 build/obj/main.o
 *fill*         0x000000000800ba84        0xc 00
 .rodata.vcom_string1
                0x000000000800ba90       0x28 build/obj/main.o
 *fill*         0x000000000800bab8        0x8 00
 .rodata.vcom_string2
                0x000000000800bac0       0x38 build/obj/main.o
 *fill*         0x000000000800baf8        0x8 00
 .rodata.vcom_string3
                0x000000000800bb00        0x8 build/obj/main.o
 *fill*         0x000000000800bb08        0x8 00
 .rodata.vcom_strings
                0x000000000800bb10       0x20 build/obj/main.o
 .rodata.serusbcfg
                0x000000000800bb30        0x4 build/obj/main.o
 *fill*         0x000000000800bb34        0xc 00
 .rodata.vcom_device_descriptor
                0x000000000800bb40        0x8 build/obj/main.o
 *fill*         0x000000000800bb48        0x8 00
 .rodata._ctype_
                0x000000000800bb50      0x101 /home/formica/toolchains/arm-cs-tools/bin/../lib/gcc/arm-none-eabi/4.6.3/../../../../arm-none-eabi/lib/thumb2/libc.a(lib_a-ctype_.o)
                0x000000000800bb50                _ctype_
 *(.glue_7t)
 .glue_7t       0x0000000000000000        0x0 linker stubs
 *(.glue_7)
 .glue_7        0x0000000000000000        0x0 linker stubs
 *(.gcc*)

.vfp11_veneer   0x000000000800bc54        0x0
 .vfp11_veneer  0x0000000000000000        0x0 linker stubs

.v4_bx          0x000000000800bc54        0x0
 .v4_bx         0x0000000000000000        0x0 linker stubs

.iplt           0x000000000800bc54        0x0
 .iplt          0x0000000000000000        0x0 build/obj/crt0.o

.rel.dyn        0x000000000800bc54        0x0
 .rel.iplt      0x0000000000000000        0x0 build/obj/crt0.o

.ARM.extab
 *(.ARM.extab* .gnu.linkonce.armextab.*)

.ARM.exidx      0x000000000800bc51        0x0
                0x000000000800bc51                PROVIDE (__exidx_start, .)
 *(.ARM.exidx* .gnu.linkonce.armexidx.*)
                0x000000000800bc51                PROVIDE (__exidx_end, .)

.eh_frame_hdr
 *(.eh_frame_hdr)

.eh_frame
 *(.eh_frame)

.textalign      0x000000000800bc51        0x7
                0x000000000800bc58                . = ALIGN (0x8)
 *fill*         0x000000000800bc51        0x7 00
                0x000000000800bc58                _etext = .
                0x000000000800bc58                _textdata = _etext

.stacks         0x0000000020000000      0x800
                0x0000000020000000                . = ALIGN (0x8)
                0x0000000020000000                __main_stack_base__ = .
                0x0000000020000400                . = (. + __main_stack_size__)
 *fill*         0x0000000020000000      0x400 00
                0x0000000020000400                . = ALIGN (0x8)
                0x0000000020000400                __main_stack_end__ = .
                0x0000000020000400                __process_stack_base__ = .
                0x0000000020000400                __main_thread_stack_base__ = .
                0x0000000020000800                . = (. + __process_stack_size__)
 *fill*         0x0000000020000400      0x400 00
                0x0000000020000800                . = ALIGN (0x8)
                0x0000000020000800                __process_stack_end__ = .
                0x0000000020000800                __main_thread_stack_end__ = .

.data           0x0000000020000800      0x4e0 load address 0x000000000800bc58
                0x0000000020000800                . = ALIGN (0x4)
                0x0000000020000800                PROVIDE (_data, .)
 *(.data)
                0x0000000020000800                . = ALIGN (0x4)
 *(.data.*)
 .data.sem1     0x0000000020000800        0xc build/obj/testsem.o
 .data.m1       0x000000002000080c       0x10 build/obj/testmtx.o
 .data.m2       0x000000002000081c       0x10 build/obj/testmtx.o
 .data.c1       0x000000002000082c        0x8 build/obj/testmtx.o
 .data.mb1      0x0000000020000834       0x28 build/obj/testmbox.o
 .data.es1      0x000000002000085c        0x4 build/obj/testevt.o
 .data.es2      0x0000000020000860        0x4 build/obj/testevt.o
 .data.mp1      0x0000000020000864        0xc build/obj/testpools.o
 .data.oq       0x0000000020000870       0x24 build/obj/testqueues.o
 .data.iq       0x0000000020000894       0x24 build/obj/testqueues.o
 .data.linecoding
                0x00000000200008b8        0x8 build/obj/serial_usb.o
 .data.local_commands
                0x00000000200008c0       0x18 build/obj/shell.o
 .data.buf.7534
                0x00000000200008d8      0x404 build/obj/main.o
 .data.__ctype_ptr__
                0x0000000020000cdc        0x4 /home/formica/toolchains/arm-cs-tools/bin/../lib/gcc/arm-none-eabi/4.6.3/../../../../arm-none-eabi/lib/thumb2/libc.a(lib_a-ctype_.o)
                0x0000000020000cdc                __ctype_ptr__
                0x0000000020000ce0                . = ALIGN (0x4)
 *(.ramtext)
                0x0000000020000ce0                . = ALIGN (0x4)
                0x0000000020000ce0                PROVIDE (_edata, .)

.igot.plt       0x0000000020000ce0        0x0 load address 0x000000000800c138
 .igot.plt      0x0000000000000000        0x0 build/obj/crt0.o

.bss            0x0000000020000ce0     0x11e8 load address 0x000000000800c138
                0x0000000020000ce0                . = ALIGN (0x4)
                0x0000000020000ce0                PROVIDE (_bss_start, .)
 *(.bss)
                0x0000000020000ce0                . = ALIGN (0x4)
 *(.bss.*)
 .bss.mainthread.4697
                0x0000000020000ce0       0x4c build/obj/chsys.o
 *fill*         0x0000000020000d2c        0x4 00
 .bss._idle_thread_wa
                0x0000000020000d30       0xc0 build/obj/chsys.o
                0x0000000020000d30                _idle_thread_wa
 .bss.dbg_isr_cnt
                0x0000000020000df0        0x4 build/obj/chdebug.o
                0x0000000020000df0                dbg_isr_cnt
 .bss.dbg_trace_buffer
                0x0000000020000df4      0x408 build/obj/chdebug.o
                0x0000000020000df4                dbg_trace_buffer
 .bss.dbg_lock_cnt
                0x00000000200011fc        0x4 build/obj/chdebug.o
                0x00000000200011fc                dbg_lock_cnt
 .bss.dbg_panic_msg
                0x0000000020001200        0x4 build/obj/chdebug.o
                0x0000000020001200                dbg_panic_msg
 .bss.vtlist    0x0000000020001204       0x10 build/obj/chvt.o
                0x0000000020001204                vtlist
 .bss.rlist     0x0000000020001214       0x1c build/obj/chschd.o
                0x0000000020001214                rlist
 .bss.endmem    0x0000000020001230        0x4 build/obj/chmemcore.o
 .bss.nextmem   0x0000000020001234        0x4 build/obj/chmemcore.o
 .bss.default_heap
                0x0000000020001238       0x20 build/obj/chheap.o
 .bss.test      0x0000000020001258      0x5f0 build/obj/test.o
                0x0000000020001258                test
 .bss.failpoint
                0x0000000020001848        0x4 build/obj/test.o
 .bss.local_fail
                0x000000002000184c        0x4 build/obj/test.o
 .bss.test_timer_done
                0x0000000020001850        0x4 build/obj/test.o
                0x0000000020001850                test_timer_done
 .bss.tokp      0x0000000020001854        0x4 build/obj/test.o
 .bss.global_fail
                0x0000000020001858        0x4 build/obj/test.o
 .bss.vt        0x000000002000185c       0x14 build/obj/test.o
 .bss.threads   0x0000000020001870       0x14 build/obj/test.o
                0x0000000020001870                threads
 .bss.chp       0x0000000020001884        0x4 build/obj/test.o
 .bss.tokens_buffer
                0x0000000020001888       0x10 build/obj/test.o
 .bss.test_heap
                0x0000000020001898       0x20 build/obj/testheap.o
 .bss.mp1       0x00000000200018b8        0xc build/obj/testdyn.o
 *fill*         0x00000000200018c4        0x4 00
 .bss.heap1     0x00000000200018c8       0x20 build/obj/testdyn.o
 .bss.ib.4844   0x00000000200018e8       0x10 build/obj/testbmk.o
 .bss.mtx1      0x00000000200018f8       0x10 build/obj/testbmk.o
 .bss.vt1.4857  0x0000000020001908       0x14 build/obj/testbmk.o
 .bss.vt2.4858  0x000000002000191c       0x14 build/obj/testbmk.o
 .bss.sem1      0x0000000020001930        0xc build/obj/testbmk.o
 .bss.iq.4845   0x000000002000193c       0x24 build/obj/testbmk.o
 .bss.measurement_offset
                0x0000000020001960        0x4 build/obj/tm.o
 *fill*         0x0000000020001964        0x4 00
 .bss.USBD1     0x0000000020001968      0x188 build/obj/usb_lld.o
                0x0000000020001968                USBD1
 .bss.ep0_state
                0x0000000020001af0       0x10 build/obj/usb_lld.o
 .bss.ep0setup_buffer
                0x0000000020001b00        0x8 build/obj/usb_lld.o
 .bss.shell_terminated
                0x0000000020001b08        0x4 build/obj/shell.o
                0x0000000020001b08                shell_terminated
 .bss.ep2instate
                0x0000000020001b0c       0x10 build/obj/main.o
 .bss.SDU1      0x0000000020001b1c      0x258 build/obj/main.o
 .bss.ep1instate
                0x0000000020001d74       0x10 build/obj/main.o
 *fill*         0x0000000020001d84        0x4 00
 .bss.waThread1
                0x0000000020001d88      0x130 build/obj/main.o
 .bss.ep1outstate
                0x0000000020001eb8       0x10 build/obj/main.o
                0x0000000020001ec8                . = ALIGN (0x4)
 *(COMMON)
                0x0000000020001ec8                . = ALIGN (0x4)
                0x0000000020001ec8                PROVIDE (_bss_end, .)
                0x0000000020001ec8                PROVIDE (end, .)
                0x0000000020001ec8                _end = .
                0x0000000020001ec8                __heap_base__ = _end
                0x0000000020010000                __heap_end__ = __ram_end__
OUTPUT(build/ch.elf elf32-littlearm)

.debug_info     0x0000000000000000    0x1a4ee
 .debug_info    0x0000000000000000      0x29c build/obj/crt0.o
 .debug_info    0x000000000000029c      0x1e1 build/obj/vectors.o
 .debug_info    0x000000000000047d       0x8b build/obj/chcore.o
 .debug_info    0x0000000000000508      0x807 build/obj/chcore_v7m.o
 .debug_info    0x0000000000000d0f      0x439 build/obj/nvic.o
 .debug_info    0x0000000000001148      0x7c7 build/obj/chsys.o
 .debug_info    0x000000000000190f      0x95a build/obj/chdebug.o
 .debug_info    0x0000000000002269      0x273 build/obj/chvt.o
 .debug_info    0x00000000000024dc      0x8c3 build/obj/chschd.o
 .debug_info    0x0000000000002d9f      0xb53 build/obj/chthreads.o
 .debug_info    0x00000000000038f2      0x782 build/obj/chdynamic.o
 .debug_info    0x0000000000004074      0x688 build/obj/chregistry.o
 .debug_info    0x00000000000046fc      0xa04 build/obj/chsem.o
 .debug_info    0x0000000000005100      0x969 build/obj/chmtx.o
 .debug_info    0x0000000000005a69      0x8a7 build/obj/chcond.o
 .debug_info    0x0000000000006310      0xd20 build/obj/chevents.o
 .debug_info    0x0000000000007030      0x659 build/obj/chmsg.o
 .debug_info    0x0000000000007689      0x8be build/obj/chmboxes.o
 .debug_info    0x0000000000007f47      0xb78 build/obj/chqueues.o
 .debug_info    0x0000000000008abf      0x1da build/obj/chmemcore.o
 .debug_info    0x0000000000008c99      0x667 build/obj/chheap.o
 .debug_info    0x0000000000009300      0x2ff build/obj/chmempools.o
 .debug_info    0x00000000000095ff      0xe77 build/obj/test.o
 .debug_info    0x000000000000a476      0x7c6 build/obj/testthd.o
 .debug_info    0x000000000000ac3c      0x998 build/obj/testsem.o
 .debug_info    0x000000000000b5d4      0xc04 build/obj/testmtx.o
 .debug_info    0x000000000000c1d8      0x592 build/obj/testmsg.o
 .debug_info    0x000000000000c76a      0xe24 build/obj/testmbox.o
 .debug_info    0x000000000000d58e      0x954 build/obj/testevt.o
 .debug_info    0x000000000000dee2      0x683 build/obj/testheap.o
 .debug_info    0x000000000000e565      0x260 build/obj/testpools.o
 .debug_info    0x000000000000e7c5      0x8c2 build/obj/testdyn.o
 .debug_info    0x000000000000f087     0x1125 build/obj/testqueues.o
 .debug_info    0x00000000000101ac      0xd21 build/obj/testbmk.o
 .debug_info    0x0000000000010ecd      0x2d8 build/obj/hal.o
 .debug_info    0x00000000000111a5     0x1ab6 build/obj/serial_usb.o
 .debug_info    0x0000000000012c5b      0x2cf build/obj/tm.o
 .debug_info    0x0000000000012f2a     0x18fc build/obj/usb.o
 .debug_info    0x0000000000014826      0x3c1 build/obj/hal_lld.o
 .debug_info    0x0000000000014be7      0x3a8 build/obj/pal_lld.o
 .debug_info    0x0000000000014f8f     0x24bf build/obj/usb_lld.o
 .debug_info    0x000000000001744e      0x1f2 build/obj/board.o
 .debug_info    0x0000000000017640      0xd23 build/obj/shell.o
 .debug_info    0x0000000000018363      0x48a build/obj/chprintf.o
 .debug_info    0x00000000000187ed     0x1d01 build/obj/main.o

.debug_abbrev   0x0000000000000000     0x56bf
 .debug_abbrev  0x0000000000000000       0xd9 build/obj/crt0.o
 .debug_abbrev  0x00000000000000d9       0xae build/obj/vectors.o
 .debug_abbrev  0x0000000000000187       0x41 build/obj/chcore.o
 .debug_abbrev  0x00000000000001c8      0x18e build/obj/chcore_v7m.o
 .debug_abbrev  0x0000000000000356       0xec build/obj/nvic.o
 .debug_abbrev  0x0000000000000442      0x187 build/obj/chsys.o
 .debug_abbrev  0x00000000000005c9      0x210 build/obj/chdebug.o
 .debug_abbrev  0x00000000000007d9      0x12c build/obj/chvt.o
 .debug_abbrev  0x0000000000000905      0x28a build/obj/chschd.o
 .debug_abbrev  0x0000000000000b8f      0x2a5 build/obj/chthreads.o
 .debug_abbrev  0x0000000000000e34      0x196 build/obj/chdynamic.o
 .debug_abbrev  0x0000000000000fca      0x148 build/obj/chregistry.o
 .debug_abbrev  0x0000000000001112      0x24d build/obj/chsem.o
 .debug_abbrev  0x000000000000135f      0x237 build/obj/chmtx.o
 .debug_abbrev  0x0000000000001596      0x22f build/obj/chcond.o
 .debug_abbrev  0x00000000000017c5      0x269 build/obj/chevents.o
 .debug_abbrev  0x0000000000001a2e      0x1ae build/obj/chmsg.o
 .debug_abbrev  0x0000000000001bdc      0x1be build/obj/chmboxes.o
 .debug_abbrev  0x0000000000001d9a      0x298 build/obj/chqueues.o
 .debug_abbrev  0x0000000000002032       0xfd build/obj/chmemcore.o
 .debug_abbrev  0x000000000000212f      0x1a3 build/obj/chheap.o
 .debug_abbrev  0x00000000000022d2      0x124 build/obj/chmempools.o
 .debug_abbrev  0x00000000000023f6      0x40e build/obj/test.o
 .debug_abbrev  0x0000000000002804      0x208 build/obj/testthd.o
 .debug_abbrev  0x0000000000002a0c      0x269 build/obj/testsem.o
 .debug_abbrev  0x0000000000002c75      0x283 build/obj/testmtx.o
 .debug_abbrev  0x0000000000002ef8      0x164 build/obj/testmsg.o
 .debug_abbrev  0x000000000000305c      0x1d1 build/obj/testmbox.o
 .debug_abbrev  0x000000000000322d      0x25b build/obj/testevt.o
 .debug_abbrev  0x0000000000003488      0x19d build/obj/testheap.o
 .debug_abbrev  0x0000000000003625      0x161 build/obj/testpools.o
 .debug_abbrev  0x0000000000003786      0x204 build/obj/testdyn.o
 .debug_abbrev  0x000000000000398a      0x244 build/obj/testqueues.o
 .debug_abbrev  0x0000000000003bce      0x2a8 build/obj/testbmk.o
 .debug_abbrev  0x0000000000003e76      0x16e build/obj/hal.o
 .debug_abbrev  0x0000000000003fe4      0x32a build/obj/serial_usb.o
 .debug_abbrev  0x000000000000430e      0x1af build/obj/tm.o
 .debug_abbrev  0x00000000000044bd      0x313 build/obj/usb.o
 .debug_abbrev  0x00000000000047d0       0xf6 build/obj/hal_lld.o
 .debug_abbrev  0x00000000000048c6      0x138 build/obj/pal_lld.o
 .debug_abbrev  0x00000000000049fe      0x47e build/obj/usb_lld.o
 .debug_abbrev  0x0000000000004e7c       0xe4 build/obj/board.o
 .debug_abbrev  0x0000000000004f60      0x2ae build/obj/shell.o
 .debug_abbrev  0x000000000000520e      0x1a0 build/obj/chprintf.o
 .debug_abbrev  0x00000000000053ae      0x311 build/obj/main.o

.debug_loc      0x0000000000000000     0xaa3f
 .debug_loc     0x0000000000000000       0x96 build/obj/crt0.o
 .debug_loc     0x0000000000000096      0x114 build/obj/chcore_v7m.o
 .debug_loc     0x00000000000001aa      0x115 build/obj/nvic.o
 .debug_loc     0x00000000000002bf       0xed build/obj/chsys.o
 .debug_loc     0x00000000000003ac      0x1fa build/obj/chdebug.o
 .debug_loc     0x00000000000005a6      0x138 build/obj/chvt.o
 .debug_loc     0x00000000000006de      0x344 build/obj/chschd.o
 .debug_loc     0x0000000000000a22      0x657 build/obj/chthreads.o
 .debug_loc     0x0000000000001079      0x324 build/obj/chdynamic.o
 .debug_loc     0x000000000000139d       0xf4 build/obj/chregistry.o
 .debug_loc     0x0000000000001491      0x6a4 build/obj/chsem.o
 .debug_loc     0x0000000000001b35      0x59d build/obj/chmtx.o
 .debug_loc     0x00000000000020d2      0x508 build/obj/chcond.o
 .debug_loc     0x00000000000025da      0x9d3 build/obj/chevents.o
 .debug_loc     0x0000000000002fad      0x1ef build/obj/chmsg.o
 .debug_loc     0x000000000000319c      0x615 build/obj/chmboxes.o
 .debug_loc     0x00000000000037b1      0x72b build/obj/chqueues.o
 .debug_loc     0x0000000000003edc       0xcb build/obj/chmemcore.o
 .debug_loc     0x0000000000003fa7      0x2c8 build/obj/chheap.o
 .debug_loc     0x000000000000426f      0x32f build/obj/chmempools.o
 .debug_loc     0x000000000000459e      0x61f build/obj/test.o
 .debug_loc     0x0000000000004bbd      0x1d2 build/obj/testthd.o
 .debug_loc     0x0000000000004d8f      0x361 build/obj/testsem.o
 .debug_loc     0x00000000000050f0      0x651 build/obj/testmtx.o
 .debug_loc     0x0000000000005741       0xe0 build/obj/testmsg.o
 .debug_loc     0x0000000000005821      0x5f3 build/obj/testmbox.o
 .debug_loc     0x0000000000005e14      0x25f build/obj/testevt.o
 .debug_loc     0x0000000000006073      0x1a2 build/obj/testheap.o
 .debug_loc     0x0000000000006215      0x11b build/obj/testpools.o
 .debug_loc     0x0000000000006330      0x23e build/obj/testdyn.o
 .debug_loc     0x000000000000656e      0x832 build/obj/testqueues.o
 .debug_loc     0x0000000000006da0      0x5fb build/obj/testbmk.o
 .debug_loc     0x000000000000739b       0x8f build/obj/hal.o
 .debug_loc     0x000000000000742a      0x722 build/obj/serial_usb.o
 .debug_loc     0x0000000000007b4c       0x97 build/obj/tm.o
 .debug_loc     0x0000000000007be3      0x87e build/obj/usb.o
 .debug_loc     0x0000000000008461       0x20 build/obj/hal_lld.o
 .debug_loc     0x0000000000008481      0x24c build/obj/pal_lld.o
 .debug_loc     0x00000000000086cd     0x1072 build/obj/usb_lld.o
 .debug_loc     0x000000000000973f      0x66e build/obj/shell.o
 .debug_loc     0x0000000000009dad      0x88d build/obj/chprintf.o
 .debug_loc     0x000000000000a63a      0x405 build/obj/main.o

.debug_aranges  0x0000000000000000      0xf88
 .debug_aranges
                0x0000000000000000       0x38 build/obj/crt0.o
 .debug_aranges
                0x0000000000000038       0x20 build/obj/vectors.o
 .debug_aranges
                0x0000000000000058       0x20 build/obj/chcore.o
 .debug_aranges
                0x0000000000000078       0x50 build/obj/chcore_v7m.o
 .debug_aranges
                0x00000000000000c8       0x30 build/obj/nvic.o
 .debug_aranges
                0x00000000000000f8       0x30 build/obj/chsys.o
 .debug_aranges
                0x0000000000000128       0x88 build/obj/chdebug.o
 .debug_aranges
                0x00000000000001b0       0x38 build/obj/chvt.o
 .debug_aranges
                0x00000000000001e8       0x68 build/obj/chschd.o
 .debug_aranges
                0x0000000000000250       0x80 build/obj/chthreads.o
 .debug_aranges
                0x00000000000002d0       0x38 build/obj/chdynamic.o
 .debug_aranges
                0x0000000000000308       0x28 build/obj/chregistry.o
 .debug_aranges
                0x0000000000000330       0x70 build/obj/chsem.o
 .debug_aranges
                0x00000000000003a0       0x58 build/obj/chmtx.o
 .debug_aranges
                0x00000000000003f8       0x60 build/obj/chcond.o
 .debug_aranges
                0x0000000000000458       0xa0 build/obj/chevents.o
 .debug_aranges
                0x00000000000004f8       0x30 build/obj/chmsg.o
 .debug_aranges
                0x0000000000000528       0x70 build/obj/chmboxes.o
 .debug_aranges
                0x0000000000000598       0x70 build/obj/chqueues.o
 .debug_aranges
                0x0000000000000608       0x38 build/obj/chmemcore.o
 .debug_aranges
                0x0000000000000640       0x40 build/obj/chheap.o
 .debug_aranges
                0x0000000000000680       0x48 build/obj/chmempools.o
 .debug_aranges
                0x00000000000006c8       0x98 build/obj/test.o
 .debug_aranges
                0x0000000000000760       0x40 build/obj/testthd.o
 .debug_aranges
                0x00000000000007a0       0x70 build/obj/testsem.o
 .debug_aranges
                0x0000000000000810      0x108 build/obj/testmtx.o
 .debug_aranges
                0x0000000000000918       0x28 build/obj/testmsg.o
 .debug_aranges
                0x0000000000000940       0x28 build/obj/testmbox.o
 .debug_aranges
                0x0000000000000968       0x70 build/obj/testevt.o
 .debug_aranges
                0x00000000000009d8       0x28 build/obj/testheap.o
 .debug_aranges
                0x0000000000000a00       0x30 build/obj/testpools.o
 .debug_aranges
                0x0000000000000a30       0x58 build/obj/testdyn.o
 .debug_aranges
                0x0000000000000a88       0x50 build/obj/testqueues.o
 .debug_aranges
                0x0000000000000ad8       0xd0 build/obj/testbmk.o
 .debug_aranges
                0x0000000000000ba8       0x30 build/obj/hal.o
 .debug_aranges
                0x0000000000000bd8       0xb0 build/obj/serial_usb.o
 .debug_aranges
                0x0000000000000c88       0x38 build/obj/tm.o
 .debug_aranges
                0x0000000000000cc0       0xa8 build/obj/usb.o
 .debug_aranges
                0x0000000000000d68       0x28 build/obj/hal_lld.o
 .debug_aranges
                0x0000000000000d90       0x28 build/obj/pal_lld.o
 .debug_aranges
                0x0000000000000db8       0xd8 build/obj/usb_lld.o
 .debug_aranges
                0x0000000000000e90       0x28 build/obj/board.o
 .debug_aranges
                0x0000000000000eb8       0x58 build/obj/shell.o
 .debug_aranges
                0x0000000000000f10       0x20 build/obj/chprintf.o
 .debug_aranges
                0x0000000000000f30       0x58 build/obj/main.o

.debug_ranges   0x0000000000000000     0x1fe0
 .debug_ranges  0x0000000000000000       0x58 build/obj/crt0.o
 .debug_ranges  0x0000000000000058       0x10 build/obj/vectors.o
 .debug_ranges  0x0000000000000068       0x10 build/obj/chcore.o
 .debug_ranges  0x0000000000000078       0x58 build/obj/chcore_v7m.o
 .debug_ranges  0x00000000000000d0       0x20 build/obj/nvic.o
 .debug_ranges  0x00000000000000f0       0x20 build/obj/chsys.o
 .debug_ranges  0x0000000000000110       0xf0 build/obj/chdebug.o
 .debug_ranges  0x0000000000000200       0x28 build/obj/chvt.o
 .debug_ranges  0x0000000000000228      0x1d8 build/obj/chschd.o
 .debug_ranges  0x0000000000000400      0x118 build/obj/chthreads.o
 .debug_ranges  0x0000000000000518       0x58 build/obj/chdynamic.o
 .debug_ranges  0x0000000000000570       0x18 build/obj/chregistry.o
 .debug_ranges  0x0000000000000588      0x280 build/obj/chsem.o
 .debug_ranges  0x0000000000000808      0x230 build/obj/chmtx.o
 .debug_ranges  0x0000000000000a38      0x110 build/obj/chcond.o
 .debug_ranges  0x0000000000000b48       0xf0 build/obj/chevents.o
 .debug_ranges  0x0000000000000c38       0x40 build/obj/chmsg.o
 .debug_ranges  0x0000000000000c78       0xa8 build/obj/chmboxes.o
 .debug_ranges  0x0000000000000d20       0xa8 build/obj/chqueues.o
 .debug_ranges  0x0000000000000dc8       0x40 build/obj/chmemcore.o
 .debug_ranges  0x0000000000000e08       0x30 build/obj/chheap.o
 .debug_ranges  0x0000000000000e38       0x50 build/obj/chmempools.o
 .debug_ranges  0x0000000000000e88      0x148 build/obj/test.o
 .debug_ranges  0x0000000000000fd0       0x78 build/obj/testthd.o
 .debug_ranges  0x0000000000001048       0xf0 build/obj/testsem.o
 .debug_ranges  0x0000000000001138      0x110 build/obj/testmtx.o
 .debug_ranges  0x0000000000001248       0x18 build/obj/testmsg.o
 .debug_ranges  0x0000000000001260       0x18 build/obj/testmbox.o
 .debug_ranges  0x0000000000001278       0x90 build/obj/testevt.o
 .debug_ranges  0x0000000000001308       0x18 build/obj/testheap.o
 .debug_ranges  0x0000000000001320       0x50 build/obj/testpools.o
 .debug_ranges  0x0000000000001370       0x48 build/obj/testdyn.o
 .debug_ranges  0x00000000000013b8      0x150 build/obj/testqueues.o
 .debug_ranges  0x0000000000001508       0xc0 build/obj/testbmk.o
 .debug_ranges  0x00000000000015c8       0x50 build/obj/hal.o
 .debug_ranges  0x0000000000001618       0xd0 build/obj/serial_usb.o
 .debug_ranges  0x00000000000016e8       0x60 build/obj/tm.o
 .debug_ranges  0x0000000000001748       0xc8 build/obj/usb.o
 .debug_ranges  0x0000000000001810       0x38 build/obj/hal_lld.o
 .debug_ranges  0x0000000000001848       0x18 build/obj/pal_lld.o
 .debug_ranges  0x0000000000001860      0x450 build/obj/usb_lld.o
 .debug_ranges  0x0000000000001cb0       0x18 build/obj/board.o
 .debug_ranges  0x0000000000001cc8      0x110 build/obj/shell.o
 .debug_ranges  0x0000000000001dd8      0x118 build/obj/chprintf.o
 .debug_ranges  0x0000000000001ef0       0xf0 build/obj/main.o

.debug_line     0x0000000000000000     0x7e12
 .debug_line    0x0000000000000000      0x155 build/obj/crt0.o
 .debug_line    0x0000000000000155       0xd8 build/obj/vectors.o
 .debug_line    0x000000000000022d       0x56 build/obj/chcore.o
 .debug_line    0x0000000000000283      0x209 build/obj/chcore_v7m.o