Archive member included because of file (symbol)

/home/formica/toolchains/arm-cs-tools/bin/../lib/gcc/arm-none-eabi/4.6.3/../../../../arm-none-eabi/lib/thumb2/libc.a(lib_a-memset.o)
                              build/obj/usb.o (memset)
/home/formica/toolchains/arm-cs-tools/bin/../lib/gcc/arm-none-eabi/4.6.3/../../../../arm-none-eabi/lib/thumb2/libc.a(lib_a-strcasecmp.o)
                              build/obj/shell.o (strcasecmp)
/home/formica/toolchains/arm-cs-tools/bin/../lib/gcc/arm-none-eabi/4.6.3/../../../../arm-none-eabi/lib/thumb2/libc.a(lib_a-strchr.o)
                              build/obj/shell.o (strchr)
/home/formica/toolchains/arm-cs-tools/bin/../lib/gcc/arm-none-eabi/4.6.3/../../../../arm-none-eabi/lib/thumb2/libc.a(lib_a-strspn.o)
                              build/obj/shell.o (strspn)
/home/formica/toolchains/arm-cs-tools/bin/../lib/gcc/arm-none-eabi/4.6.3/../../../../arm-none-eabi/lib/thumb2/libc.a(lib_a-ctype_.o)
                              /home/formica/toolchains/arm-cs-tools/bin/../lib/gcc/arm-none-eabi/4.6.3/../../../../arm-none-eabi/lib/thumb2/libc.a(lib_a-strcasecmp.o) (__ctype_ptr__)

Discarded input sections

 .text          0x0000000000000000        0x0 build/obj/crt0.o
 .data          0x0000000000000000        0x0 build/obj/crt0.o
 .bss           0x0000000000000000        0x0 build/obj/crt0.o
 .text.__early_init
                0x0000000000000000       0x10 build/obj/crt0.o
 .text          0x0000000000000000        0x0 build/obj/vectors.o
 .data          0x0000000000000000        0x0 build/obj/vectors.o
 .bss           0x0000000000000000        0x0 build/obj/vectors.o
 .text          0x0000000000000000        0x0 build/obj/chcore.o
 .data          0x0000000000000000        0x0 build/obj/chcore.o
 .bss           0x0000000000000000        0x0 build/obj/chcore.o
 .text          0x0000000000000000        0x0 build/obj/chcore_v7m.o
 .data          0x0000000000000000        0x0 build/obj/chcore_v7m.o
 .bss           0x0000000000000000        0x0 build/obj/chcore_v7m.o
 .text          0x0000000000000000        0x0 build/obj/nvic.o
 .data          0x0000000000000000        0x0 build/obj/nvic.o
 .bss           0x0000000000000000        0x0 build/obj/nvic.o
 .text.nvicDisableVector
                0x0000000000000000       0x40 build/obj/nvic.o
 .text          0x0000000000000000        0x0 build/obj/chsys.o
 .data          0x0000000000000000        0x0 build/obj/chsys.o
 .bss           0x0000000000000000        0x0 build/obj/chsys.o
 .text          0x0000000000000000        0x0 build/obj/chdebug.o
 .data          0x0000000000000000        0x0 build/obj/chdebug.o
 .bss           0x0000000000000000        0x0 build/obj/chdebug.o
 .text.dbg_check_disable
                0x0000000000000000       0x40 build/obj/chdebug.o
 .text.dbg_check_suspend
                0x0000000000000000       0x40 build/obj/chdebug.o
 .text          0x0000000000000000        0x0 build/obj/chlists.o
 .data          0x0000000000000000        0x0 build/obj/chlists.o
 .bss           0x0000000000000000        0x0 build/obj/chlists.o
 .debug_info    0x0000000000000000       0x73 build/obj/chlists.o
 .debug_abbrev  0x0000000000000000       0x2a build/obj/chlists.o
 .debug_line    0x0000000000000000       0x1d build/obj/chlists.o
 .debug_str     0x0000000000000000       0xf2 build/obj/chlists.o
 .comment       0x0000000000000000       0x4f build/obj/chlists.o
 .ARM.attributes
                0x0000000000000000       0x33 build/obj/chlists.o
 .text          0x0000000000000000        0x0 build/obj/chvt.o
 .data          0x0000000000000000        0x0 build/obj/chvt.o
 .bss           0x0000000000000000        0x0 build/obj/chvt.o
 .text          0x0000000000000000        0x0 build/obj/chschd.o
 .data          0x0000000000000000        0x0 build/obj/chschd.o
 .bss           0x0000000000000000        0x0 build/obj/chschd.o
 .text          0x0000000000000000        0x0 build/obj/chthreads.o
 .data          0x0000000000000000        0x0 build/obj/chthreads.o
 .bss           0x0000000000000000        0x0 build/obj/chthreads.o
 .text          0x0000000000000000        0x0 build/obj/chdynamic.o
 .data          0x0000000000000000        0x0 build/obj/chdynamic.o
 .bss           0x0000000000000000        0x0 build/obj/chdynamic.o
 .text          0x0000000000000000        0x0 build/obj/chregistry.o
 .data          0x0000000000000000        0x0 build/obj/chregistry.o
 .bss           0x0000000000000000        0x0 build/obj/chregistry.o
 .text          0x0000000000000000        0x0 build/obj/chsem.o
 .data          0x0000000000000000        0x0 build/obj/chsem.o
 .bss           0x0000000000000000        0x0 build/obj/chsem.o
 .text          0x0000000000000000        0x0 build/obj/chmtx.o
 .data          0x0000000000000000        0x0 build/obj/chmtx.o
 .bss           0x0000000000000000        0x0 build/obj/chmtx.o
 .text          0x0000000000000000        0x0 build/obj/chcond.o
[...]
Memory Configuration

Name             Origin             Length             Attributes
flash            0x0000000008000000 0x0000000000020000
ram              0x0000000020000000 0x0000000000005000
*default*        0x0000000000000000 0xffffffffffffffff

Linker script and memory map

LOAD build/obj/crt0.o
LOAD build/obj/vectors.o
LOAD build/obj/chcore.o
LOAD build/obj/chcore_v7m.o
LOAD build/obj/nvic.o
LOAD build/obj/chsys.o
LOAD build/obj/chdebug.o
LOAD build/obj/chlists.o
LOAD build/obj/chvt.o
LOAD build/obj/chschd.o
LOAD build/obj/chthreads.o
LOAD build/obj/chdynamic.o
LOAD build/obj/chregistry.o
LOAD build/obj/chsem.o
LOAD build/obj/chmtx.o
LOAD build/obj/chcond.o
LOAD build/obj/chevents.o
LOAD build/obj/chmsg.o
LOAD build/obj/chmboxes.o
LOAD build/obj/chqueues.o
LOAD build/obj/chmemcore.o
LOAD build/obj/chheap.o
LOAD build/obj/chmempools.o
LOAD build/obj/test.o
LOAD build/obj/testthd.o
LOAD build/obj/testsem.o
LOAD build/obj/testmtx.o
LOAD build/obj/testmsg.o
LOAD build/obj/testmbox.o
LOAD build/obj/testevt.o
LOAD build/obj/testheap.o
LOAD build/obj/testpools.o
LOAD build/obj/testdyn.o
LOAD build/obj/testqueues.o
LOAD build/obj/testbmk.o
LOAD build/obj/hal.o
LOAD build/obj/adc.o
LOAD build/obj/can.o
LOAD build/obj/ext.o
LOAD build/obj/gpt.o
LOAD build/obj/i2c.o
LOAD build/obj/icu.o
LOAD build/obj/mac.o
LOAD build/obj/mmc_spi.o
LOAD build/obj/mmcsd.o
LOAD build/obj/pal.o
LOAD build/obj/pwm.o
LOAD build/obj/rtc.o
LOAD build/obj/sdc.o
LOAD build/obj/serial.o
LOAD build/obj/serial_usb.o
LOAD build/obj/spi.o
LOAD build/obj/tm.o
LOAD build/obj/uart.o
LOAD build/obj/usb.o
LOAD build/obj/stm32_dma.o
LOAD build/obj/hal_lld.o
LOAD build/obj/adc_lld.o
LOAD build/obj/ext_lld_isr.o
LOAD build/obj/can_lld.o
LOAD build/obj/ext_lld.o
LOAD build/obj/gpt_lld.o
LOAD build/obj/icu_lld.o
LOAD build/obj/mac_lld.o
LOAD build/obj/pwm_lld.o
LOAD build/obj/serial_lld.o
LOAD build/obj/sdc_lld.o
LOAD build/obj/spi_lld.o
LOAD build/obj/pal_lld.o
LOAD build/obj/i2c_lld.o
LOAD build/obj/rtc_lld.o
LOAD build/obj/uart_lld.o
LOAD build/obj/usb_lld.o
LOAD build/obj/board.o
LOAD build/obj/shell.o
LOAD build/obj/chprintf.o
LOAD build/obj/main.o
START GROUP
LOAD /home/formica/toolchains/arm-cs-tools/bin/../lib/gcc/arm-none-eabi/4.6.3/thumb2/libgcc.a
LOAD /home/formica/toolchains/arm-cs-tools/bin/../lib/gcc/arm-none-eabi/4.6.3/../../../../arm-none-eabi/lib/thumb2/libc.a
END GROUP
                0x0000000000000400                __main_stack_size__ = 0x400
                0x0000000000000400                __process_stack_size__ = 0x400
                0x0000000020000000                __ram_start__ = ORIGIN (ram)
                0x0000000000005000                __ram_size__ = 0x5000
                0x0000000020005000                __ram_end__ = (__ram_start__ + __ram_size__)
                0x0000000000000000                . = 0x0
                0x0000000000000000                _text = .

startup         0x0000000008000000       0xec
 *(vectors)
 vectors        0x0000000008000000       0xec build/obj/vectors.o
                0x0000000008000000                _vectors

constructors    0x00000000080000ec        0x0
                0x00000000080000ec                PROVIDE (__init_array_start, .)
 *(SORT(.init_array.*))
 *(.init_array)
                0x00000000080000ec                PROVIDE (__init_array_end, .)

destructors     0x00000000080000ec        0x0
                0x00000000080000ec                PROVIDE (__fini_array_start, .)
 *(.fini_array)
 *(SORT(.fini_array.*))
                0x00000000080000ec                PROVIDE (__fini_array_end, .)

.text           0x00000000080000f0     0xb7a1
 *(.text.startup.*)
 .text.startup.main
                0x00000000080000f0       0xd0 build/obj/main.o
                0x00000000080000f0                main
 *(.text)
 *(.text.*)
 .text.__late_init
                0x00000000080001c0       0x10 build/obj/crt0.o
                0x00000000080001c0                __late_init
 .text._default_exit
                0x00000000080001d0       0x10 build/obj/crt0.o
                0x00000000080001d0                _default_exit
 .text.ResetHandler
                0x00000000080001e0      0x1e0 build/obj/crt0.o
                0x00000000080001e0                ResetHandler
 .text._unhandled_exception
                0x00000000080003c0       0x10 build/obj/vectors.o
                0x00000000080003c0                Vector58
                0x00000000080003c0                VectorE8
                0x00000000080003c0                Vector9C
                0x00000000080003c0                VectorAC
                0x00000000080003c0                Vector5C
                0x00000000080003c0                NMIVector
                0x00000000080003c0                VectorDC
                0x00000000080003c0                VectorC8
                0x00000000080003c0                Vector94
                0x00000000080003c0                VectorA8
                0x00000000080003c0                VectorB4
                0x00000000080003c0                Vector74
                0x00000000080003c0                UsageFaultVector
                0x00000000080003c0                DebugMonitorVector
                0x00000000080003c0                Vector40
                0x00000000080003c0                VectorBC
                0x00000000080003c0                PendSVVector
                0x00000000080003c0                Vector64
                0x00000000080003c0                VectorCC
                0x00000000080003c0                Vector54
                0x00000000080003c0                Vector98
                0x00000000080003c0                VectorD8
                0x00000000080003c0                Vector24
                0x00000000080003c0                Vector84
                0x00000000080003c0                BusFaultVector
                0x00000000080003c0                VectorD0
                0x00000000080003c0                VectorE4
                0x00000000080003c0                VectorC0
                0x00000000080003c0                HardFaultVector
                0x00000000080003c0                VectorE0
                0x00000000080003c0                MemManageVector
                0x00000000080003c0                Vector6C
                0x00000000080003c0                VectorA0
                0x00000000080003c0                VectorC4
                0x00000000080003c0                Vector7C
                0x00000000080003c0                VectorB0
                0x00000000080003c0                Vector60
                0x00000000080003c0                Vector1C
                0x00000000080003c0                Vector48
                0x00000000080003c0                Vector70
                0x00000000080003c0                VectorD4
                0x00000000080003c0                Vector4C
                0x00000000080003c0                Vector80
                0x00000000080003c0                Vector68
                0x00000000080003c0                Vector78
                0x00000000080003c0                _unhandled_exception
                0x00000000080003c0                Vector88
                0x00000000080003c0                Vector50
                0x00000000080003c0                Vector44
                0x00000000080003c0                Vector28
                0x00000000080003c0                VectorB8
                0x00000000080003c0                Vector34
                0x00000000080003c0                VectorA4
                0x00000000080003c0                Vector20
 .text.port_halt
                0x00000000080003d0       0x10 build/obj/chcore.o
                0x00000000080003d0                port_halt
 .text._port_switch_from_isr
                0x00000000080003e0       0x10 build/obj/chcore_v7m.o
                0x00000000080003e0                _port_switch_from_isr
 .text.SVCallVector
                0x00000000080003f0       0x20 build/obj/chcore_v7m.o
                0x00000000080003f0                SVCallVector
 .text._port_init
                0x0000000008000410       0x40 build/obj/chcore_v7m.o
                0x0000000008000410                _port_init
 .text._port_irq_epilogue
                0x0000000008000450       0x80 build/obj/chcore_v7m.o
                0x0000000008000450                _port_irq_epilogue
 .text.SysTickVector
                0x00000000080004d0       0x30 build/obj/chcore_v7m.o
                0x00000000080004d0                SysTickVector
 .text._port_switch
                0x0000000008000500       0x10 build/obj/chcore_v7m.o
                0x0000000008000500                _port_switch
 .text._port_thread_start
                0x0000000008000510       0x20 build/obj/chcore_v7m.o
                0x0000000008000510                _port_thread_start
 .text.nvicEnableVector
                0x0000000008000530       0x50 build/obj/nvic.o
                0x0000000008000530                nvicEnableVector
 .text.nvicSetSystemHandlerPriority
                0x0000000008000580       0x40 build/obj/nvic.o
                0x0000000008000580                nvicSetSystemHandlerPriority
 .text._idle_thread
                0x00000000080005c0       0x20 build/obj/chsys.o
                0x00000000080005c0                _idle_thread
 .text.chSysInit
                0x00000000080005e0       0x80 build/obj/chsys.o
                0x00000000080005e0                chSysInit
 .text.chSysTimerHandlerI
                0x0000000008000660       0x70 build/obj/chsys.o
                0x0000000008000660                chSysTimerHandlerI
 .text.dbg_check_enable
                0x00000000080006d0       0x40 build/obj/chdebug.o
                0x00000000080006d0                dbg_check_enable
 .text.dbg_check_lock
                0x0000000008000710       0x40 build/obj/chdebug.o
                0x0000000008000710                dbg_check_lock
 .text.dbg_check_unlock
                0x0000000008000750       0x40 build/obj/chdebug.o
                0x0000000008000750                dbg_check_unlock
 .text.dbg_check_lock_from_isr
                0x0000000008000790       0x40 build/obj/chdebug.o
                0x0000000008000790                dbg_check_lock_from_isr
 .text.dbg_check_unlock_from_isr
                0x00000000080007d0       0x50 build/obj/chdebug.o
                0x00000000080007d0                dbg_check_unlock_from_isr
 .text.dbg_check_enter_isr
                0x0000000008000820       0x50 build/obj/chdebug.o
                0x0000000008000820                dbg_check_enter_isr
 .text.dbg_check_leave_isr
                0x0000000008000870       0x50 build/obj/chdebug.o
                0x0000000008000870                dbg_check_leave_isr
 .text.chDbgCheckClassI
                0x00000000080008c0       0x40 build/obj/chdebug.o
                0x00000000080008c0                chDbgCheckClassI
 .text.chDbgCheckClassS
                0x0000000008000900       0x40 build/obj/chdebug.o
                0x0000000008000900                chDbgCheckClassS
 .text._trace_init
                0x0000000008000940       0x20 build/obj/chdebug.o
                0x0000000008000940                _trace_init
 .text.dbg_trace
                0x0000000008000960       0x50 build/obj/chdebug.o
                0x0000000008000960                dbg_trace
 .text.chDbgPanic
                0x00000000080009b0       0x10 build/obj/chdebug.o
                0x00000000080009b0                chDbgPanic
 .text._vt_init
                0x00000000080009c0       0x20 build/obj/chvt.o
                0x00000000080009c0                _vt_init
 .text.chVTSetI
                0x00000000080009e0       0x70 build/obj/chvt.o
                0x00000000080009e0                chVTSetI
 .text.chVTResetI
                0x0000000008000a50       0x50 build/obj/chvt.o
                0x0000000008000a50                chVTResetI
 .text.chTimeIsWithin
                0x0000000008000aa0       0x40 build/obj/chvt.o
                0x0000000008000aa0                chTimeIsWithin
 .text._scheduler_init
                0x0000000008000ae0       0x20 build/obj/chschd.o
                0x0000000008000ae0                _scheduler_init
 .text.chSchReadyI
                0x0000000008000b00       0x60 build/obj/chschd.o
                0x0000000008000b00                chSchReadyI
 .text.wakeup   0x0000000008000b60       0x60 build/obj/chschd.o
 .text.chSchGoSleepS
                0x0000000008000bc0       0x60 build/obj/chschd.o
                0x0000000008000bc0                chSchGoSleepS
 .text.chSchGoSleepTimeoutS
                0x0000000008000c20       0x60 build/obj/chschd.o
                0x0000000008000c20                chSchGoSleepTimeoutS
 .text.chSchWakeupS
                0x0000000008000c80       0x60 build/obj/chschd.o
                0x0000000008000c80                chSchWakeupS
 .text.chSchDoRescheduleBehind
                0x0000000008000ce0       0x50 build/obj/chschd.o
                0x0000000008000ce0                chSchDoRescheduleBehind
 .text.chSchDoRescheduleAhead
                0x0000000008000d30       0x60 build/obj/chschd.o
                0x0000000008000d30                chSchDoRescheduleAhead
 .text.chSchRescheduleS
                0x0000000008000d90       0x30 build/obj/chschd.o
                0x0000000008000d90                chSchRescheduleS
 .text.chSchDoReschedule
                0x0000000008000dc0       0x20 build/obj/chschd.o
                0x0000000008000dc0                chSchDoReschedule
 .text._thread_init
                0x0000000008000de0       0x60 build/obj/chthreads.o
                0x0000000008000de0                _thread_init
 .text._thread_memfill
                0x0000000008000e40       0x40 build/obj/chthreads.o
                0x0000000008000e40                _thread_memfill
 .text.chThdCreateI
                0x0000000008000e80       0x70 build/obj/chthreads.o
                0x0000000008000e80                chThdCreateI
 .text.chThdCreateStatic
                0x0000000008000ef0       0x90 build/obj/chthreads.o
                0x0000000008000ef0                chThdCreateStatic
 .text.chThdSetPriority
                0x0000000008000f80       0x50 build/obj/chthreads.o
                0x0000000008000f80                chThdSetPriority
 .text.chThdResume
                0x0000000008000fd0       0x40 build/obj/chthreads.o
                0x0000000008000fd0                chThdResume
 .text.chThdTerminate
                0x0000000008001010       0x30 build/obj/chthreads.o
                0x0000000008001010                chThdTerminate
 .text.chThdSleep
                0x0000000008001040       0x30 build/obj/chthreads.o
                0x0000000008001040                chThdSleep
 .text.chThdSleepUntil
                0x0000000008001070       0x30 build/obj/chthreads.o
                0x0000000008001070                chThdSleepUntil
 .text.chThdYield
                0x00000000080010a0       0x40 build/obj/chthreads.o
                0x00000000080010a0                chThdYield
 .text.chThdExitS
                0x00000000080010e0       0x60 build/obj/chthreads.o
                0x00000000080010e0                chThdExitS
 .text.chThdExit
                0x0000000008001140       0x20 build/obj/chthreads.o
                0x0000000008001140                chThdExit
 .text.chThdWait
                0x0000000008001160       0x80 build/obj/chthreads.o
                0x0000000008001160                chThdWait
 .text.chThdAddRef
                0x00000000080011e0       0x50 build/obj/chdynamic.o
                0x00000000080011e0                chThdAddRef
 .text.chThdRelease
                0x0000000008001230       0x80 build/obj/chdynamic.o
                0x0000000008001230                chThdRelease
 .text.chThdCreateFromHeap
                0x00000000080012b0       0x70 build/obj/chdynamic.o
                0x00000000080012b0                chThdCreateFromHeap
 .text.chThdCreateFromMemoryPool
                0x0000000008001320       0x80 build/obj/chdynamic.o
                0x0000000008001320                chThdCreateFromMemoryPool
 .text.chRegFirstThread
                0x00000000080013a0       0x30 build/obj/chregistry.o
                0x00000000080013a0                chRegFirstThread
 .text.chRegNextThread
                0x00000000080013d0       0x60 build/obj/chregistry.o
                0x00000000080013d0                chRegNextThread
 .text.chSemInit
                0x0000000008001430       0x30 build/obj/chsem.o
                0x0000000008001430                chSemInit
 .text.chSemResetI
                0x0000000008001460       0xb0 build/obj/chsem.o
                0x0000000008001460                chSemResetI
 .text.chSemReset
                0x0000000008001510       0x30 build/obj/chsem.o
                0x0000000008001510                chSemReset
 .text.chSemWaitS
                0x0000000008001540       0x70 build/obj/chsem.o
                0x0000000008001540                chSemWaitS
 .text.chSemWait
                0x00000000080015b0       0x30 build/obj/chsem.o
                0x00000000080015b0                chSemWait
 .text.chSemWaitTimeoutS
                0x00000000080015e0       0x80 build/obj/chsem.o
                0x00000000080015e0                chSemWaitTimeoutS
 .text.chSemWaitTimeout
                0x0000000008001660       0x30 build/obj/chsem.o
                0x0000000008001660                chSemWaitTimeout
 .text.chSemSignal
                0x0000000008001690       0x80 build/obj/chsem.o
                0x0000000008001690                chSemSignal
 .text.chSemSignalI
                0x0000000008001710       0x60 build/obj/chsem.o
                0x0000000008001710                chSemSignalI
 .text.chSemAddCounterI
                0x0000000008001770       0xe0 build/obj/chsem.o
                0x0000000008001770                chSemAddCounterI
 .text.chSemSignalWait
                0x0000000008001850      0x100 build/obj/chsem.o
                0x0000000008001850                chSemSignalWait
 .text.chMtxInit
                0x0000000008001950       0x30 build/obj/chmtx.o
                0x0000000008001950                chMtxInit
 .text.chMtxLockS
                0x0000000008001980      0x110 build/obj/chmtx.o
                0x0000000008001980                chMtxLockS
 .text.chMtxLock
                0x0000000008001a90       0x20 build/obj/chmtx.o
                0x0000000008001a90                chMtxLock
 .text.chMtxTryLockS
                0x0000000008001ab0       0x40 build/obj/chmtx.o
                0x0000000008001ab0                chMtxTryLockS
 .text.chMtxTryLock
                0x0000000008001af0       0x30 build/obj/chmtx.o
                0x0000000008001af0                chMtxTryLock
 .text.chMtxUnlock
                0x0000000008001b20       0xa0 build/obj/chmtx.o
                0x0000000008001b20                chMtxUnlock
 .text.chMtxUnlockS
                0x0000000008001bc0       0x80 build/obj/chmtx.o
                0x0000000008001bc0                chMtxUnlockS
 .text.chMtxUnlockAll
                0x0000000008001c40       0x60 build/obj/chmtx.o
                0x0000000008001c40                chMtxUnlockAll
 .text.chCondInit
                0x0000000008001ca0       0x20 build/obj/chcond.o
                0x0000000008001ca0                chCondInit
 .text.chCondSignal
                0x0000000008001cc0       0x40 build/obj/chcond.o
                0x0000000008001cc0                chCondSignal
 .text.chCondSignalI
                0x0000000008001d00       0x30 build/obj/chcond.o
                0x0000000008001d00                chCondSignalI
 .text.chCondBroadcastI
                0x0000000008001d30       0x40 build/obj/chcond.o
                0x0000000008001d30                chCondBroadcastI
 .text.chCondBroadcast
                0x0000000008001d70       0x30 build/obj/chcond.o
                0x0000000008001d70                chCondBroadcast
 .text.chCondWaitS
                0x0000000008001da0       0x80 build/obj/chcond.o
                0x0000000008001da0                chCondWaitS
 .text.chCondWait
                0x0000000008001e20       0x30 build/obj/chcond.o
                0x0000000008001e20                chCondWait
 .text.chCondWaitTimeoutS
                0x0000000008001e50       0x90 build/obj/chcond.o
                0x0000000008001e50                chCondWaitTimeoutS
 .text.chCondWaitTimeout
                0x0000000008001ee0       0x30 build/obj/chcond.o
                0x0000000008001ee0                chCondWaitTimeout
 .text.chEvtRegisterMask
                0x0000000008001f10       0x60 build/obj/chevents.o
                0x0000000008001f10                chEvtRegisterMask
 .text.chEvtUnregister
                0x0000000008001f70       0x60 build/obj/chevents.o
                0x0000000008001f70                chEvtUnregister
 .text.chEvtGetAndClearEvents
                0x0000000008001fd0       0x30 build/obj/chevents.o
                0x0000000008001fd0                chEvtGetAndClearEvents
 .text.chEvtAddEvents
                0x0000000008002000       0x30 build/obj/chevents.o
                0x0000000008002000                chEvtAddEvents
 .text.chEvtSignalI
                0x0000000008002030       0x50 build/obj/chevents.o
                0x0000000008002030                chEvtSignalI
 .text.chEvtSignal
                0x0000000008002080       0x40 build/obj/chevents.o
                0x0000000008002080                chEvtSignal
 .text.chEvtBroadcastFlagsI
                0x00000000080020c0       0x40 build/obj/chevents.o
                0x00000000080020c0                chEvtBroadcastFlagsI
 .text.chEvtBroadcastFlags
                0x0000000008002100       0x30 build/obj/chevents.o
                0x0000000008002100                chEvtBroadcastFlags
 .text.chEvtDispatch
                0x0000000008002130       0x60 build/obj/chevents.o
                0x0000000008002130                chEvtDispatch
 .text.chEvtWaitOne
                0x0000000008002190       0x50 build/obj/chevents.o
                0x0000000008002190                chEvtWaitOne
 .text.chEvtWaitAny
                0x00000000080021e0       0x50 build/obj/chevents.o
                0x00000000080021e0                chEvtWaitAny
 .text.chEvtWaitAll
                0x0000000008002230       0x40 build/obj/chevents.o
                0x0000000008002230                chEvtWaitAll
 .text.chEvtWaitOneTimeout
                0x0000000008002270       0x60 build/obj/chevents.o
                0x0000000008002270                chEvtWaitOneTimeout
 .text.chEvtWaitAnyTimeout
                0x00000000080022d0       0x60 build/obj/chevents.o
                0x00000000080022d0                chEvtWaitAnyTimeout
 .text.chEvtWaitAllTimeout
                0x0000000008002330       0x70 build/obj/chevents.o
                0x0000000008002330                chEvtWaitAllTimeout
 .text.chMsgSend
                0x00000000080023a0       0x70 build/obj/chmsg.o
                0x00000000080023a0                chMsgSend
 .text.chMsgWait
                0x0000000008002410       0x50 build/obj/chmsg.o
                0x0000000008002410                chMsgWait
 .text.chMsgRelease
                0x0000000008002460       0x40 build/obj/chmsg.o
                0x0000000008002460                chMsgRelease
 .text.chMBInit
                0x00000000080024a0       0x50 build/obj/chmboxes.o
                0x00000000080024a0                chMBInit
 .text.chMBReset
                0x00000000080024f0       0x50 build/obj/chmboxes.o
                0x00000000080024f0                chMBReset
 .text.chMBPostS
                0x0000000008002540       0x50 build/obj/chmboxes.o
                0x0000000008002540                chMBPostS
 .text.chMBPost
                0x0000000008002590       0x30 build/obj/chmboxes.o
                0x0000000008002590                chMBPost
 .text.chMBPostI
                0x00000000080025c0       0x50 build/obj/chmboxes.o
                0x00000000080025c0                chMBPostI
 .text.chMBPostAheadS
                0x0000000008002610       0x50 build/obj/chmboxes.o
                0x0000000008002610                chMBPostAheadS
 .text.chMBPostAhead
                0x0000000008002660       0x30 build/obj/chmboxes.o
                0x0000000008002660                chMBPostAhead
 .text.chMBPostAheadI
                0x0000000008002690       0x50 build/obj/chmboxes.o
                0x0000000008002690                chMBPostAheadI
 .text.chMBFetchS
                0x00000000080026e0       0x60 build/obj/chmboxes.o
                0x00000000080026e0                chMBFetchS
 .text.chMBFetch
                0x0000000008002740       0x30 build/obj/chmboxes.o
                0x0000000008002740                chMBFetch
 .text.chMBFetchI
                0x0000000008002770       0x60 build/obj/chmboxes.o
                0x0000000008002770                chMBFetchI
 .text.qwait    0x00000000080027d0       0x30 build/obj/chqueues.o
 .text.chIQInit
                0x0000000008002800       0x20 build/obj/chqueues.o
                0x0000000008002800                chIQInit
 .text.chIQResetI
                0x0000000008002820       0x30 build/obj/chqueues.o
                0x0000000008002820                chIQResetI
 .text.chIQPutI
                0x0000000008002850       0x50 build/obj/chqueues.o
                0x0000000008002850                chIQPutI
 .text.chIQGetTimeout
                0x00000000080028a0       0x60 build/obj/chqueues.o
                0x00000000080028a0                chIQGetTimeout
 .text.chIQReadTimeout
                0x0000000008002900       0x90 build/obj/chqueues.o
                0x0000000008002900                chIQReadTimeout
 .text.chOQInit
                0x0000000008002990       0x20 build/obj/chqueues.o
                0x0000000008002990                chOQInit
 .text.chOQResetI
                0x00000000080029b0       0x40 build/obj/chqueues.o
                0x00000000080029b0                chOQResetI
 .text.chOQPutTimeout
                0x00000000080029f0       0x70 build/obj/chqueues.o
                0x00000000080029f0                chOQPutTimeout
 .text.chOQGetI
                0x0000000008002a60       0x50 build/obj/chqueues.o
                0x0000000008002a60                chOQGetI
 .text.chOQWriteTimeout
                0x0000000008002ab0       0xb0 build/obj/chqueues.o
                0x0000000008002ab0                chOQWriteTimeout
 .text._core_init
                0x0000000008002b60       0x30 build/obj/chmemcore.o
                0x0000000008002b60                _core_init
 .text.chCoreAllocI
                0x0000000008002b90       0x40 build/obj/chmemcore.o
                0x0000000008002b90                chCoreAllocI
 .text.chCoreAlloc
                0x0000000008002bd0       0x30 build/obj/chmemcore.o
                0x0000000008002bd0                chCoreAlloc
 .text.chCoreStatus
                0x0000000008002c00       0x20 build/obj/chmemcore.o
                0x0000000008002c00                chCoreStatus
 .text._heap_init
                0x0000000008002c20       0x20 build/obj/chheap.o
                0x0000000008002c20                _heap_init
 .text.chHeapInit
                0x0000000008002c40       0x40 build/obj/chheap.o
                0x0000000008002c40                chHeapInit
 .text.chHeapAlloc
                0x0000000008002c80       0x90 build/obj/chheap.o
                0x0000000008002c80                chHeapAlloc
 .text.chHeapFree
                0x0000000008002d10       0xf0 build/obj/chheap.o
                0x0000000008002d10                chHeapFree
 .text.chHeapStatus
                0x0000000008002e00       0x40 build/obj/chheap.o
                0x0000000008002e00                chHeapStatus
 .text.chPoolInit
                0x0000000008002e40       0x30 build/obj/chmempools.o
                0x0000000008002e40                chPoolInit
 .text.chPoolAllocI
                0x0000000008002e70       0x30 build/obj/chmempools.o
                0x0000000008002e70                chPoolAllocI
 .text.chPoolAlloc
                0x0000000008002ea0       0x30 build/obj/chmempools.o
                0x0000000008002ea0                chPoolAlloc
 .text.chPoolFreeI
                0x0000000008002ed0       0x30 build/obj/chmempools.o
                0x0000000008002ed0                chPoolFreeI
 .text.chPoolFree
                0x0000000008002f00       0x30 build/obj/chmempools.o
                0x0000000008002f00                chPoolFree
 .text.chPoolLoadArray
                0x0000000008002f30       0x80 build/obj/chmempools.o
                0x0000000008002f30                chPoolLoadArray
 .text.tmr      0x0000000008002fb0       0x10 build/obj/test.o
 .text.print_line
                0x0000000008002fc0       0x50 build/obj/test.o
 .text.test_printn
                0x0000000008003010       0xa0 build/obj/test.o
                0x0000000008003010                test_printn
 .text.test_print
                0x00000000080030b0       0x30 build/obj/test.o
                0x00000000080030b0                test_print
 .text.test_println
                0x00000000080030e0       0x30 build/obj/test.o
                0x00000000080030e0                test_println
 .text.test_emit_token
                0x0000000008003110       0x30 build/obj/test.o
                0x0000000008003110                test_emit_token
 .text._test_assert
                0x0000000008003140       0x30 build/obj/test.o
                0x0000000008003140                _test_assert
 .text._test_assert_sequence
                0x0000000008003170       0x90 build/obj/test.o
                0x0000000008003170                _test_assert_sequence
 .text._test_assert_time_window
                0x0000000008003200       0x40 build/obj/test.o
                0x0000000008003200                _test_assert_time_window
 .text.test_terminate_threads
                0x0000000008003240       0x40 build/obj/test.o
                0x0000000008003240                test_terminate_threads
 .text.test_wait_threads
                0x0000000008003280       0x70 build/obj/test.o
                0x0000000008003280                test_wait_threads
 .text.test_cpu_pulse
                0x00000000080032f0       0x60 build/obj/test.o
                0x00000000080032f0                test_cpu_pulse
 .text.test_wait_tick
                0x0000000008003350       0x20 build/obj/test.o
                0x0000000008003350                test_wait_tick
 .text.test_start_timer
                0x0000000008003370       0x60 build/obj/test.o
                0x0000000008003370                test_start_timer
 .text.TestThread
                0x00000000080033d0      0x2b0 build/obj/test.o
                0x00000000080033d0                TestThread
 .text.thd3_execute
                0x0000000008003680      0x160 build/obj/testthd.o
 .text.thd2_execute
                0x00000000080037e0      0x100 build/obj/testthd.o
 .text.thd1_execute
                0x00000000080038e0       0xf0 build/obj/testthd.o
 .text.thread   0x00000000080039d0       0x10 build/obj/testthd.o
 .text.thd4_execute
                0x00000000080039e0       0x80 build/obj/testthd.o
 .text.sem3_setup
                0x0000000008003a60       0x10 build/obj/testsem.o
 .text.sem2_setup
                0x0000000008003a70       0x10 build/obj/testsem.o
 .text.sem1_setup
                0x0000000008003a80       0x10 build/obj/testsem.o
 .text.sem4_execute
                0x0000000008003a90      0x120 build/obj/testsem.o
 .text.thread4  0x0000000008003bb0       0x40 build/obj/testsem.o
 .text.thread3  0x0000000008003bf0       0x20 build/obj/testsem.o
 .text.thread1  0x0000000008003c10       0x20 build/obj/testsem.o
 .text.thread2  0x0000000008003c30       0x30 build/obj/testsem.o
 .text.sem1_execute
                0x0000000008003c60      0x190 build/obj/testsem.o
 .text.sem3_execute
                0x0000000008003df0       0xb0 build/obj/testsem.o
 .text.sem2_execute
                0x0000000008003ea0      0x2b0 build/obj/testsem.o
 .text.mtx8_execute
                0x0000000008004150       0xc0 build/obj/testmtx.o
 .text.thread12
                0x0000000008004210       0x20 build/obj/testmtx.o
 .text.thread1  0x0000000008004230       0x20 build/obj/testmtx.o
 .text.thread10
                0x0000000008004250       0x30 build/obj/testmtx.o
 .text.thread11
                0x0000000008004280       0x40 build/obj/testmtx.o
 .text.mtx8_setup
                0x00000000080042c0       0x30 build/obj/testmtx.o
 .text.mtx7_setup
                0x00000000080042f0       0x20 build/obj/testmtx.o
 .text.mtx6_setup
                0x0000000008004310       0x20 build/obj/testmtx.o
 .text.mtx5_setup
                0x0000000008004330       0x10 build/obj/testmtx.o
 .text.mtx4_setup
                0x0000000008004340       0x20 build/obj/testmtx.o
 .text.mtx3_setup
                0x0000000008004360       0x20 build/obj/testmtx.o
 .text.mtx2_setup
                0x0000000008004380       0x10 build/obj/testmtx.o
 .text.mtx1_setup
                0x0000000008004390       0x10 build/obj/testmtx.o
 .text.mtx7_execute
                0x00000000080043a0       0xf0 build/obj/testmtx.o
 .text.mtx6_execute
                0x0000000008004490      0x110 build/obj/testmtx.o
 .text.mtx1_execute
                0x00000000080045a0      0x120 build/obj/testmtx.o
 .text.mtx5_execute
                0x00000000080046c0       0xd0 build/obj/testmtx.o
 .text.mtx4_execute
                0x0000000008004790      0x2b0 build/obj/testmtx.o
 .text.thread4b
                0x0000000008004a40       0x20 build/obj/testmtx.o
 .text.thread4a
                0x0000000008004a60       0x20 build/obj/testmtx.o
 .text.mtx3_execute
                0x0000000008004a80      0x100 build/obj/testmtx.o
 .text.mtx2_execute
                0x0000000008004b80       0xc0 build/obj/testmtx.o
 .text.thread3HH
                0x0000000008004c40       0x30 build/obj/testmtx.o
 .text.thread3H
                0x0000000008004c70       0x20 build/obj/testmtx.o
 .text.thread3M
                0x0000000008004c90       0x30 build/obj/testmtx.o
 .text.thread3L
                0x0000000008004cc0       0x50 build/obj/testmtx.o
 .text.thread3LL
                0x0000000008004d10       0x30 build/obj/testmtx.o
 .text.thread2L
                0x0000000008004d40       0x30 build/obj/testmtx.o
 .text.thread2M
                0x0000000008004d70       0x20 build/obj/testmtx.o
 .text.thread2H
                0x0000000008004d90       0x30 build/obj/testmtx.o
 .text.msg1_execute
                0x0000000008004dc0       0x90 build/obj/testmsg.o
 .text.thread   0x0000000008004e50       0x20 build/obj/testmsg.o
 .text.mbox1_setup
                0x0000000008004e70       0x20 build/obj/testmbox.o
 .text.mbox1_execute
                0x0000000008004e90      0x810 build/obj/testmbox.o
 .text.evt3_setup
                0x00000000080056a0       0x10 build/obj/testevt.o
 .text.evt2_setup
                0x00000000080056b0       0x10 build/obj/testevt.o
 .text.evt1_setup
                0x00000000080056c0       0x10 build/obj/testevt.o
 .text.thread2  0x00000000080056d0       0x30 build/obj/testevt.o
 .text.thread1  0x0000000008005700       0x20 build/obj/testevt.o
 .text.evt1_execute
                0x0000000008005720       0x90 build/obj/testevt.o
 .text.h3       0x00000000080057b0       0x10 build/obj/testevt.o
 .text.h2       0x00000000080057c0       0x10 build/obj/testevt.o
 .text.h1       0x00000000080057d0       0x10 build/obj/testevt.o
 .text.evt3_execute
                0x00000000080057e0       0xb0 build/obj/testevt.o
 .text.evt2_execute
                0x0000000008005890      0x280 build/obj/testevt.o
 .text.heap1_execute
                0x0000000008005b10      0x300 build/obj/testheap.o
 .text.heap1_setup
                0x0000000008005e10       0x20 build/obj/testheap.o
 .text.null_provider
                0x0000000008005e30       0x10 build/obj/testpools.o
 .text.pools1_setup
                0x0000000008005e40       0x20 build/obj/testpools.o
 .text.pools1_execute
                0x0000000008005e60      0x1f0 build/obj/testpools.o
 .text.regfind  0x0000000008006050       0x30 build/obj/testdyn.o
 .text.dyn3_execute
                0x0000000008006080      0x160 build/obj/testdyn.o
 .text.thread   0x00000000080061e0       0x10 build/obj/testdyn.o
 .text.dyn3_setup
                0x00000000080061f0       0x20 build/obj/testdyn.o
 .text.dyn1_setup
                0x0000000008006210       0x20 build/obj/testdyn.o
 .text.dyn2_execute
                0x0000000008006230      0x1c0 build/obj/testdyn.o
 .text.dyn2_setup
                0x00000000080063f0       0x20 build/obj/testdyn.o
 .text.dyn1_execute
                0x0000000008006410      0x140 build/obj/testdyn.o
 .text.notify   0x0000000008006550       0x10 build/obj/testqueues.o
 .text.thread2  0x0000000008006560       0x20 build/obj/testqueues.o
 .text.queues2_setup
                0x0000000008006580       0x30 build/obj/testqueues.o
 .text.thread1  0x00000000080065b0       0x20 build/obj/testqueues.o
 .text.queues1_setup
                0x00000000080065d0       0x30 build/obj/testqueues.o
 .text.queues2_execute
                0x0000000008006600      0x390 build/obj/testqueues.o
 .text.queues1_execute
                0x0000000008006990      0x3b0 build/obj/testqueues.o
 .text.thread2  0x0000000008006d40       0x10 build/obj/testbmk.o
 .text.tmo      0x0000000008006d50       0x10 build/obj/testbmk.o
 .text.bmk13_execute
                0x0000000008006d60      0x100 build/obj/testbmk.o
 .text.bmk12_execute
                0x0000000008006e60       0x90 build/obj/testbmk.o
 .text.bmk12_setup
                0x0000000008006ef0       0x10 build/obj/testbmk.o
 .text.thread3  0x0000000008006f00       0x30 build/obj/testbmk.o
 .text.bmk11_execute
                0x0000000008006f30       0xb0 build/obj/testbmk.o
 .text.bmk11_setup
                0x0000000008006fe0       0x10 build/obj/testbmk.o
 .text.bmk7_setup
                0x0000000008006ff0       0x10 build/obj/testbmk.o
 .text.bmk10_execute
                0x0000000008007000       0xa0 build/obj/testbmk.o
 .text.bmk9_execute
                0x00000000080070a0       0xf0 build/obj/testbmk.o
 .text.bmk6_execute
                0x0000000008007190       0x80 build/obj/testbmk.o
 .text.bmk8_execute
                0x0000000008007210       0xf0 build/obj/testbmk.o
 .text.thread8  0x0000000008007300       0x30 build/obj/testbmk.o
 .text.bmk7_execute
                0x0000000008007330      0x140 build/obj/testbmk.o
 .text.bmk5_execute
                0x0000000008007470       0x80 build/obj/testbmk.o
 .text.bmk4_execute
                0x00000000080074f0       0xe0 build/obj/testbmk.o
 .text.msg_loop_test
                0x00000000080075d0       0x40 build/obj/testbmk.o
 .text.bmk3_execute
                0x0000000008007610      0x100 build/obj/testbmk.o
 .text.bmk2_execute
                0x0000000008007710       0x80 build/obj/testbmk.o
 .text.bmk1_execute
                0x0000000008007790       0x80 build/obj/testbmk.o
 .text.thread1  0x0000000008007810       0x20 build/obj/testbmk.o
 .text.thread4  0x0000000008007830       0x30 build/obj/testbmk.o
                0x0000000008007830                thread4
 .text.halInit  0x0000000008007860       0x30 build/obj/hal.o
                0x0000000008007860                halInit
 .text.onotify  0x0000000008007890       0x60 build/obj/serial_usb.o
 .text.inotify  0x00000000080078f0       0x70 build/obj/serial_usb.o
 .text.readt    0x0000000008007960       0x10 build/obj/serial_usb.o
 .text.read     0x0000000008007970       0x10 build/obj/serial_usb.o
 .text.writet   0x0000000008007980       0x10 build/obj/serial_usb.o
 .text.write    0x0000000008007990       0x10 build/obj/serial_usb.o
 .text.gett     0x00000000080079a0       0x10 build/obj/serial_usb.o
 .text.get      0x00000000080079b0       0x10 build/obj/serial_usb.o
 .text.putt     0x00000000080079c0       0x10 build/obj/serial_usb.o
 .text.put      0x00000000080079d0       0x10 build/obj/serial_usb.o
 .text.sduInit  0x00000000080079e0       0x10 build/obj/serial_usb.o
                0x00000000080079e0                sduInit
 .text.sduObjectInit
                0x00000000080079f0       0x50 build/obj/serial_usb.o
                0x00000000080079f0                sduObjectInit
 .text.sduStart
                0x0000000008007a40       0x50 build/obj/serial_usb.o
                0x0000000008007a40                sduStart
 .text.sduConfigureHookI
                0x0000000008007a90       0x40 build/obj/serial_usb.o
                0x0000000008007a90                sduConfigureHookI
 .text.sduRequestsHook
                0x0000000008007ad0       0x50 build/obj/serial_usb.o
                0x0000000008007ad0                sduRequestsHook
 .text.sduDataTransmitted
                0x0000000008007b20       0x90 build/obj/serial_usb.o
                0x0000000008007b20                sduDataTransmitted
 .text.sduDataReceived
                0x0000000008007bb0       0x70 build/obj/serial_usb.o
                0x0000000008007bb0                sduDataReceived
 .text.sduInterruptTransmitted
                0x0000000008007c20       0x10 build/obj/serial_usb.o
                0x0000000008007c20                sduInterruptTransmitted
 .text.tm_start
                0x0000000008007c30       0x10 build/obj/tm.o
 .text.tm_stop  0x0000000008007c40       0x40 build/obj/tm.o
 .text.tmInit   0x0000000008007c80       0x50 build/obj/tm.o
                0x0000000008007c80                tmInit
 .text.set_address
                0x0000000008007cd0       0x30 build/obj/usb.o
 .text.usbInit  0x0000000008007d00       0x10 build/obj/usb.o
                0x0000000008007d00                usbInit
 .text.usbObjectInit
                0x0000000008007d10       0x10 build/obj/usb.o
                0x0000000008007d10                usbObjectInit
 .text.usbStart
                0x0000000008007d20       0x70 build/obj/usb.o
                0x0000000008007d20                usbStart
 .text.usbInitEndpointI
                0x0000000008007d90       0x80 build/obj/usb.o
                0x0000000008007d90                usbInitEndpointI
 .text.usbPrepareReceive
                0x0000000008007e10       0x20 build/obj/usb.o
                0x0000000008007e10                usbPrepareReceive
 .text.usbPrepareTransmit
                0x0000000008007e30       0x20 build/obj/usb.o
                0x0000000008007e30                usbPrepareTransmit
 .text.usbPrepareQueuedReceive
                0x0000000008007e50       0x20 build/obj/usb.o
                0x0000000008007e50                usbPrepareQueuedReceive
 .text.usbPrepareQueuedTransmit
                0x0000000008007e70       0x20 build/obj/usb.o
                0x0000000008007e70                usbPrepareQueuedTransmit
 .text.usbStartReceiveI
                0x0000000008007e90       0x40 build/obj/usb.o
                0x0000000008007e90                usbStartReceiveI
 .text.usbStartTransmitI
                0x0000000008007ed0       0x40 build/obj/usb.o
                0x0000000008007ed0                usbStartTransmitI
 .text._usb_reset
                0x0000000008007f10       0x40 build/obj/usb.o
                0x0000000008007f10                _usb_reset
 .text._usb_ep0setup
                0x0000000008007f50      0x330 build/obj/usb.o
                0x0000000008007f50                _usb_ep0setup
 .text._usb_ep0in
                0x0000000008008280       0xc0 build/obj/usb.o
                0x0000000008008280                _usb_ep0in
 .text._usb_ep0out
                0x0000000008008340       0x80 build/obj/usb.o
                0x0000000008008340                _usb_ep0out
 .text.hal_lld_init
                0x00000000080083c0       0xc0 build/obj/hal_lld.o
                0x00000000080083c0                hal_lld_init
 .text.stm32_clock_init
                0x0000000008008480       0xb0 build/obj/hal_lld.o
                0x0000000008008480                stm32_clock_init
 .text._pal_lld_init
                0x0000000008008530       0x90 build/obj/pal_lld.o
                0x0000000008008530                _pal_lld_init
 .text.usb_packet_write_from_queue
                0x00000000080085c0      0x120 build/obj/usb_lld.o
 .text.Vector8C
                0x00000000080086e0       0x20 build/obj/usb_lld.o
                0x00000000080086e0                Vector8C
 .text.Vector90
                0x0000000008008700      0x4a0 build/obj/usb_lld.o
                0x0000000008008700                Vector90
 .text.usb_lld_init
                0x0000000008008ba0       0x10 build/obj/usb_lld.o
                0x0000000008008ba0                usb_lld_init
 .text.usb_lld_start
                0x0000000008008bb0       0x60 build/obj/usb_lld.o
                0x0000000008008bb0                usb_lld_start
 .text.usb_lld_set_address
                0x0000000008008c10       0x20 build/obj/usb_lld.o
                0x0000000008008c10                usb_lld_set_address
 .text.usb_lld_init_endpoint
                0x0000000008008c30      0x100 build/obj/usb_lld.o
                0x0000000008008c30                usb_lld_init_endpoint
 .text.usb_lld_reset
                0x0000000008008d30       0x40 build/obj/usb_lld.o
                0x0000000008008d30                usb_lld_reset
 .text.usb_lld_get_status_out
                0x0000000008008d70       0x20 build/obj/usb_lld.o
                0x0000000008008d70                usb_lld_get_status_out
 .text.usb_lld_get_status_in
                0x0000000008008d90       0x30 build/obj/usb_lld.o
                0x0000000008008d90                usb_lld_get_status_in
 .text.usb_lld_read_setup
                0x0000000008008dc0       0x40 build/obj/usb_lld.o
                0x0000000008008dc0                usb_lld_read_setup
 .text.usb_lld_prepare_receive
                0x0000000008008e00       0x30 build/obj/usb_lld.o
                0x0000000008008e00                usb_lld_prepare_receive
 .text.usb_lld_prepare_transmit
                0x0000000008008e30       0xb0 build/obj/usb_lld.o
                0x0000000008008e30                usb_lld_prepare_transmit
 .text.usb_lld_start_out
                0x0000000008008ee0       0x20 build/obj/usb_lld.o
                0x0000000008008ee0                usb_lld_start_out
 .text.usb_lld_start_in
                0x0000000008008f00       0x20 build/obj/usb_lld.o
                0x0000000008008f00                usb_lld_start_in
 .text.usb_lld_stall_out
                0x0000000008008f20       0x20 build/obj/usb_lld.o
                0x0000000008008f20                usb_lld_stall_out
 .text.usb_lld_stall_in
                0x0000000008008f40       0x20 build/obj/usb_lld.o
                0x0000000008008f40                usb_lld_stall_in
 .text.usb_lld_clear_out
                0x0000000008008f60       0x30 build/obj/usb_lld.o
                0x0000000008008f60                usb_lld_clear_out
 .text.usb_lld_clear_in
                0x0000000008008f90       0x30 build/obj/usb_lld.o
                0x0000000008008f90                usb_lld_clear_in
 .text.__early_init
                0x0000000008008fc0       0x10 build/obj/board.o
                0x0000000008008fc0                __early_init
 .text.boardInit
                0x0000000008008fd0       0x10 build/obj/board.o
                0x0000000008008fd0                boardInit
 .text.cmd_systime
                0x0000000008008fe0       0x30 build/obj/shell.o
 .text.cmd_info
                0x0000000008009010       0xf0 build/obj/shell.o
 .text._strtok.constprop.2
                0x0000000008009100       0x50 build/obj/shell.o
 .text.shellInit
                0x0000000008009150       0x10 build/obj/shell.o
                0x0000000008009150                shellInit
 .text.shellCreate
                0x0000000008009160       0x20 build/obj/shell.o
                0x0000000008009160                shellCreate
 .text.shellGetLine
                0x0000000008009180       0xb0 build/obj/shell.o
                0x0000000008009180                shellGetLine
 .text.shell_thread
                0x0000000008009230      0x290 build/obj/shell.o
 .text.chprintf
                0x00000000080094c0      0x4b0 build/obj/chprintf.o
                0x00000000080094c0                chprintf
 .text.get_descriptor
                0x0000000008009970       0x40 build/obj/main.o
 .text.Thread1  0x00000000080099b0       0x50 build/obj/main.o
 .text.cmd_write
                0x0000000008009a00       0x60 build/obj/main.o
 .text.cmd_test
                0x0000000008009a60       0x60 build/obj/main.o
 .text.cmd_threads
                0x0000000008009ac0       0x80 build/obj/main.o
 .text.cmd_mem  0x0000000008009b40       0x60 build/obj/main.o
 .text.usb_event
                0x0000000008009ba0       0x50 build/obj/main.o
 .text.memset   0x0000000008009bf0       0x10 /home/formica/toolchains/arm-cs-tools/bin/../lib/gcc/arm-none-eabi/4.6.3/../../../../arm-none-eabi/lib/thumb2/libc.a(lib_a-memset.o)
                0x0000000008009bf0                memset
 .text.strcasecmp
                0x0000000008009c00       0x3c /home/formica/toolchains/arm-cs-tools/bin/../lib/gcc/arm-none-eabi/4.6.3/../../../../arm-none-eabi/lib/thumb2/libc.a(lib_a-strcasecmp.o)
                0x0000000008009c00                strcasecmp
 *fill*         0x0000000008009c3c        0x4 00
 .text.strchr   0x0000000008009c40       0x1a /home/formica/toolchains/arm-cs-tools/bin/../lib/gcc/arm-none-eabi/4.6.3/../../../../arm-none-eabi/lib/thumb2/libc.a(lib_a-strchr.o)
                0x0000000008009c40                strchr
 *fill*         0x0000000008009c5a        0x6 00
 .text.strspn   0x0000000008009c60       0x24 /home/formica/toolchains/arm-cs-tools/bin/../lib/gcc/arm-none-eabi/4.6.3/../../../../arm-none-eabi/lib/thumb2/libc.a(lib_a-strspn.o)
                0x0000000008009c60                strspn
 *(.rodata)
 *fill*         0x0000000008009c84        0xc 00
 .rodata        0x0000000008009c90        0x4 build/obj/shell.o
 *(.rodata.*)
 *fill*         0x0000000008009c94        0xc 00
 .rodata.str1.4
                0x0000000008009ca0        0x5 build/obj/chsys.o
                                          0x8 (size before relaxing)
 *fill*         0x0000000008009ca5        0xb 00
 .rodata.str1.4
                0x0000000008009cb0       0x56 build/obj/chdebug.o
                                         0x58 (size before relaxing)
 *fill*         0x0000000008009d06        0xa 00
 .rodata.str1.4
                0x0000000008009d10       0x31 build/obj/chvt.o
                                         0x34 (size before relaxing)
 *fill*         0x0000000008009d41        0xf 00
 .rodata.str1.4
                0x0000000008009d50       0x23 build/obj/chschd.o
                                         0x24 (size before relaxing)
 *fill*         0x0000000008009d73        0xd 00
 .rodata.str1.4
                0x0000000008009d80       0x94 build/obj/chthreads.o
 *fill*         0x0000000008009e14        0xc 00
 .rodata.str1.4
                0x0000000008009e20       0x46 build/obj/chdynamic.o
                                         0x48 (size before relaxing)
 *fill*         0x0000000008009e66        0xa 00
 .rodata.ch_debug
                0x0000000008009e70       0x18 build/obj/chregistry.o
                0x0000000008009e70                ch_debug
 *fill*         0x0000000008009e88        0x8 00
 .rodata.str1.4
                0x0000000008009e90       0x16 build/obj/chregistry.o
                                         0x18 (size before relaxing)
 *fill*         0x0000000008009ea6        0xa 00
 .rodata.str1.4
                0x0000000008009eb0      0x146 build/obj/chsem.o
                                        0x148 (size before relaxing)
 *fill*         0x0000000008009ff6        0xa 00
 .rodata.str1.4
                0x000000000800a000       0xab build/obj/chmtx.o
                                         0xac (size before relaxing)
 *fill*         0x000000000800a0ab        0x5 00
 .rodata.str1.4
                0x000000000800a0b0       0xa5 build/obj/chcond.o
                                         0xa8 (size before relaxing)
 *fill*         0x000000000800a155        0xb 00
 .rodata.str1.4
                0x000000000800a160       0x90 build/obj/chevents.o
 .rodata.str1.4
                0x000000000800a1f0       0x23 build/obj/chmsg.o
                                         0x24 (size before relaxing)
 *fill*         0x000000000800a213        0xd 00
 .rodata.str1.4
                0x000000000800a220       0x87 build/obj/chmboxes.o
                                         0x88 (size before relaxing)
 *fill*         0x000000000800a2a7        0x9 00
 .rodata.str1.4
                0x000000000800a2b0       0x29 build/obj/chqueues.o
                                         0x2c (size before relaxing)
 *fill*         0x000000000800a2d9        0x7 00
 .rodata.str1.4
                0x000000000800a2e0       0x31 build/obj/chheap.o
                                         0x34 (size before relaxing)
 *fill*         0x000000000800a311        0xf 00
 .rodata.str1.4
                0x000000000800a320       0x48 build/obj/chmempools.o
 *fill*         0x000000000800a368        0x8 00
 .rodata.wa     0x000000000800a370       0x14 build/obj/test.o
                0x000000000800a370                wa
 *fill*         0x000000000800a384        0xc 00
 .rodata.str1.4
                0x000000000800a390      0x1c4 build/obj/test.o
                                        0x1d8 (size before relaxing)
 *fill*         0x000000000800a554        0xc 00
 .rodata.patterns
                0x000000000800a560       0x30 build/obj/test.o
 .rodata.testthd1
                0x000000000800a590       0x10 build/obj/testthd.o
                0x000000000800a590                testthd1
 .rodata.testthd2
                0x000000000800a5a0       0x10 build/obj/testthd.o
                0x000000000800a5a0                testthd2
 .rodata.testthd3
                0x000000000800a5b0       0x10 build/obj/testthd.o
                0x000000000800a5b0                testthd3
 .rodata.testthd4
                0x000000000800a5c0       0x10 build/obj/testthd.o
                0x000000000800a5c0                testthd4
 .rodata.patternthd
                0x000000000800a5d0       0x14 build/obj/testthd.o
                0x000000000800a5d0                patternthd
 *fill*         0x000000000800a5e4        0xc 00
 .rodata.str1.4
                0x000000000800a5f0       0x77 build/obj/testthd.o
                                         0x80 (size before relaxing)
 *fill*         0x000000000800a667        0x9 00
 .rodata.testsem1
                0x000000000800a670       0x10 build/obj/testsem.o
                0x000000000800a670                testsem1
 .rodata.testsem2
                0x000000000800a680       0x10 build/obj/testsem.o
                0x000000000800a680                testsem2
 .rodata.testsem3
                0x000000000800a690       0x10 build/obj/testsem.o
                0x000000000800a690                testsem3
 .rodata.testsem4
                0x000000000800a6a0       0x10 build/obj/testsem.o
                0x000000000800a6a0                testsem4
 .rodata.patternsem
                0x000000000800a6b0       0x14 build/obj/testsem.o
                0x000000000800a6b0                patternsem
 *fill*         0x000000000800a6c4        0xc 00
 .rodata.str1.4
                0x000000000800a6d0       0x6e build/obj/testsem.o
                                         0x8c (size before relaxing)
 *fill*         0x000000000800a73e        0x2 00
 .rodata.testmtx5
                0x000000000800a740       0x10 build/obj/testmtx.o
                0x000000000800a740                testmtx5
 .rodata.testmtx6
                0x000000000800a750       0x10 build/obj/testmtx.o
                0x000000000800a750                testmtx6
 .rodata.testmtx7
                0x000000000800a760       0x10 build/obj/testmtx.o
                0x000000000800a760                testmtx7
 .rodata.testmtx8
                0x000000000800a770       0x10 build/obj/testmtx.o
                0x000000000800a770                testmtx8
 .rodata.str1.4
                0x000000000800a780       0xed build/obj/testmtx.o
                                        0x10c (size before relaxing)
 *fill*         0x000000000800a86d        0x3 00
 .rodata.patternmtx
                0x000000000800a870       0x24 build/obj/testmtx.o
                0x000000000800a870                patternmtx
 *fill*         0x000000000800a894        0xc 00
 .rodata.testmtx1
                0x000000000800a8a0       0x10 build/obj/testmtx.o
                0x000000000800a8a0                testmtx1
 .rodata.testmtx2
                0x000000000800a8b0       0x10 build/obj/testmtx.o
                0x000000000800a8b0                testmtx2
 .rodata.testmtx3
                0x000000000800a8c0       0x10 build/obj/testmtx.o
                0x000000000800a8c0                testmtx3
 .rodata.testmtx4
                0x000000000800a8d0       0x10 build/obj/testmtx.o
                0x000000000800a8d0                testmtx4
 .rodata.testmsg1
                0x000000000800a8e0       0x10 build/obj/testmsg.o
                0x000000000800a8e0                testmsg1
 .rodata.str1.4
                0x000000000800a8f0        0xf build/obj/testmsg.o
                                         0x14 (size before relaxing)
 *fill*         0x000000000800a8ff        0x1 00
 .rodata.patternmsg
                0x000000000800a900        0x8 build/obj/testmsg.o
                0x000000000800a900                patternmsg
 *fill*         0x000000000800a908        0x8 00
 .rodata.patternmbox
                0x000000000800a910        0x8 build/obj/testmbox.o
                0x000000000800a910                patternmbox
 *fill*         0x000000000800a918        0x8 00
 .rodata.str1.4
                0x000000000800a920       0x20 build/obj/testmbox.o
                                         0x28 (size before relaxing)
 .rodata.testmbox1
                0x000000000800a940       0x10 build/obj/testmbox.o
                0x000000000800a940                testmbox1
 .rodata.patternevt
                0x000000000800a950       0x10 build/obj/testevt.o
                0x000000000800a950                patternevt
 .rodata.testevt2
                0x000000000800a960       0x10 build/obj/testevt.o
                0x000000000800a960                testevt2
 .rodata.str1.4
                0x000000000800a970       0x52 build/obj/testevt.o
                                         0x5c (size before relaxing)
 *fill*         0x000000000800a9c2        0xe 00
 .rodata.testevt1
                0x000000000800a9d0       0x10 build/obj/testevt.o
                0x000000000800a9d0                testevt1
 .rodata.evhndl
                0x000000000800a9e0        0xc build/obj/testevt.o
 *fill*         0x000000000800a9ec        0x4 00
 .rodata.testevt3
                0x000000000800a9f0       0x10 build/obj/testevt.o
                0x000000000800a9f0                testevt3
 .rodata.patternheap
                0x000000000800aa00        0x8 build/obj/testheap.o
                0x000000000800aa00                patternheap
 *fill*         0x000000000800aa08        0x8 00
 .rodata.str1.4
                0x000000000800aa10       0x28 build/obj/testheap.o
 *fill*         0x000000000800aa38        0x8 00
 .rodata.testheap1
                0x000000000800aa40       0x10 build/obj/testheap.o
                0x000000000800aa40                testheap1
 .rodata.str1.4
                0x000000000800aa50       0x1c build/obj/testpools.o
 *fill*         0x000000000800aa6c        0x4 00
 .rodata.patternpools
                0x000000000800aa70        0x8 build/obj/testpools.o
                0x000000000800aa70                patternpools
 *fill*         0x000000000800aa78        0x8 00
 .rodata.testpools1
                0x000000000800aa80       0x10 build/obj/testpools.o
                0x000000000800aa80                testpools1
 .rodata.testdyn1
                0x000000000800aa90       0x10 build/obj/testdyn.o
                0x000000000800aa90                testdyn1
 .rodata.testdyn2
                0x000000000800aaa0       0x10 build/obj/testdyn.o
                0x000000000800aaa0                testdyn2
 .rodata.testdyn3
                0x000000000800aab0       0x10 build/obj/testdyn.o
                0x000000000800aab0                testdyn3
 .rodata.str1.4
                0x000000000800aac0       0x8d build/obj/testdyn.o
                                         0xa4 (size before relaxing)
 *fill*         0x000000000800ab4d        0x3 00
 .rodata.patterndyn
                0x000000000800ab50       0x10 build/obj/testdyn.o
                0x000000000800ab50                patterndyn
 .rodata.testqueues1
                0x000000000800ab60       0x10 build/obj/testqueues.o
                0x000000000800ab60                testqueues1
 .rodata.testqueues2
                0x000000000800ab70       0x10 build/obj/testqueues.o
                0x000000000800ab70                testqueues2
 .rodata.str1.4
                0x000000000800ab80       0x2d build/obj/testqueues.o
                                         0x38 (size before relaxing)
 *fill*         0x000000000800abad        0x3 00
 .rodata.patternqueues
                0x000000000800abb0        0xc build/obj/testqueues.o
                0x000000000800abb0                patternqueues
 *fill*         0x000000000800abbc        0x4 00
 .rodata.testbmk8
                0x000000000800abc0       0x10 build/obj/testbmk.o
                0x000000000800abc0                testbmk8
 .rodata.patternbmk
                0x000000000800abd0       0x38 build/obj/testbmk.o
                0x000000000800abd0                patternbmk
 *fill*         0x000000000800ac08        0x8 00
 .rodata.testbmk3
                0x000000000800ac10       0x10 build/obj/testbmk.o
                0x000000000800ac10                testbmk3
 .rodata.testbmk10
                0x000000000800ac20       0x10 build/obj/testbmk.o
                0x000000000800ac20                testbmk10
 .rodata.testbmk11
                0x000000000800ac30       0x10 build/obj/testbmk.o
                0x000000000800ac30                testbmk11
 .rodata.testbmk2
                0x000000000800ac40       0x10 build/obj/testbmk.o
                0x000000000800ac40                testbmk2
 .rodata.str1.4
                0x000000000800ac50      0x2c7 build/obj/testbmk.o
                                        0x2c8 (size before relaxing)
 *fill*         0x000000000800af17        0x9 00
 .rodata.testbmk9
                0x000000000800af20       0x10 build/obj/testbmk.o
                0x000000000800af20                testbmk9
 .rodata.testbmk4
                0x000000000800af30       0x10 build/obj/testbmk.o
                0x000000000800af30                testbmk4
 .rodata.testbmk1
                0x000000000800af40       0x10 build/obj/testbmk.o
                0x000000000800af40                testbmk1
 .rodata.testbmk12
                0x000000000800af50       0x10 build/obj/testbmk.o
                0x000000000800af50                testbmk12
 .rodata.testbmk13
                0x000000000800af60       0x10 build/obj/testbmk.o
                0x000000000800af60                testbmk13
 .rodata.testbmk5
                0x000000000800af70       0x10 build/obj/testbmk.o
                0x000000000800af70                testbmk5
 .rodata.testbmk6
                0x000000000800af80       0x10 build/obj/testbmk.o
                0x000000000800af80                testbmk6
 .rodata.testbmk7
                0x000000000800af90       0x10 build/obj/testbmk.o
                0x000000000800af90                testbmk7
 .rodata.str1.4
                0x000000000800afa0       0x3a build/obj/serial_usb.o
                                         0x3c (size before relaxing)
 *fill*         0x000000000800afda        0x6 00
 .rodata.vmt    0x000000000800afe0       0x20 build/obj/serial_usb.o
 .rodata.zero_status
                0x000000000800b000        0x4 build/obj/usb.o
 *fill*         0x000000000800b004        0xc 00
 .rodata.active_status
                0x000000000800b010        0x4 build/obj/usb.o
 *fill*         0x000000000800b014        0xc 00
 .rodata.str1.4
                0x000000000800b020      0x122 build/obj/usb.o
                                        0x124 (size before relaxing)
 *fill*         0x000000000800b142        0xe 00
 .rodata.halted_status
                0x000000000800b150        0x4 build/obj/usb.o
 *fill*         0x000000000800b154        0xc 00
 .rodata.CSWTCH.6
                0x000000000800b160       0x14 build/obj/usb_lld.o
 *fill*         0x000000000800b174        0xc 00
 .rodata.str1.4
                0x000000000800b180       0x13 build/obj/usb_lld.o
                                         0x14 (size before relaxing)
 *fill*         0x000000000800b193        0xd 00
 .rodata.ep0config
                0x000000000800b1a0       0x24 build/obj/usb_lld.o
 *fill*         0x000000000800b1c4        0xc 00
 .rodata.CSWTCH.4
                0x000000000800b1d0        0x8 build/obj/usb_lld.o
 *fill*         0x000000000800b1d8        0x8 00
 .rodata.pal_default_config
                0x000000000800b1e0       0x3c build/obj/board.o
                0x000000000800b1e0                pal_default_config
 *fill*         0x000000000800b21c        0x4 00
 .rodata.str1.4
                0x000000000800b220      0x169 build/obj/shell.o
                                        0x1f8 (size before relaxing)
 *fill*         0x000000000800b389        0x7 00
 .rodata.str1.4
                0x000000000800b390        0x7 build/obj/chprintf.o
                                          0x8 (size before relaxing)
 *fill*         0x000000000800b397        0x9 00
 .rodata.ep1config
                0x000000000800b3a0       0x24 build/obj/main.o
 *fill*         0x000000000800b3c4        0xc 00
 .rodata.vcom_configuration_descriptor_data
                0x000000000800b3d0       0x44 build/obj/main.o
 *fill*         0x000000000800b414        0xc 00
 .rodata.vcom_string2
                0x000000000800b420       0x38 build/obj/main.o
 *fill*         0x000000000800b458        0x8 00
 .rodata.vcom_configuration_descriptor
                0x000000000800b460        0x8 build/obj/main.o
 *fill*         0x000000000800b468        0x8 00
 .rodata.ep2config
                0x000000000800b470       0x24 build/obj/main.o
 *fill*         0x000000000800b494        0xc 00
 .rodata.commands
                0x000000000800b4a0       0x28 build/obj/main.o
 *fill*         0x000000000800b4c8        0x8 00
 .rodata.usbcfg
                0x000000000800b4d0       0x10 build/obj/main.o
 .rodata.str1.4
                0x000000000800b4e0      0x1ac build/obj/main.o
                                        0x1b4 (size before relaxing)
 *fill*         0x000000000800b68c        0x4 00
 .rodata.vcom_device_descriptor_data
                0x000000000800b690       0x14 build/obj/main.o
 *fill*         0x000000000800b6a4        0xc 00
 .rodata.shell_cfg1
                0x000000000800b6b0        0x8 build/obj/main.o
 *fill*         0x000000000800b6b8        0x8 00
 .rodata.vcom_string0
                0x000000000800b6c0        0x4 build/obj/main.o
 *fill*         0x000000000800b6c4        0xc 00
 .rodata.vcom_string1
                0x000000000800b6d0       0x28 build/obj/main.o
 *fill*         0x000000000800b6f8        0x8 00
 .rodata.states.7417
                0x000000000800b700       0x3c build/obj/main.o
 *fill*         0x000000000800b73c        0x4 00
 .rodata.vcom_string3
                0x000000000800b740        0x8 build/obj/main.o
 *fill*         0x000000000800b748        0x8 00
 .rodata.vcom_strings
                0x000000000800b750       0x20 build/obj/main.o
 .rodata.serusbcfg
                0x000000000800b770        0x4 build/obj/main.o
 *fill*         0x000000000800b774        0xc 00
 .rodata.vcom_device_descriptor
                0x000000000800b780        0x8 build/obj/main.o
 *fill*         0x000000000800b788        0x8 00
 .rodata._ctype_
                0x000000000800b790      0x101 /home/formica/toolchains/arm-cs-tools/bin/../lib/gcc/arm-none-eabi/4.6.3/../../../../arm-none-eabi/lib/thumb2/libc.a(lib_a-ctype_.o)
                0x000000000800b790                _ctype_
 *(.glue_7t)
 .glue_7t       0x0000000000000000        0x0 linker stubs
 *(.glue_7)
 .glue_7        0x0000000000000000        0x0 linker stubs
 *(.gcc*)

.vfp11_veneer   0x000000000800b894        0x0
 .vfp11_veneer  0x0000000000000000        0x0 linker stubs

.v4_bx          0x000000000800b894        0x0
 .v4_bx         0x0000000000000000        0x0 linker stubs

.iplt           0x000000000800b894        0x0
 .iplt          0x0000000000000000        0x0 build/obj/crt0.o

.rel.dyn        0x000000000800b894        0x0
 .rel.iplt      0x0000000000000000        0x0 build/obj/crt0.o

.ARM.extab
 *(.ARM.extab* .gnu.linkonce.armextab.*)

.ARM.exidx      0x000000000800b891        0x0
                0x000000000800b891                PROVIDE (__exidx_start, .)
 *(.ARM.exidx* .gnu.linkonce.armexidx.*)
                0x000000000800b891                PROVIDE (__exidx_end, .)

.eh_frame_hdr
 *(.eh_frame_hdr)

.eh_frame
 *(.eh_frame)

.textalign      0x000000000800b891        0x7
                0x000000000800b898                . = ALIGN (0x8)
 *fill*         0x000000000800b891        0x7 00
                0x000000000800b898                _etext = .
                0x000000000800b898                _textdata = _etext

.stacks         0x0000000020000000      0x800
                0x0000000020000000                . = ALIGN (0x8)
                0x0000000020000000                __main_stack_base__ = .
                0x0000000020000400                . = (. + __main_stack_size__)
 *fill*         0x0000000020000000      0x400 00
                0x0000000020000400                . = ALIGN (0x8)
                0x0000000020000400                __main_stack_end__ = .
                0x0000000020000400                __process_stack_base__ = .
                0x0000000020000400                __main_thread_stack_base__ = .
                0x0000000020000800                . = (. + __process_stack_size__)
 *fill*         0x0000000020000400      0x400 00
                0x0000000020000800                . = ALIGN (0x8)
                0x0000000020000800                __process_stack_end__ = .
                0x0000000020000800                __main_thread_stack_end__ = .

.data           0x0000000020000800      0x4e0 load address 0x000000000800b898
                0x0000000020000800                . = ALIGN (0x4)
                0x0000000020000800                PROVIDE (_data, .)
 *(.data)
                0x0000000020000800                . = ALIGN (0x4)
 *(.data.*)
 .data.sem1     0x0000000020000800        0xc build/obj/testsem.o
 .data.m1       0x000000002000080c       0x10 build/obj/testmtx.o
 .data.m2       0x000000002000081c       0x10 build/obj/testmtx.o
 .data.c1       0x000000002000082c        0x8 build/obj/testmtx.o
 .data.mb1      0x0000000020000834       0x28 build/obj/testmbox.o
 .data.es1      0x000000002000085c        0x4 build/obj/testevt.o
 .data.es2      0x0000000020000860        0x4 build/obj/testevt.o
 .data.mp1      0x0000000020000864        0xc build/obj/testpools.o
 .data.oq       0x0000000020000870       0x24 build/obj/testqueues.o
 .data.iq       0x0000000020000894       0x24 build/obj/testqueues.o
 .data.linecoding
                0x00000000200008b8        0x8 build/obj/serial_usb.o
 .data.local_commands
                0x00000000200008c0       0x18 build/obj/shell.o
 .data.buf.7432
                0x00000000200008d8      0x404 build/obj/main.o
 .data.__ctype_ptr__
                0x0000000020000cdc        0x4 /home/formica/toolchains/arm-cs-tools/bin/../lib/gcc/arm-none-eabi/4.6.3/../../../../arm-none-eabi/lib/thumb2/libc.a(lib_a-ctype_.o)
                0x0000000020000cdc                __ctype_ptr__
                0x0000000020000ce0                . = ALIGN (0x4)
 *(.ramtext)
                0x0000000020000ce0                . = ALIGN (0x4)
                0x0000000020000ce0                PROVIDE (_edata, .)

.igot.plt       0x0000000020000ce0        0x0 load address 0x000000000800bd78
 .igot.plt      0x0000000000000000        0x0 build/obj/crt0.o

.bss            0x0000000020000ce0     0x10b4 load address 0x000000000800bd78
                0x0000000020000ce0                . = ALIGN (0x4)
                0x0000000020000ce0                PROVIDE (_bss_start, .)
 *(.bss)
                0x0000000020000ce0                . = ALIGN (0x4)
 *(.bss.*)
 .bss.mainthread.4697
                0x0000000020000ce0       0x4c build/obj/chsys.o
 *fill*         0x0000000020000d2c        0x4 00
 .bss._idle_thread_wa
                0x0000000020000d30       0xc0 build/obj/chsys.o
                0x0000000020000d30                _idle_thread_wa
 .bss.dbg_isr_cnt
                0x0000000020000df0        0x4 build/obj/chdebug.o
                0x0000000020000df0                dbg_isr_cnt
 .bss.dbg_trace_buffer
                0x0000000020000df4      0x408 build/obj/chdebug.o
                0x0000000020000df4                dbg_trace_buffer
 .bss.dbg_lock_cnt
                0x00000000200011fc        0x4 build/obj/chdebug.o
                0x00000000200011fc                dbg_lock_cnt
 .bss.dbg_panic_msg
                0x0000000020001200        0x4 build/obj/chdebug.o
                0x0000000020001200                dbg_panic_msg
 .bss.vtlist    0x0000000020001204       0x10 build/obj/chvt.o
                0x0000000020001204                vtlist
 .bss.rlist     0x0000000020001214       0x1c build/obj/chschd.o
                0x0000000020001214                rlist
 .bss.endmem    0x0000000020001230        0x4 build/obj/chmemcore.o
 .bss.nextmem   0x0000000020001234        0x4 build/obj/chmemcore.o
 .bss.default_heap
                0x0000000020001238       0x20 build/obj/chheap.o
 .bss.test      0x0000000020001258      0x5f0 build/obj/test.o
                0x0000000020001258                test
 .bss.failpoint
                0x0000000020001848        0x4 build/obj/test.o
 .bss.local_fail
                0x000000002000184c        0x4 build/obj/test.o
 .bss.test_timer_done
                0x0000000020001850        0x4 build/obj/test.o
                0x0000000020001850                test_timer_done
 .bss.tokp      0x0000000020001854        0x4 build/obj/test.o
 .bss.global_fail
                0x0000000020001858        0x4 build/obj/test.o
 .bss.vt        0x000000002000185c       0x14 build/obj/test.o
 .bss.threads   0x0000000020001870       0x14 build/obj/test.o
                0x0000000020001870                threads
 .bss.chp       0x0000000020001884        0x4 build/obj/test.o
 .bss.tokens_buffer
                0x0000000020001888       0x10 build/obj/test.o
 .bss.test_heap
                0x0000000020001898       0x20 build/obj/testheap.o
 .bss.mp1       0x00000000200018b8        0xc build/obj/testdyn.o
 *fill*         0x00000000200018c4        0x4 00
 .bss.heap1     0x00000000200018c8       0x20 build/obj/testdyn.o
 .bss.ib.4844   0x00000000200018e8       0x10 build/obj/testbmk.o
 .bss.mtx1      0x00000000200018f8       0x10 build/obj/testbmk.o
 .bss.vt1.4857  0x0000000020001908       0x14 build/obj/testbmk.o
 .bss.vt2.4858  0x000000002000191c       0x14 build/obj/testbmk.o
 .bss.sem1      0x0000000020001930        0xc build/obj/testbmk.o
 .bss.iq.4845   0x000000002000193c       0x24 build/obj/testbmk.o
 .bss.measurement_offset
                0x0000000020001960        0x4 build/obj/tm.o
 .bss.USBD1     0x0000000020001964       0x50 build/obj/usb_lld.o
                0x0000000020001964                USBD1
 .bss.ep0_state
                0x00000000200019b4       0x14 build/obj/usb_lld.o
 .bss.ep0setup_buffer
                0x00000000200019c8        0x8 build/obj/usb_lld.o
 .bss.shell_terminated
                0x00000000200019d0        0x4 build/obj/shell.o
                0x00000000200019d0                shell_terminated
 .bss.ep2instate
                0x00000000200019d4       0x10 build/obj/main.o
 *fill*         0x00000000200019e4        0x4 00
 .bss.waThread1
                0x00000000200019e8      0x130 build/obj/main.o
 .bss.SDU1      0x0000000020001b18      0x258 build/obj/main.o
 .bss.ep1instate
                0x0000000020001d70       0x10 build/obj/main.o
 .bss.ep1outstate
                0x0000000020001d80       0x14 build/obj/main.o
                0x0000000020001d94                . = ALIGN (0x4)
 *(COMMON)
                0x0000000020001d94                . = ALIGN (0x4)
                0x0000000020001d94                PROVIDE (_bss_end, .)
                0x0000000020001d94                PROVIDE (end, .)
                0x0000000020001d94                _end = .
                0x0000000020001d94                __heap_base__ = _end
                0x0000000020005000                __heap_end__ = __ram_end__
OUTPUT(build/ch.elf elf32-littlearm)

.debug_info     0x0000000000000000    0x18320
 .debug_info    0x0000000000000000      0x29c build/obj/crt0.o
 .debug_info    0x000000000000029c      0x1e0 build/obj/vectors.o
 .debug_info    0x000000000000047c       0x8b build/obj/chcore.o
 .debug_info    0x0000000000000507      0x807 build/obj/chcore_v7m.o
 .debug_info    0x0000000000000d0e      0x439 build/obj/nvic.o
 .debug_info    0x0000000000001147      0x7c7 build/obj/chsys.o
 .debug_info    0x000000000000190e      0x95a build/obj/chdebug.o
 .debug_info    0x0000000000002268      0x273 build/obj/chvt.o
 .debug_info    0x00000000000024db      0x8c3 build/obj/chschd.o
 .debug_info    0x0000000000002d9e      0xb53 build/obj/chthreads.o
 .debug_info    0x00000000000038f1      0x782 build/obj/chdynamic.o
 .debug_info    0x0000000000004073      0x688 build/obj/chregistry.o
 .debug_info    0x00000000000046fb      0xa04 build/obj/chsem.o
 .debug_info    0x00000000000050ff      0x969 build/obj/chmtx.o
 .debug_info    0x0000000000005a68      0x8a7 build/obj/chcond.o
 .debug_info    0x000000000000630f      0xd20 build/obj/chevents.o
 .debug_info    0x000000000000702f      0x659 build/obj/chmsg.o
 .debug_info    0x0000000000007688      0x8be build/obj/chmboxes.o
 .debug_info    0x0000000000007f46      0xb78 build/obj/chqueues.o
 .debug_info    0x0000000000008abe      0x1da build/obj/chmemcore.o
 .debug_info    0x0000000000008c98      0x667 build/obj/chheap.o
 .debug_info    0x00000000000092ff      0x2ff build/obj/chmempools.o
 .debug_info    0x00000000000095fe      0xe77 build/obj/test.o
 .debug_info    0x000000000000a475      0x7c6 build/obj/testthd.o
 .debug_info    0x000000000000ac3b      0x998 build/obj/testsem.o
 .debug_info    0x000000000000b5d3      0xc04 build/obj/testmtx.o
 .debug_info    0x000000000000c1d7      0x592 build/obj/testmsg.o
 .debug_info    0x000000000000c769      0xe24 build/obj/testmbox.o
 .debug_info    0x000000000000d58d      0x954 build/obj/testevt.o
 .debug_info    0x000000000000dee1      0x683 build/obj/testheap.o
 .debug_info    0x000000000000e564      0x260 build/obj/testpools.o
 .debug_info    0x000000000000e7c4      0x8c2 build/obj/testdyn.o
 .debug_info    0x000000000000f086     0x1125 build/obj/testqueues.o
 .debug_info    0x00000000000101ab      0xd21 build/obj/testbmk.o
 .debug_info    0x0000000000010ecc      0x2d8 build/obj/hal.o
 .debug_info    0x00000000000111a4     0x140b build/obj/serial_usb.o
 .debug_info    0x00000000000125af      0x2cf build/obj/tm.o
 .debug_info    0x000000000001287e     0x1247 build/obj/usb.o
 .debug_info    0x0000000000013ac5      0x3a3 build/obj/hal_lld.o
 .debug_info    0x0000000000013e68      0x38a build/obj/pal_lld.o
 .debug_info    0x00000000000141f2     0x179f build/obj/usb_lld.o
 .debug_info    0x0000000000015991      0x177 build/obj/board.o
 .debug_info    0x0000000000015b08      0xd23 build/obj/shell.o
 .debug_info    0x000000000001682b      0x48a build/obj/chprintf.o
 .debug_info    0x0000000000016cb5     0x166b build/obj/main.o

.debug_abbrev   0x0000000000000000     0x5552
 .debug_abbrev  0x0000000000000000       0xd9 build/obj/crt0.o
 .debug_abbrev  0x00000000000000d9       0xae build/obj/vectors.o
 .debug_abbrev  0x0000000000000187       0x41 build/obj/chcore.o
 .debug_abbrev  0x00000000000001c8      0x18e build/obj/chcore_v7m.o
 .debug_abbrev  0x0000000000000356       0xec build/obj/nvic.o
 .debug_abbrev  0x0000000000000442      0x187 build/obj/chsys.o
 .debug_abbrev  0x00000000000005c9      0x210 build/obj/chdebug.o
 .debug_abbrev  0x00000000000007d9      0x12c build/obj/chvt.o
 .debug_abbrev  0x0000000000000905      0x28a build/obj/chschd.o
 .debug_abbrev  0x0000000000000b8f      0x2a5 build/obj/chthreads.o
 .debug_abbrev  0x0000000000000e34      0x196 build/obj/chdynamic.o
 .debug_abbrev  0x0000000000000fca      0x148 build/obj/chregistry.o
 .debug_abbrev  0x0000000000001112      0x24d build/obj/chsem.o
 .debug_abbrev  0x000000000000135f      0x237 build/obj/chmtx.o
 .debug_abbrev  0x0000000000001596      0x22f build/obj/chcond.o
 .debug_abbrev  0x00000000000017c5      0x269 build/obj/chevents.o
 .debug_abbrev  0x0000000000001a2e      0x1ae build/obj/chmsg.o
 .debug_abbrev  0x0000000000001bdc      0x1be build/obj/chmboxes.o
 .debug_abbrev  0x0000000000001d9a      0x298 build/obj/chqueues.o
 .debug_abbrev  0x0000000000002032       0xfd build/obj/chmemcore.o
 .debug_abbrev  0x000000000000212f      0x1a3 build/obj/chheap.o
 .debug_abbrev  0x00000000000022d2      0x124 build/obj/chmempools.o
 .debug_abbrev  0x00000000000023f6      0x40e build/obj/test.o
 .debug_abbrev  0x0000000000002804      0x208 build/obj/testthd.o
 .debug_abbrev  0x0000000000002a0c      0x269 build/obj/testsem.o
 .debug_abbrev  0x0000000000002c75      0x283 build/obj/testmtx.o
 .debug_abbrev  0x0000000000002ef8      0x164 build/obj/testmsg.o
 .debug_abbrev  0x000000000000305c      0x1d1 build/obj/testmbox.o
 .debug_abbrev  0x000000000000322d      0x25b build/obj/testevt.o
 .debug_abbrev  0x0000000000003488      0x19d build/obj/testheap.o
 .debug_abbrev  0x0000000000003625      0x161 build/obj/testpools.o
 .debug_abbrev  0x0000000000003786      0x204 build/obj/testdyn.o
 .debug_abbrev  0x000000000000398a      0x244 build/obj/testqueues.o
 .debug_abbrev  0x0000000000003bce      0x2a8 build/obj/testbmk.o
 .debug_abbrev  0x0000000000003e76      0x16e build/obj/hal.o
 .debug_abbrev  0x0000000000003fe4      0x2f8 build/obj/serial_usb.o
 .debug_abbrev  0x00000000000042dc      0x1af build/obj/tm.o
 .debug_abbrev  0x000000000000448b      0x2e5 build/obj/usb.o
 .debug_abbrev  0x0000000000004770       0xf6 build/obj/hal_lld.o
 .debug_abbrev  0x0000000000004866      0x138 build/obj/pal_lld.o
 .debug_abbrev  0x000000000000499e      0x3d5 build/obj/usb_lld.o
 .debug_abbrev  0x0000000000004d73       0xa9 build/obj/board.o
 .debug_abbrev  0x0000000000004e1c      0x2ae build/obj/shell.o
 .debug_abbrev  0x00000000000050ca      0x1a0 build/obj/chprintf.o
 .debug_abbrev  0x000000000000526a      0x2e8 build/obj/main.o

.debug_loc      0x0000000000000000     0xa581
 .debug_loc     0x0000000000000000       0x96 build/obj/crt0.o
 .debug_loc     0x0000000000000096      0x114 build/obj/chcore_v7m.o
 .debug_loc     0x00000000000001aa      0x115 build/obj/nvic.o
 .debug_loc     0x00000000000002bf       0xed build/obj/chsys.o
 .debug_loc     0x00000000000003ac      0x1fa build/obj/chdebug.o
 .debug_loc     0x00000000000005a6      0x138 build/obj/chvt.o
 .debug_loc     0x00000000000006de      0x344 build/obj/chschd.o
 .debug_loc     0x0000000000000a22      0x657 build/obj/chthreads.o
 .debug_loc     0x0000000000001079      0x324 build/obj/chdynamic.o
 .debug_loc     0x000000000000139d       0xf4 build/obj/chregistry.o
 .debug_loc     0x0000000000001491      0x6a4 build/obj/chsem.o
 .debug_loc     0x0000000000001b35      0x59d build/obj/chmtx.o
 .debug_loc     0x00000000000020d2      0x508 build/obj/chcond.o
 .debug_loc     0x00000000000025da      0x9d3 build/obj/chevents.o
 .debug_loc     0x0000000000002fad      0x1ef build/obj/chmsg.o
 .debug_loc     0x000000000000319c      0x615 build/obj/chmboxes.o
 .debug_loc     0x00000000000037b1      0x72b build/obj/chqueues.o
 .debug_loc     0x0000000000003edc       0xcb build/obj/chmemcore.o
 .debug_loc     0x0000000000003fa7      0x2c8 build/obj/chheap.o
 .debug_loc     0x000000000000426f      0x32f build/obj/chmempools.o
 .debug_loc     0x000000000000459e      0x614 build/obj/test.o
 .debug_loc     0x0000000000004bb2      0x1d2 build/obj/testthd.o
 .debug_loc     0x0000000000004d84      0x361 build/obj/testsem.o
 .debug_loc     0x00000000000050e5      0x651 build/obj/testmtx.o
 .debug_loc     0x0000000000005736       0xe0 build/obj/testmsg.o
 .debug_loc     0x0000000000005816      0x5f3 build/obj/testmbox.o
 .debug_loc     0x0000000000005e09      0x25f build/obj/testevt.o
 .debug_loc     0x0000000000006068      0x1a2 build/obj/testheap.o
 .debug_loc     0x000000000000620a      0x11b build/obj/testpools.o
 .debug_loc     0x0000000000006325      0x23e build/obj/testdyn.o
 .debug_loc     0x0000000000006563      0x832 build/obj/testqueues.o
 .debug_loc     0x0000000000006d95      0x5fb build/obj/testbmk.o
 .debug_loc     0x0000000000007390       0x8f build/obj/hal.o
 .debug_loc     0x000000000000741f      0x717 build/obj/serial_usb.o
 .debug_loc     0x0000000000007b36       0x97 build/obj/tm.o
 .debug_loc     0x0000000000007bcd      0x955 build/obj/usb.o
 .debug_loc     0x0000000000008522       0x20 build/obj/hal_lld.o
 .debug_loc     0x0000000000008542      0x24c build/obj/pal_lld.o
 .debug_loc     0x000000000000878e      0xafe build/obj/usb_lld.o
 .debug_loc     0x000000000000928c      0x66e build/obj/shell.o
 .debug_loc     0x00000000000098fa      0x88d build/obj/chprintf.o
 .debug_loc     0x000000000000a187      0x3fa build/obj/main.o

.debug_aranges  0x0000000000000000      0xf78
 .debug_aranges
                0x0000000000000000       0x38 build/obj/crt0.o
 .debug_aranges
                0x0000000000000038       0x20 build/obj/vectors.o
 .debug_aranges
                0x0000000000000058       0x20 build/obj/chcore.o
 .debug_aranges
                0x0000000000000078       0x50 build/obj/chcore_v7m.o
 .debug_aranges
                0x00000000000000c8       0x30 build/obj/nvic.o
 .debug_aranges
                0x00000000000000f8       0x30 build/obj/chsys.o
 .debug_aranges
                0x0000000000000128       0x88 build/obj/chdebug.o
 .debug_aranges
                0x00000000000001b0       0x38 build/obj/chvt.o
 .debug_aranges
                0x00000000000001e8       0x68 build/obj/chschd.o
 .debug_aranges
                0x0000000000000250       0x80 build/obj/chthreads.o
 .debug_aranges
                0x00000000000002d0       0x38 build/obj/chdynamic.o
 .debug_aranges
                0x0000000000000308       0x28 build/obj/chregistry.o
 .debug_aranges
                0x0000000000000330       0x70 build/obj/chsem.o
 .debug_aranges
                0x00000000000003a0       0x58 build/obj/chmtx.o
 .debug_aranges
                0x00000000000003f8       0x60 build/obj/chcond.o
 .debug_aranges
                0x0000000000000458       0xa0 build/obj/chevents.o
 .debug_aranges
                0x00000000000004f8       0x30 build/obj/chmsg.o
 .debug_aranges
                0x0000000000000528       0x70 build/obj/chmboxes.o
 .debug_aranges
                0x0000000000000598       0x70 build/obj/chqueues.o
 .debug_aranges
                0x0000000000000608       0x38 build/obj/chmemcore.o
 .debug_aranges
                0x0000000000000640       0x40 build/obj/chheap.o
 .debug_aranges
                0x0000000000000680       0x48 build/obj/chmempools.o
 .debug_aranges
                0x00000000000006c8       0x98 build/obj/test.o
 .debug_aranges
                0x0000000000000760       0x40 build/obj/testthd.o
 .debug_aranges
                0x00000000000007a0       0x70 build/obj/testsem.o
 .debug_aranges
                0x0000000000000810      0x108 build/obj/testmtx.o
 .debug_aranges
                0x0000000000000918       0x28 build/obj/testmsg.o
 .debug_aranges
                0x0000000000000940       0x28 build/obj/testmbox.o
 .debug_aranges
                0x0000000000000968       0x70 build/obj/testevt.o
 .debug_aranges
                0x00000000000009d8       0x28 build/obj/testheap.o
 .debug_aranges
                0x0000000000000a00       0x30 build/obj/testpools.o
 .debug_aranges
                0x0000000000000a30       0x58 build/obj/testdyn.o
 .debug_aranges
                0x0000000000000a88       0x50 build/obj/testqueues.o
 .debug_aranges
                0x0000000000000ad8       0xd0 build/obj/testbmk.o
 .debug_aranges
                0x0000000000000ba8       0x30 build/obj/hal.o
 .debug_aranges
                0x0000000000000bd8       0xb0 build/obj/serial_usb.o
 .debug_aranges
                0x0000000000000c88       0x38 build/obj/tm.o
 .debug_aranges
                0x0000000000000cc0       0xb0 build/obj/usb.o
 .debug_aranges
                0x0000000000000d70       0x28 build/obj/hal_lld.o
 .debug_aranges
                0x0000000000000d98       0x28 build/obj/pal_lld.o
 .debug_aranges
                0x0000000000000dc0       0xc0 build/obj/usb_lld.o
 .debug_aranges
                0x0000000000000e80       0x28 build/obj/board.o
 .debug_aranges
                0x0000000000000ea8       0x58 build/obj/shell.o
 .debug_aranges
                0x0000000000000f00       0x20 build/obj/chprintf.o
 .debug_aranges
                0x0000000000000f20       0x58 build/obj/main.o

.debug_ranges   0x0000000000000000     0x1eb0
 .debug_ranges  0x0000000000000000       0x58 build/obj/crt0.o
 .debug_ranges  0x0000000000000058       0x10 build/obj/vectors.o
 .debug_ranges  0x0000000000000068       0x10 build/obj/chcore.o
 .debug_ranges  0x0000000000000078       0x58 build/obj/chcore_v7m.o
 .debug_ranges  0x00000000000000d0       0x20 build/obj/nvic.o
 .debug_ranges  0x00000000000000f0       0x20 build/obj/chsys.o
 .debug_ranges  0x0000000000000110       0xf0 build/obj/chdebug.o
 .debug_ranges  0x0000000000000200       0x28 build/obj/chvt.o
 .debug_ranges  0x0000000000000228      0x1d8 build/obj/chschd.o
 .debug_ranges  0x0000000000000400      0x118 build/obj/chthreads.o
 .debug_ranges  0x0000000000000518       0x58 build/obj/chdynamic.o
 .debug_ranges  0x0000000000000570       0x18 build/obj/chregistry.o
 .debug_ranges  0x0000000000000588      0x280 build/obj/chsem.o
 .debug_ranges  0x0000000000000808      0x230 build/obj/chmtx.o
 .debug_ranges  0x0000000000000a38      0x110 build/obj/chcond.o
 .debug_ranges  0x0000000000000b48       0xf0 build/obj/chevents.o
 .debug_ranges  0x0000000000000c38       0x40 build/obj/chmsg.o
 .debug_ranges  0x0000000000000c78       0xa8 build/obj/chmboxes.o
 .debug_ranges  0x0000000000000d20       0xa8 build/obj/chqueues.o
 .debug_ranges  0x0000000000000dc8       0x40 build/obj/chmemcore.o
 .debug_ranges  0x0000000000000e08       0x30 build/obj/chheap.o
 .debug_ranges  0x0000000000000e38       0x50 build/obj/chmempools.o
 .debug_ranges  0x0000000000000e88      0x148 build/obj/test.o
 .debug_ranges  0x0000000000000fd0       0x78 build/obj/testthd.o
 .debug_ranges  0x0000000000001048       0xf0 build/obj/testsem.o
 .debug_ranges  0x0000000000001138      0x110 build/obj/testmtx.o
 .debug_ranges  0x0000000000001248       0x18 build/obj/testmsg.o
 .debug_ranges  0x0000000000001260       0x18 build/obj/testmbox.o
 .debug_ranges  0x0000000000001278       0x90 build/obj/testevt.o
 .debug_ranges  0x0000000000001308       0x18 build/obj/testheap.o
 .debug_ranges  0x0000000000001320       0x50 build/obj/testpools.o
 .debug_ranges  0x0000000000001370       0x48 build/obj/testdyn.o
 .debug_ranges  0x00000000000013b8      0x150 build/obj/testqueues.o
 .debug_ranges  0x0000000000001508       0xc0 build/obj/testbmk.o
 .debug_ranges  0x00000000000015c8       0x50 build/obj/hal.o
 .debug_ranges  0x0000000000001618       0xd0 build/obj/serial_usb.o
 .debug_ranges  0x00000000000016e8       0x60 build/obj/tm.o
 .debug_ranges  0x0000000000001748       0xd0 build/obj/usb.o
 .debug_ranges  0x0000000000001818       0x38 build/obj/hal_lld.o
 .debug_ranges  0x0000000000001850       0x18 build/obj/pal_lld.o
 .debug_ranges  0x0000000000001868      0x310 build/obj/usb_lld.o
 .debug_ranges  0x0000000000001b78       0x18 build/obj/board.o
 .debug_ranges  0x0000000000001b90      0x110 build/obj/shell.o
 .debug_ranges  0x0000000000001ca0      0x118 build/obj/chprintf.o
 .debug_ranges  0x0000000000001db8       0xf8 build/obj/main.o

.debug_line     0x0000000000000000     0x7b87
 .debug_line    0x0000000000000000      0x155 build/obj/crt0.o
 .debug_line    0x0000000000000155       0xd8 build/obj/vectors.o
 .debug_line    0x000000000000022d       0x56 build/obj/chcore.o
 .debug_line    0x0000000000000283      0x209 build/obj/chcore_v7m.o
 .debug_line    0x000000000000048c      0x117 build/obj/nvic.o
 .debug_line    0x00000000000005a3      0x1b1 build/obj/chsys.o
 .debug_line    0x0000000000000754      0x32e build/obj/chdebug.o
 .debug_line    0x0000000000000a82      0x19c build/obj/chvt.o
 .debug_line    0x0000000000000c1e      0x35d build/obj/chschd.o
 .debug_line    0x0000000000000f7b      0x39d build/obj/chthreads.o
 .debug_line    0x0000000000001318      0x266 build/obj/chdynamic.o
 .debug_line    0x000000000000157e      0x1e7 build/obj/chregistry.o
 .debug_line    0x0000000000001765      0x479 build/obj/chsem.o
 .debug_line    0x0000000000001bde      0x3aa build/obj/chmtx.o
 .debug_line    0x0000000000001f88      0x2ce build/obj/chcond.o
 .debug_line    0x0000000000002256      0x363 build/obj/chevents.o
 .debug_line    0x00000000000025b9      0x1ce build/obj/chmsg.o
 .debug_line    0x0000000000002787      0x2c2 build/obj/chmboxes.o
 .debug_line    0x0000000000002a49      0x3c5 build/obj/chqueues.o
 .debug_line    0x0000000000002e0e      0x16f build/obj/chmemcore.o
 .debug_line    0x0000000000002f7d      0x2b0 build/obj/chheap.o
 .debug_line    0x000000000000322d      0x208 build/obj/chmempools.o
 .debug_line    0x0000000000003435      0x4e6 build/obj/test.o
 .debug_line    0x000000000000391b      0x1f3 build/obj/testthd.o
 .debug_line    0x0000000000003b0e      0x2ea build/obj/testsem.o
 .debug_line    0x0000000000003df8      0x4af build/obj/testmtx.o
 .debug_line    0x00000000000042a7      0x17e build/obj/testmsg.o
 .debug_line    0x0000000000004425      0x203 build/obj/testmbox.o
 .debug_line    0x0000000000004628      0x28c build/obj/testevt.o
 .debug_line    0x00000000000048b4      0x217 build/obj/testheap.o